[2026-05-15 02:56:08] [INFO] ======================================================================
[2026-05-15 02:56:08] [INFO] TEP-J0437: TEMPORAL EQUIVALENCE PRINCIPLE DETECTION PIPELINE
[2026-05-15 02:56:08] [INFO] ======================================================================
[2026-05-15 02:56:08] [INFO] Execution started: 2026-05-15 02:56:08
[2026-05-15 02:56:08] [INFO] Working directory: /Users/matthewsmawfield/www/Temporal Equivalence Principle/TEP-J0437
[2026-05-15 02:56:08] [INFO] CPU cores available: 14
[2026-05-15 02:56:08] [INFO] 
Pipeline configuration: 50 steps
[2026-05-15 02:56:08] [INFO]   • Step 000 - Data Ingestion (Scintools ATNF)
[2026-05-15 02:56:08] [INFO]   • Step 001 - Parse Dynamic Spectra
[2026-05-15 02:56:08] [INFO]   • Step 002 - Secondary Spectrum Generation
[2026-05-15 02:56:08] [INFO]   • Step 003 - Closure Delay Extraction
[2026-05-15 02:56:08] [INFO]   • Step 004 - Verification & Validation
[2026-05-15 02:56:08] [INFO]   • Step 005 - Enhanced Validation
[2026-05-15 02:56:08] [INFO]   • Step 006 - Advanced Validation
[2026-05-15 02:56:08] [INFO]   • Step 007 - Independent Statistical Validation
[2026-05-15 02:56:08] [INFO]   • Step 008 - Alternative Explanations Testing
[2026-05-15 02:56:08] [INFO]   • Step 009 - Parameter Sensitivity Analysis
[2026-05-15 02:56:08] [INFO]   • Step 010 - Comprehensive Data Quality Metrics
[2026-05-15 02:56:08] [INFO]   • Step 011 - ISM Density Profile Modeling
[2026-05-15 02:56:08] [INFO]   • Step 012 - Environmental Dependence Analysis
[2026-05-15 02:56:08] [INFO]   • Step 014 - Synthetic Data Validation
[2026-05-15 02:56:08] [INFO]   • Step 015 - Blind Analysis Validation
[2026-05-15 02:56:08] [INFO]   • Step 016 - Control Pulsar Analysis
[2026-05-15 02:56:08] [INFO]   • Step 017 - Orientation Algorithm Documentation
[2026-05-15 02:56:08] [INFO]   • Step 019 - Systematic Monte Carlo
[2026-05-15 02:56:08] [INFO]   • Step 020 - Replication Readiness
[2026-05-15 02:56:08] [INFO]   • Step 021 - Epoch-Level Significance Analysis
[2026-05-15 02:56:08] [INFO]   • Step 022 - Q4 Dominance Mechanism Investigation
[2026-05-15 02:56:08] [INFO]   • Step 023 - SNR Correlation Analysis
[2026-05-15 02:56:08] [INFO]   • Step 024 - Multi-Pulsar Ingestion
[2026-05-15 02:56:08] [INFO]   • Step 025 - Random Triplet Subset Analysis
[2026-05-15 02:56:08] [INFO]   • Step 026 - SNR Correlation Investigation
[2026-05-15 02:56:08] [INFO]   • Step 027 - Alternative Selection Criteria
[2026-05-15 02:56:08] [INFO]   • Step 028 - Bayesian Hierarchical Model
[2026-05-15 02:56:08] [INFO]   • Step 029 - Jiamusi Analysis
[2026-05-15 02:56:08] [INFO]   • Step 030 - TEP Scaling Analysis
[2026-05-15 02:56:08] [INFO]   • Step 018 - Ensemble Scaling Analysis
[2026-05-15 02:56:08] [INFO]   • Step 031 - TEP Theoretical Predictions
[2026-05-15 02:56:08] [INFO]   • Step 032 - Detailed TEP Scaling
[2026-05-15 02:56:08] [INFO]   • Step 033 - Extract Eta from Arclets
[2026-05-15 02:56:08] [INFO]   • Step 034 - Extract Eta
[2026-05-15 02:56:08] [INFO]   • Step 035 - MeerKAT Analysis
[2026-05-15 02:56:08] [INFO]   • Step 036 - Synthetic Data Injection
[2026-05-15 02:56:08] [INFO]   • Step 037 - Multi-Telescope Validation
[2026-05-15 02:56:08] [INFO]   • Step 038 - Temporal Evolution
[2026-05-15 02:56:08] [INFO]   • Step 039 - Higher Order Closures
[2026-05-15 02:56:08] [INFO]   • Step 040 - Bootstrap Resampling
[2026-05-15 02:56:08] [INFO]   • Step 041 - Selection Bias Analysis
[2026-05-15 02:56:08] [INFO]   • Step 042 - Systematic Errors
[2026-05-15 02:56:08] [INFO]   • Step 043 - Chromatic Diagnostic
[2026-05-15 02:56:08] [INFO]   • Step 044 - Probabilistic Weighting
[2026-05-15 02:56:08] [INFO]   • Step 045 - Synthetic Threshold Degradation
[2026-05-15 02:56:08] [INFO]   • Step 046 - Signed-Delay Orbital Phase-Binning
[2026-05-15 02:56:08] [INFO]   • Step 047 - Velocity Direction Controls
[2026-05-15 02:56:08] [INFO]   • Step 048 - CMB Dipole Frame Analysis
[2026-05-15 02:56:08] [INFO]   • Step 013 - Falsification Criteria Automation
[2026-05-15 02:56:08] [INFO]   • Step 049 - Evidence Ledger
[2026-05-15 02:56:08] [INFO] ================================================================================
[2026-05-15 02:56:08] [INFO] PIPELINE STEP: Step 000 - Data Ingestion (Scintools ATNF)
[2026-05-15 02:56:08] [INFO] ================================================================================
[2026-05-15 02:56:08] [INFO] 
[2026-05-15 02:56:08] [INFO] DESCRIPTION:
[2026-05-15 02:56:08] [INFO]     Data acquisition from CSIRO Data Access Portal
[2026-05-15 02:56:08] [INFO] 
[2026-05-15 02:56:08] [INFO] PHYSICS CONTEXT:
[2026-05-15 02:56:08] [INFO]     Retrieving calibrated dynamic spectra for PSR J0437-4715 and PSR J1603-7202
[2026-05-15 02:56:08] [INFO] 
[2026-05-15 02:56:08] [INFO] METHODOLOGY:
[2026-05-15 02:56:08] [INFO]     DOI-resolved CSIRO DAP retrieval with SHA-256 manifest verification
[2026-05-15 02:56:08] [INFO] 
[2026-05-15 02:56:08] [INFO] EXECUTING...
[2026-05-15 02:56:08] [INFO] 
[2026-05-15 02:56:29] [INFO] ================================================================================
[2026-05-15 02:56:29] [INFO] STEP COMPLETED SUCCESSFULLY (21.2 seconds)
[2026-05-15 02:56:29] [INFO] ================================================================================
[2026-05-15 02:56:29] [INFO] ================================================================================
[2026-05-15 02:56:29] [INFO] PIPELINE STEP: Step 001 - Parse Dynamic Spectra
[2026-05-15 02:56:29] [INFO] ================================================================================
[2026-05-15 02:56:29] [INFO] 
[2026-05-15 02:56:29] [INFO] DESCRIPTION:
[2026-05-15 02:56:29] [INFO]     Dynamic spectrum calibration and parsing
[2026-05-15 02:56:29] [INFO] 
[2026-05-15 02:56:29] [INFO] PHYSICS CONTEXT:
[2026-05-15 02:56:29] [INFO]     Extracting intensity I(t,ν) from filterbank data
[2026-05-15 02:56:29] [INFO] 
[2026-05-15 02:56:29] [INFO] METHODOLOGY:
[2026-05-15 02:56:29] [INFO]     RFI masking, baseline subtraction, bandpass calibration
[2026-05-15 02:56:29] [INFO] 
[2026-05-15 02:56:29] [INFO] EXECUTING...
[2026-05-15 02:56:29] [INFO] 
[2026-05-15 02:56:37] [INFO] ================================================================================
[2026-05-15 02:56:37] [INFO] STEP COMPLETED SUCCESSFULLY (7.8 seconds)
[2026-05-15 02:56:37] [INFO] ================================================================================
[2026-05-15 02:56:37] [INFO] ================================================================================
[2026-05-15 02:56:37] [INFO] PIPELINE STEP: Step 002 - Secondary Spectrum Generation
[2026-05-15 02:56:37] [INFO] ================================================================================
[2026-05-15 02:56:37] [INFO] 
[2026-05-15 02:56:37] [INFO] DESCRIPTION:
[2026-05-15 02:56:37] [INFO]     Secondary spectrum computation S(τ, f_D)
[2026-05-15 02:56:37] [INFO] 
[2026-05-15 02:56:37] [INFO] PHYSICS CONTEXT:
[2026-05-15 02:56:37] [INFO]     2D Fourier transform of covariance C(Δt, Δν) = ⟨δI δI⟩
[2026-05-15 02:56:37] [INFO] 
[2026-05-15 02:56:37] [INFO] METHODOLOGY:
[2026-05-15 02:56:37] [INFO]     Vectorized FFT with conjugate symmetry optimization
[2026-05-15 02:56:37] [INFO] 
[2026-05-15 02:56:37] [INFO] EXECUTING...
[2026-05-15 02:56:37] [INFO] 
[2026-05-15 03:03:48] [INFO] ================================================================================
[2026-05-15 03:03:48] [INFO] STEP COMPLETED SUCCESSFULLY (431.0 seconds)
[2026-05-15 03:03:48] [INFO] ================================================================================
[2026-05-15 03:03:48] [INFO] ================================================================================
[2026-05-15 03:03:48] [INFO] PIPELINE STEP: Step 003 - Closure Delay Extraction
[2026-05-15 03:03:48] [INFO] ================================================================================
[2026-05-15 03:03:48] [INFO] 
[2026-05-15 03:03:48] [INFO] DESCRIPTION:
[2026-05-15 03:03:48] [INFO]     Closure delay extraction from arclet triplets (PARALLEL)
[2026-05-15 03:03:48] [INFO] 
[2026-05-15 03:03:48] [INFO] PHYSICS CONTEXT:
[2026-05-15 03:03:48] [INFO]     Measuring holonomy H = ∮ dτ_prop via triangulation
[2026-05-15 03:03:48] [INFO] 
[2026-05-15 03:03:48] [INFO] METHODOLOGY:
[2026-05-15 03:03:48] [INFO]     Parabolic fitting to arclets, parallel epoch processing with ProcessPoolExecutor
[2026-05-15 03:03:48] [INFO] 
[2026-05-15 03:03:48] [INFO] EXECUTING...
[2026-05-15 03:03:48] [INFO] 
[2026-05-15 03:04:54] [INFO] ================================================================================
[2026-05-15 03:04:54] [INFO] STEP COMPLETED SUCCESSFULLY (66.1 seconds)
[2026-05-15 03:04:54] [INFO] ================================================================================
[2026-05-15 03:04:54] [INFO] 
[2026-05-15 03:04:54] [INFO] ACTUAL RESULTS:
[2026-05-15 03:04:54] [INFO]     H_magnitude_ns: 8.1002 ns
[2026-05-15 03:04:54] [INFO]     H_trim_magnitude_ns: 21.9909 ns
[2026-05-15 03:04:54] [INFO]     t_statistic: 79.46
[2026-05-15 03:04:54] [INFO]     p_value: 0.00e+00
[2026-05-15 03:04:54] [INFO]     n_epochs: 1391
[2026-05-15 03:04:54] [INFO]     n_triplets: 19167
[2026-05-15 03:04:54] [INFO] ================================================================================
[2026-05-15 03:04:54] [INFO] PIPELINE STEP: Step 004 - Verification & Validation
[2026-05-15 03:04:54] [INFO] ================================================================================
[2026-05-15 03:04:54] [INFO] 
[2026-05-15 03:04:54] [INFO] DESCRIPTION:
[2026-05-15 03:04:54] [INFO]     Verification and validation of TEP detection
[2026-05-15 03:04:54] [INFO] 
[2026-05-15 03:04:54] [INFO] PHYSICS CONTEXT:
[2026-05-15 03:04:54] [INFO]     Testing robustness against alternative explanations and systematic errors
[2026-05-15 03:04:54] [INFO] 
[2026-05-15 03:04:54] [INFO] METHODOLOGY:
[2026-05-15 03:04:54] [INFO]     Independent verification, blind analysis, alternative ISM phenomenon tests
[2026-05-15 03:04:54] [INFO] 
[2026-05-15 03:04:54] [INFO] EXECUTING...
[2026-05-15 03:04:54] [INFO] 
[2026-05-15 03:04:56] [INFO] ================================================================================
[2026-05-15 03:04:56] [INFO] STEP COMPLETED SUCCESSFULLY (2.0 seconds)
[2026-05-15 03:04:56] [INFO] ================================================================================
[2026-05-15 03:04:56] [INFO] 
[2026-05-15 03:04:56] [INFO] VERIFICATION SUMMARY:
[2026-05-15 03:04:56] [INFO]     All verification tests have completed.
[2026-05-15 03:04:56] [INFO]     Results are available in:
[2026-05-15 03:04:56] [INFO]         results/independent_verification_results.json
[2026-05-15 03:04:56] [INFO]         results/blind_analysis_results.json
[2026-05-15 03:04:56] [INFO]         results/alternative_ism_tests_results.json
[2026-05-15 03:04:56] [INFO] ================================================================================
[2026-05-15 03:04:56] [INFO] PIPELINE STEP: Step 005 - Enhanced Validation
[2026-05-15 03:04:56] [INFO] ================================================================================
[2026-05-15 03:04:56] [INFO] 
[2026-05-15 03:04:56] [INFO] DESCRIPTION:
[2026-05-15 03:04:56] [INFO]     Enhanced validation addressing reviewer concerns
[2026-05-15 03:04:56] [INFO] 
[2026-05-15 03:04:56] [INFO] PHYSICS CONTEXT:
[2026-05-15 03:04:56] [INFO]     Advanced tests for systematic errors, alternative explanations, and theoretical framework
[2026-05-15 03:04:56] [INFO] 
[2026-05-15 03:04:56] [INFO] METHODOLOGY:
[2026-05-15 03:04:56] [INFO]     Improved GR null tests, advanced ISS tests, blind analysis, rigorous anisotropy derivation, weighted analysis verification
[2026-05-15 03:04:56] [INFO] 
[2026-05-15 03:04:56] [INFO] EXECUTING...
[2026-05-15 03:04:56] [INFO] 
[2026-05-15 03:04:57] [INFO] ================================================================================
[2026-05-15 03:04:57] [INFO] STEP COMPLETED SUCCESSFULLY (0.4 seconds)
[2026-05-15 03:04:57] [INFO] ================================================================================
[2026-05-15 03:04:57] [INFO] 
[2026-05-15 03:04:57] [INFO] ENHANCED VALIDATION SUMMARY:
[2026-05-15 03:04:57] [INFO]     All enhanced validation analyses have completed.
[2026-05-15 03:04:57] [INFO]     These address reviewer concerns and strengthen the detection.
[2026-05-15 03:04:57] [INFO]     Results are available in:
[2026-05-15 03:04:57] [INFO]         results/improved_gr_null_tests.json
[2026-05-15 03:04:57] [INFO]         results/advanced_ism_tests.json
[2026-05-15 03:04:57] [INFO]         results/blind_analysis_both_signs.json
[2026-05-15 03:04:57] [INFO]         results/rigorous_anisotropy_derivation.json
[2026-05-15 03:04:57] [INFO]         results/weighted_analysis_verification.json
[2026-05-15 03:04:57] [INFO]         results/tep_prediction_framework.json
[2026-05-15 03:04:57] [INFO] ================================================================================
[2026-05-15 03:04:57] [INFO] PIPELINE STEP: Step 006 - Advanced Validation
[2026-05-15 03:04:57] [INFO] ================================================================================
[2026-05-15 03:04:57] [INFO] 
[2026-05-15 03:04:57] [INFO] DESCRIPTION:
[2026-05-15 03:04:57] [INFO]     Advanced validation tests
[2026-05-15 03:04:57] [INFO] 
[2026-05-15 03:04:57] [INFO] PHYSICS CONTEXT:
[2026-05-15 03:04:57] [INFO]     Systematic error investigation for both-signs significance, aggregate mean deviation, stratified analysis
[2026-05-15 03:04:57] [INFO] 
[2026-05-15 03:04:57] [INFO] METHODOLOGY:
[2026-05-15 03:04:57] [INFO]     Both-signs systematic error test, aggregate mean deviation test, stratified analysis, sensitivity analysis, bootstrap reconciliation, orientation methodology verification
[2026-05-15 03:04:57] [INFO] 
[2026-05-15 03:04:57] [INFO] EXECUTING...
[2026-05-15 03:04:57] [INFO] 
[2026-05-15 03:04:59] [INFO] ================================================================================
[2026-05-15 03:04:59] [INFO] STEP COMPLETED SUCCESSFULLY (2.7 seconds)
[2026-05-15 03:04:59] [INFO] ================================================================================
[2026-05-15 03:04:59] [INFO] ================================================================================
[2026-05-15 03:04:59] [INFO] PIPELINE STEP: Step 007 - Independent Statistical Validation
[2026-05-15 03:04:59] [INFO] ================================================================================
[2026-05-15 03:04:59] [INFO] 
[2026-05-15 03:04:59] [INFO] DESCRIPTION:
[2026-05-15 03:04:59] [INFO]     Independent statistical validation
[2026-05-15 03:04:59] [INFO] 
[2026-05-15 03:04:59] [INFO] PHYSICS CONTEXT:
[2026-05-15 03:04:59] [INFO]     Cross-validation using multiple independent statistical approaches
[2026-05-15 03:04:59] [INFO] 
[2026-05-15 03:04:59] [INFO] METHODOLOGY:
[2026-05-15 03:04:59] [INFO]     Effect size measures, robust statistics, permutation tests, cross-validation, Bayesian model comparison, outlier robustness analysis
[2026-05-15 03:04:59] [INFO] 
[2026-05-15 03:04:59] [INFO] EXECUTING...
[2026-05-15 03:04:59] [INFO] 
[2026-05-15 03:05:00] [INFO] ================================================================================
[2026-05-15 03:05:00] [INFO] STEP COMPLETED SUCCESSFULLY (0.8 seconds)
[2026-05-15 03:05:00] [INFO] ================================================================================
[2026-05-15 03:05:00] [INFO] ================================================================================
[2026-05-15 03:05:00] [INFO] PIPELINE STEP: Step 008 - Alternative Explanations Testing
[2026-05-15 03:05:00] [INFO] ================================================================================
[2026-05-15 03:05:00] [INFO] 
[2026-05-15 03:05:00] [INFO] DESCRIPTION:
[2026-05-15 03:05:00] [INFO]     Alternative explanations testing
[2026-05-15 03:05:00] [INFO] 
[2026-05-15 03:05:00] [INFO] PHYSICS CONTEXT:
[2026-05-15 03:05:00] [INFO]     Systematic simulation of standard ISM and instrumental effects
[2026-05-15 03:05:00] [INFO] 
[2026-05-15 03:05:00] [INFO] METHODOLOGY:
[2026-05-15 03:05:00] [INFO]     Scattering geometry simulation, screen multiplicity simulation, velocity gradient simulation, instrumental systematic simulation, bipolar structure reproduction test
[2026-05-15 03:05:00] [INFO] 
[2026-05-15 03:05:00] [INFO] EXECUTING...
[2026-05-15 03:05:00] [INFO] 
[2026-05-15 03:13:00] [INFO] ================================================================================
[2026-05-15 03:13:00] [INFO] STEP COMPLETED SUCCESSFULLY (479.7 seconds)
[2026-05-15 03:13:00] [INFO] ================================================================================
[2026-05-15 03:13:00] [INFO] ================================================================================
[2026-05-15 03:13:00] [INFO] PIPELINE STEP: Step 009 - Parameter Sensitivity Analysis
[2026-05-15 03:13:00] [INFO] ================================================================================
[2026-05-15 03:13:00] [INFO] 
[2026-05-15 03:13:00] [INFO] DESCRIPTION:
[2026-05-15 03:13:00] [INFO]     Parameter sensitivity analysis
[2026-05-15 03:13:00] [INFO] 
[2026-05-15 03:13:00] [INFO] PHYSICS CONTEXT:
[2026-05-15 03:13:00] [INFO]     Testing robustness to parameter choices and threshold selections
[2026-05-15 03:13:00] [INFO] 
[2026-05-15 03:13:00] [INFO] METHODOLOGY:
[2026-05-15 03:13:00] [INFO]     CV threshold analysis, bootstrap sample size analysis, significance threshold analysis, edge margin analysis, SNR threshold analysis
[2026-05-15 03:13:00] [INFO] 
[2026-05-15 03:13:00] [INFO] EXECUTING...
[2026-05-15 03:13:00] [INFO] 
[2026-05-15 03:13:00] [INFO] ================================================================================
[2026-05-15 03:13:00] [INFO] STEP COMPLETED SUCCESSFULLY (0.1 seconds)
[2026-05-15 03:13:00] [INFO] ================================================================================
[2026-05-15 03:13:00] [INFO] ================================================================================
[2026-05-15 03:13:00] [INFO] PIPELINE STEP: Step 010 - Comprehensive Data Quality Metrics
[2026-05-15 03:13:00] [INFO] ================================================================================
[2026-05-15 03:13:00] [INFO] 
[2026-05-15 03:13:00] [INFO] DESCRIPTION:
[2026-05-15 03:13:00] [INFO]     Comprehensive data quality metrics
[2026-05-15 03:13:00] [INFO] 
[2026-05-15 03:13:00] [INFO] PHYSICS CONTEXT:
[2026-05-15 03:13:00] [INFO]     Assessment of dataset integrity and completeness
[2026-05-15 03:13:00] [INFO] 
[2026-05-15 03:13:00] [INFO] METHODOLOGY:
[2026-05-15 03:13:00] [INFO]     Overall dataset statistics, epoch-by-epoch quality metrics, SNR distribution analysis, temporal trend analysis, outlier detection, data completeness assessment
[2026-05-15 03:13:00] [INFO] 
[2026-05-15 03:13:00] [INFO] EXECUTING...
[2026-05-15 03:13:00] [INFO] 
[2026-05-15 03:13:00] [INFO] ================================================================================
[2026-05-15 03:13:00] [INFO] STEP COMPLETED SUCCESSFULLY (0.2 seconds)
[2026-05-15 03:13:00] [INFO] ================================================================================
[2026-05-15 03:13:00] [INFO] ================================================================================
[2026-05-15 03:13:00] [INFO] PIPELINE STEP: Step 011 - ISM Density Profile Modeling
[2026-05-15 03:13:00] [INFO] ================================================================================
[2026-05-15 03:13:00] [INFO] 
[2026-05-15 03:13:00] [INFO] DESCRIPTION:
[2026-05-15 03:13:00] [INFO]     ISM Temporal Topology and Temporal Shear modeling
[2026-05-15 03:13:00] [INFO] 
[2026-05-15 03:13:00] [INFO] PHYSICS CONTEXT:
[2026-05-15 03:13:00] [INFO]     TEP v0.8 Temporal Topology: screening as a continuous gradient suppression (∇φ), replacing legacy discrete approximations
[2026-05-15 03:13:00] [INFO] 
[2026-05-15 03:13:00] [INFO] METHODOLOGY:
[2026-05-15 03:13:00] [INFO]     Compute Temporal Topology φ(r; ρ) from density profile, derive Temporal Shear ∇φ, constrain B(φ) from observation
[2026-05-15 03:13:00] [INFO] 
[2026-05-15 03:13:00] [INFO] EXECUTING...
[2026-05-15 03:13:00] [INFO] 
[2026-05-15 03:13:00] [INFO] ================================================================================
[2026-05-15 03:13:00] [INFO] STEP COMPLETED SUCCESSFULLY (0.0 seconds)
[2026-05-15 03:13:00] [INFO] ================================================================================
[2026-05-15 03:13:00] [INFO] ================================================================================
[2026-05-15 03:13:00] [INFO] PIPELINE STEP: Step 012 - Environmental Dependence Analysis
[2026-05-15 03:13:00] [INFO] ================================================================================
[2026-05-15 03:13:00] [INFO] 
[2026-05-15 03:13:00] [INFO] DESCRIPTION:
[2026-05-15 03:13:00] [INFO]     Environmental dependence and Ambient Symmetry Restoration analysis
[2026-05-15 03:13:00] [INFO] 
[2026-05-15 03:13:00] [INFO] PHYSICS CONTEXT:
[2026-05-15 03:13:00] [INFO]     TEP v0.8 continuous gradient suppression: α_eff ∝ D^-1.6 scaling with Galactocentric distance
[2026-05-15 03:13:00] [INFO] 
[2026-05-15 03:13:00] [INFO] METHODOLOGY:
[2026-05-15 03:13:00] [INFO]     Temporal Shear scaling relations, Ambient Symmetry Restoration predictions, multi-pulsar replication framework
[2026-05-15 03:13:00] [INFO] 
[2026-05-15 03:13:00] [INFO] EXECUTING...
[2026-05-15 03:13:00] [INFO] 
[2026-05-15 03:13:00] [INFO] ================================================================================
[2026-05-15 03:13:00] [INFO] STEP COMPLETED SUCCESSFULLY (0.0 seconds)
[2026-05-15 03:13:00] [INFO] ================================================================================
[2026-05-15 03:13:00] [INFO] ================================================================================
[2026-05-15 03:13:00] [INFO] PIPELINE STEP: Step 014 - Synthetic Data Validation
[2026-05-15 03:13:00] [INFO] ================================================================================
[2026-05-15 03:13:00] [INFO] 
[2026-05-15 03:13:00] [INFO] DESCRIPTION:
[2026-05-15 03:13:00] [INFO]     Synthetic data validation
[2026-05-15 03:13:00] [INFO] 
[2026-05-15 03:13:00] [INFO] PHYSICS CONTEXT:
[2026-05-15 03:13:00] [INFO]     Pipeline integrity testing using synthetic data with known properties
[2026-05-15 03:13:00] [INFO] 
[2026-05-15 03:13:00] [INFO] METHODOLOGY:
[2026-05-15 03:13:00] [INFO]     Generate synthetic scintillation data with and without TEP effects, run through pipeline to verify detection methodology, test for false positives and false negatives
[2026-05-15 03:13:00] [INFO] 
[2026-05-15 03:13:00] [INFO] EXECUTING...
[2026-05-15 03:13:00] [INFO] 
[2026-05-15 03:13:02] [INFO] ================================================================================
[2026-05-15 03:13:02] [INFO] STEP COMPLETED SUCCESSFULLY (2.1 seconds)
[2026-05-15 03:13:02] [INFO] ================================================================================
[2026-05-15 03:13:02] [INFO] ================================================================================
[2026-05-15 03:13:02] [INFO] PIPELINE STEP: Step 015 - Blind Analysis Validation
[2026-05-15 03:13:02] [INFO] ================================================================================
[2026-05-15 03:13:02] [INFO] 
[2026-05-15 03:13:02] [INFO] DESCRIPTION:
[2026-05-15 03:13:02] [INFO]     Blind analysis validation and pre-registration confirmation
[2026-05-15 03:13:02] [INFO] 
[2026-05-15 03:13:02] [INFO] PHYSICS CONTEXT:
[2026-05-15 03:13:02] [INFO]     Demonstrate that all analysis thresholds were pre-registered before examining data
[2026-05-15 03:13:02] [INFO] 
[2026-05-15 03:13:02] [INFO] METHODOLOGY:
[2026-05-15 03:13:02] [INFO]     Verify fixed random seeds, document pre-registered thresholds, confirm no post-hoc adjustment
[2026-05-15 03:13:02] [INFO] 
[2026-05-15 03:13:02] [INFO] EXECUTING...
[2026-05-15 03:13:02] [INFO] 
[2026-05-15 03:13:02] [INFO] ================================================================================
[2026-05-15 03:13:02] [INFO] STEP COMPLETED SUCCESSFULLY (0.0 seconds)
[2026-05-15 03:13:02] [INFO] ================================================================================
[2026-05-15 03:13:02] [INFO] ================================================================================
[2026-05-15 03:13:02] [INFO] PIPELINE STEP: Step 016 - Control Pulsar Analysis
[2026-05-15 03:13:02] [INFO] ================================================================================
[2026-05-15 03:13:02] [INFO] 
[2026-05-15 03:13:02] [INFO] DESCRIPTION:
[2026-05-15 03:13:02] [INFO]     Control pulsar analysis
[2026-05-15 03:13:02] [INFO] 
[2026-05-15 03:13:02] [INFO] PHYSICS CONTEXT:
[2026-05-15 03:13:02] [INFO]     Analyze J1603-7202 control pulsar results and validate opposite-sign holonomy prediction
[2026-05-15 03:13:02] [INFO] 
[2026-05-15 03:13:02] [INFO] METHODOLOGY:
[2026-05-15 03:13:02] [INFO]     Comprehensive J1603 control pulsar analysis with closure delays, verify opposite signs to J0437, validate velocity geometry predictions
[2026-05-15 03:13:02] [INFO] 
[2026-05-15 03:13:02] [INFO] EXECUTING...
[2026-05-15 03:13:02] [INFO] 
[2026-05-15 03:13:02] [INFO] ================================================================================
[2026-05-15 03:13:02] [INFO] STEP COMPLETED SUCCESSFULLY (0.0 seconds)
[2026-05-15 03:13:02] [INFO] ================================================================================
[2026-05-15 03:13:02] [INFO] ================================================================================
[2026-05-15 03:13:02] [INFO] PIPELINE STEP: Step 017 - Orientation Algorithm Documentation
[2026-05-15 03:13:02] [INFO] ================================================================================
[2026-05-15 03:13:02] [INFO] ================================================================================
[2026-05-15 03:13:02] [INFO] STEP COMPLETED SUCCESSFULLY (0.1 seconds)
[2026-05-15 03:13:02] [INFO] ================================================================================
[2026-05-15 03:13:02] [INFO] ================================================================================
[2026-05-15 03:13:02] [INFO] PIPELINE STEP: Step 019 - Systematic Monte Carlo
[2026-05-15 03:13:02] [INFO] ================================================================================
[2026-05-15 03:13:03] [INFO] ================================================================================
[2026-05-15 03:13:03] [INFO] STEP COMPLETED SUCCESSFULLY (0.4 seconds)
[2026-05-15 03:13:03] [INFO] ================================================================================
[2026-05-15 03:13:03] [INFO] ================================================================================
[2026-05-15 03:13:03] [INFO] PIPELINE STEP: Step 020 - Replication Readiness
[2026-05-15 03:13:03] [INFO] ================================================================================
[2026-05-15 03:13:03] [INFO] ================================================================================
[2026-05-15 03:13:03] [INFO] STEP COMPLETED SUCCESSFULLY (0.0 seconds)
[2026-05-15 03:13:03] [INFO] ================================================================================
[2026-05-15 03:13:03] [INFO] ================================================================================
[2026-05-15 03:13:03] [INFO] PIPELINE STEP: Step 021 - Epoch-Level Significance Analysis
[2026-05-15 03:13:03] [INFO] ================================================================================
[2026-05-15 03:13:03] [INFO] 
[2026-05-15 03:13:03] [INFO] DESCRIPTION:
[2026-05-15 03:13:03] [INFO]     Epoch-level significance analysis
[2026-05-15 03:13:03] [INFO] 
[2026-05-15 03:13:03] [INFO] PHYSICS CONTEXT:
[2026-05-15 03:13:03] [INFO]     Analyze significance of TEP detection at individual epoch level
[2026-05-15 03:13:03] [INFO] 
[2026-05-15 03:13:03] [INFO] METHODOLOGY:
[2026-05-15 03:13:03] [INFO]     Epoch-wise t-statistic calculation, significance distribution analysis
[2026-05-15 03:13:03] [INFO] 
[2026-05-15 03:13:03] [INFO] EXECUTING...
[2026-05-15 03:13:03] [INFO] 
[2026-05-15 03:13:10] [INFO] ================================================================================
[2026-05-15 03:13:10] [INFO] STEP COMPLETED SUCCESSFULLY (7.3 seconds)
[2026-05-15 03:13:10] [INFO] ================================================================================
[2026-05-15 03:13:10] [INFO] ================================================================================
[2026-05-15 03:13:10] [INFO] PIPELINE STEP: Step 022 - Q4 Dominance Mechanism Investigation
[2026-05-15 03:13:10] [INFO] ================================================================================
[2026-05-15 03:13:10] [INFO] 
[2026-05-15 03:13:10] [INFO] DESCRIPTION:
[2026-05-15 03:13:10] [INFO]     Q4 dominance mechanism investigation
[2026-05-15 03:13:10] [INFO] 
[2026-05-15 03:13:10] [INFO] PHYSICS CONTEXT:
[2026-05-15 03:13:10] [INFO]     Investigate physical mechanism behind Q4 arclet dominance
[2026-05-15 03:13:10] [INFO] 
[2026-05-15 03:13:10] [INFO] METHODOLOGY:
[2026-05-15 03:13:10] [INFO]     Arclet power distribution analysis, geometric factor investigation
[2026-05-15 03:13:10] [INFO] 
[2026-05-15 03:13:10] [INFO] EXECUTING...
[2026-05-15 03:13:10] [INFO] 
[2026-05-15 03:13:10] [INFO] ================================================================================
[2026-05-15 03:13:10] [INFO] STEP COMPLETED SUCCESSFULLY (0.2 seconds)
[2026-05-15 03:13:10] [INFO] ================================================================================
[2026-05-15 03:13:10] [INFO] ================================================================================
[2026-05-15 03:13:10] [INFO] PIPELINE STEP: Step 023 - SNR Correlation Analysis
[2026-05-15 03:13:10] [INFO] ================================================================================
[2026-05-15 03:13:10] [INFO] 
[2026-05-15 03:13:10] [INFO] DESCRIPTION:
[2026-05-15 03:13:10] [INFO]     SNR correlation analysis
[2026-05-15 03:13:10] [INFO] 
[2026-05-15 03:13:10] [INFO] PHYSICS CONTEXT:
[2026-05-15 03:13:10] [INFO]     Analyze correlation between SNR and |H| magnitude
[2026-05-15 03:13:10] [INFO] 
[2026-05-15 03:13:10] [INFO] METHODOLOGY:
[2026-05-15 03:13:10] [INFO]     Correlation analysis, regression fitting, significance testing
[2026-05-15 03:13:10] [INFO] 
[2026-05-15 03:13:10] [INFO] EXECUTING...
[2026-05-15 03:13:10] [INFO] 
[2026-05-15 03:13:11] [INFO] ================================================================================
[2026-05-15 03:13:11] [INFO] STEP COMPLETED SUCCESSFULLY (0.4 seconds)
[2026-05-15 03:13:11] [INFO] ================================================================================
[2026-05-15 03:13:11] [INFO] ================================================================================
[2026-05-15 03:13:11] [INFO] PIPELINE STEP: Step 024 - Multi-Pulsar Ingestion
[2026-05-15 03:13:11] [INFO] ================================================================================
[2026-05-15 03:13:11] [INFO] 
[2026-05-15 03:13:11] [INFO] DESCRIPTION:
[2026-05-15 03:13:11] [INFO]     Multi-pulsar data ingestion
[2026-05-15 03:13:11] [INFO] 
[2026-05-15 03:13:11] [INFO] PHYSICS CONTEXT:
[2026-05-15 03:13:11] [INFO]     Ingest data for multiple pulsars (B0329, B0355, B0540)
[2026-05-15 03:13:11] [INFO] 
[2026-05-15 03:13:11] [INFO] METHODOLOGY:
[2026-05-15 03:13:11] [INFO]     Download and organize data from multiple pulsar sources
[2026-05-15 03:13:11] [INFO] 
[2026-05-15 03:13:11] [INFO] EXECUTING...
[2026-05-15 03:13:11] [INFO] 
[2026-05-15 03:13:11] [INFO] ================================================================================
[2026-05-15 03:13:11] [INFO] STEP COMPLETED SUCCESSFULLY (0.0 seconds)
[2026-05-15 03:13:11] [INFO] ================================================================================
[2026-05-15 03:13:11] [INFO] ================================================================================
[2026-05-15 03:13:11] [INFO] PIPELINE STEP: Step 025 - Random Triplet Subset Analysis
[2026-05-15 03:13:11] [INFO] ================================================================================
[2026-05-15 03:13:11] [INFO] 
[2026-05-15 03:13:11] [INFO] DESCRIPTION:
[2026-05-15 03:13:11] [INFO]     Random triplet subset analysis
[2026-05-15 03:13:11] [INFO] 
[2026-05-15 03:13:11] [INFO] PHYSICS CONTEXT:
[2026-05-15 03:13:11] [INFO]     Test if detection is robust to random subset selection
[2026-05-15 03:13:11] [INFO] 
[2026-05-15 03:13:11] [INFO] METHODOLOGY:
[2026-05-15 03:13:11] [INFO]     Random subset analysis, significance distribution comparison
[2026-05-15 03:13:11] [INFO] 
[2026-05-15 03:13:11] [INFO] EXECUTING...
[2026-05-15 03:13:11] [INFO] 
[2026-05-15 03:13:18] [INFO] ================================================================================
[2026-05-15 03:13:18] [INFO] STEP COMPLETED SUCCESSFULLY (7.5 seconds)
[2026-05-15 03:13:18] [INFO] ================================================================================
[2026-05-15 03:13:18] [INFO] ================================================================================
[2026-05-15 03:13:18] [INFO] PIPELINE STEP: Step 026 - SNR Correlation Investigation
[2026-05-15 03:13:18] [INFO] ================================================================================
[2026-05-15 03:13:18] [INFO] 
[2026-05-15 03:13:18] [INFO] DESCRIPTION:
[2026-05-15 03:13:18] [INFO]     SNR correlation investigation
[2026-05-15 03:13:18] [INFO] 
[2026-05-15 03:13:18] [INFO] PHYSICS CONTEXT:
[2026-05-15 03:13:18] [INFO]     Deep investigation of SNR dependence on TEP detection
[2026-05-15 03:13:18] [INFO] 
[2026-05-15 03:13:18] [INFO] METHODOLOGY:
[2026-05-15 03:13:18] [INFO]     Detailed SNR analysis, mechanism investigation, alternative explanations
[2026-05-15 03:13:18] [INFO] 
[2026-05-15 03:13:18] [INFO] EXECUTING...
[2026-05-15 03:13:18] [INFO] 
[2026-05-15 03:13:18] [INFO] ================================================================================
[2026-05-15 03:13:18] [INFO] STEP COMPLETED SUCCESSFULLY (0.3 seconds)
[2026-05-15 03:13:18] [INFO] ================================================================================
[2026-05-15 03:13:18] [INFO] ================================================================================
[2026-05-15 03:13:18] [INFO] PIPELINE STEP: Step 027 - Alternative Selection Criteria
[2026-05-15 03:13:18] [INFO] ================================================================================
[2026-05-15 03:13:18] [INFO] 
[2026-05-15 03:13:18] [INFO] DESCRIPTION:
[2026-05-15 03:13:18] [INFO]     Alternative selection criteria analysis
[2026-05-15 03:13:18] [INFO] 
[2026-05-15 03:13:18] [INFO] PHYSICS CONTEXT:
[2026-05-15 03:13:18] [INFO]     Test if detection is robust to different selection criteria
[2026-05-15 03:13:18] [INFO] 
[2026-05-15 03:13:18] [INFO] METHODOLOGY:
[2026-05-15 03:13:18] [INFO]     Alternative threshold analysis, sensitivity analysis, robustness testing
[2026-05-15 03:13:18] [INFO] 
[2026-05-15 03:13:18] [INFO] EXECUTING...
[2026-05-15 03:13:18] [INFO] 
[2026-05-15 03:13:19] [INFO] ================================================================================
[2026-05-15 03:13:19] [INFO] STEP COMPLETED SUCCESSFULLY (0.2 seconds)
[2026-05-15 03:13:19] [INFO] ================================================================================
[2026-05-15 03:13:19] [INFO] ================================================================================
[2026-05-15 03:13:19] [INFO] PIPELINE STEP: Step 028 - Bayesian Hierarchical Model
[2026-05-15 03:13:19] [INFO] ================================================================================
[2026-05-15 03:13:19] [INFO] 
[2026-05-15 03:13:19] [INFO] DESCRIPTION:
[2026-05-15 03:13:19] [INFO]     Bayesian hierarchical model (alternative implementation)
[2026-05-15 03:13:19] [INFO] 
[2026-05-15 03:13:19] [INFO] PHYSICS CONTEXT:
[2026-05-15 03:13:19] [INFO]     Alternative Bayesian model for TEP detection inference
[2026-05-15 03:13:19] [INFO] 
[2026-05-15 03:13:19] [INFO] METHODOLOGY:
[2026-05-15 03:13:19] [INFO]     Hierarchical model with conjugate priors, numerical integration
[2026-05-15 03:13:19] [INFO] 
[2026-05-15 03:13:19] [INFO] EXECUTING...
[2026-05-15 03:13:19] [INFO] 
[2026-05-15 03:13:20] [INFO] ================================================================================
[2026-05-15 03:13:20] [INFO] STEP COMPLETED SUCCESSFULLY (1.6 seconds)
[2026-05-15 03:13:20] [INFO] ================================================================================
[2026-05-15 03:13:20] [INFO] ================================================================================
[2026-05-15 03:13:20] [INFO] PIPELINE STEP: Step 029 - Jiamusi Analysis
[2026-05-15 03:13:20] [INFO] ================================================================================
[2026-05-15 03:13:20] [INFO] 
[2026-05-15 03:13:20] [INFO] DESCRIPTION:
[2026-05-15 03:13:20] [INFO]     Jiamusi data ingestion and secondary-spectrum analysis
[2026-05-15 03:13:20] [INFO] 
[2026-05-15 03:13:20] [INFO] PHYSICS CONTEXT:
[2026-05-15 03:13:20] [INFO]     Prepare archival Jiamusi pulsar dynamic spectra for closure-delay processing
[2026-05-15 03:13:20] [INFO] 
[2026-05-15 03:13:20] [INFO] METHODOLOGY:
[2026-05-15 03:13:20] [INFO]     Download/validate .dat files, parse to arrays, build catalogs, and compute secondary-spectrum diagnostics
[2026-05-15 03:13:20] [INFO] 
[2026-05-15 03:13:20] [INFO] EXECUTING...
[2026-05-15 03:13:20] [INFO] 
[2026-05-15 03:13:22] [INFO] ================================================================================
[2026-05-15 03:13:22] [INFO] STEP COMPLETED SUCCESSFULLY (1.4 seconds)
[2026-05-15 03:13:22] [INFO] ================================================================================
[2026-05-15 03:13:22] [INFO] ================================================================================
[2026-05-15 03:13:22] [INFO] PIPELINE STEP: Step 030 - TEP Scaling Analysis
[2026-05-15 03:13:22] [INFO] ================================================================================
[2026-05-15 03:13:22] [INFO] 
[2026-05-15 03:13:22] [INFO] DESCRIPTION:
[2026-05-15 03:13:22] [INFO]     TEP scaling analysis
[2026-05-15 03:13:22] [INFO] 
[2026-05-15 03:13:22] [INFO] PHYSICS CONTEXT:
[2026-05-15 03:13:22] [INFO]     Analyze TEP holonomy scaling with distance and velocity
[2026-05-15 03:13:22] [INFO] 
[2026-05-15 03:13:22] [INFO] METHODOLOGY:
[2026-05-15 03:13:22] [INFO]     Scaling law analysis, ensemble correlation, environmental dependence
[2026-05-15 03:13:22] [INFO] 
[2026-05-15 03:13:22] [INFO] EXECUTING...
[2026-05-15 03:13:22] [INFO] 
[2026-05-15 03:13:22] [INFO] ================================================================================
[2026-05-15 03:13:22] [INFO] STEP COMPLETED SUCCESSFULLY (0.0 seconds)
[2026-05-15 03:13:22] [INFO] ================================================================================
[2026-05-15 03:13:22] [INFO] ================================================================================
[2026-05-15 03:13:22] [INFO] PIPELINE STEP: Step 018 - Ensemble Scaling Analysis
[2026-05-15 03:13:22] [INFO] ================================================================================
[2026-05-15 03:13:22] [INFO] 
[2026-05-15 03:13:22] [INFO] DESCRIPTION:
[2026-05-15 03:13:22] [INFO]     Ensemble Scaling Analysis (Ensemble Overview)
[2026-05-15 03:13:22] [INFO] 
[2026-05-15 03:13:22] [INFO] PHYSICS CONTEXT:
[2026-05-15 03:13:22] [INFO]     Testing the TEP scaling law |H| ∝ D × v across 8 independent pulsars
[2026-05-15 03:13:22] [INFO] 
[2026-05-15 03:13:22] [INFO] METHODOLOGY:
[2026-05-15 03:13:22] [INFO]     Multi-pulsar correlation analysis with Jiamusi offset correction
[2026-05-15 03:13:22] [INFO] 
[2026-05-15 03:13:22] [INFO] EXECUTING...
[2026-05-15 03:13:22] [INFO] 
[2026-05-15 03:13:22] [INFO] ================================================================================
[2026-05-15 03:13:22] [INFO] STEP COMPLETED SUCCESSFULLY (0.0 seconds)
[2026-05-15 03:13:22] [INFO] ================================================================================
[2026-05-15 03:13:22] [INFO] ================================================================================
[2026-05-15 03:13:22] [INFO] PIPELINE STEP: Step 031 - TEP Theoretical Predictions
[2026-05-15 03:13:22] [INFO] ================================================================================
[2026-05-15 03:13:22] [INFO] 
[2026-05-15 03:13:22] [INFO] DESCRIPTION:
[2026-05-15 03:13:22] [INFO]     TEP theoretical predictions
[2026-05-15 03:13:22] [INFO] 
[2026-05-15 03:13:22] [INFO] PHYSICS CONTEXT:
[2026-05-15 03:13:22] [INFO]     Generate theoretical TEP predictions for comparison
[2026-05-15 03:13:22] [INFO] 
[2026-05-15 03:13:22] [INFO] METHODOLOGY:
[2026-05-15 03:13:22] [INFO]     Compute |H| scaling from TEP framework parameters
[2026-05-15 03:13:22] [INFO] 
[2026-05-15 03:13:22] [INFO] EXECUTING...
[2026-05-15 03:13:22] [INFO] 
[2026-05-15 03:13:22] [INFO] ================================================================================
[2026-05-15 03:13:22] [INFO] STEP COMPLETED SUCCESSFULLY (0.4 seconds)
[2026-05-15 03:13:22] [INFO] ================================================================================
[2026-05-15 03:13:22] [INFO] ================================================================================
[2026-05-15 03:13:22] [INFO] PIPELINE STEP: Step 032 - Detailed TEP Scaling
[2026-05-15 03:13:22] [INFO] ================================================================================
[2026-05-15 03:13:22] [INFO] 
[2026-05-15 03:13:22] [INFO] DESCRIPTION:
[2026-05-15 03:13:22] [INFO]     Detailed TEP scaling analysis
[2026-05-15 03:13:22] [INFO] 
[2026-05-15 03:13:22] [INFO] PHYSICS CONTEXT:
[2026-05-15 03:13:22] [INFO]     Comprehensive analysis of TEP scaling across parameters
[2026-05-15 03:13:22] [INFO] 
[2026-05-15 03:13:22] [INFO] METHODOLOGY:
[2026-05-15 03:13:22] [INFO]     Multi-parameter scaling analysis, theoretical comparison, ensemble validation
[2026-05-15 03:13:22] [INFO] 
[2026-05-15 03:13:22] [INFO] EXECUTING...
[2026-05-15 03:13:22] [INFO] 
[2026-05-15 03:13:25] [INFO] ================================================================================
[2026-05-15 03:13:25] [INFO] STEP COMPLETED SUCCESSFULLY (3.3 seconds)
[2026-05-15 03:13:25] [INFO] ================================================================================
[2026-05-15 03:13:25] [INFO] ================================================================================
[2026-05-15 03:13:25] [INFO] PIPELINE STEP: Step 033 - Extract Eta from Arclets
[2026-05-15 03:13:25] [INFO] ================================================================================
[2026-05-15 03:13:25] [INFO] 
[2026-05-15 03:13:25] [INFO] DESCRIPTION:
[2026-05-15 03:13:25] [INFO]     η extraction from individual arclets
[2026-05-15 03:13:25] [INFO] 
[2026-05-15 03:13:25] [INFO] PHYSICS CONTEXT:
[2026-05-15 03:13:25] [INFO]     Fine-grained arc curvature from arclet-level analysis
[2026-05-15 03:13:25] [INFO] 
[2026-05-15 03:13:25] [INFO] METHODOLOGY:
[2026-05-15 03:13:25] [INFO]     Individual arclet η measurement and aggregation
[2026-05-15 03:13:25] [INFO] 
[2026-05-15 03:13:25] [INFO] EXECUTING...
[2026-05-15 03:13:25] [INFO] 
[2026-05-15 03:13:25] [INFO] ================================================================================
[2026-05-15 03:13:25] [INFO] STEP COMPLETED SUCCESSFULLY (0.0 seconds)
[2026-05-15 03:13:25] [INFO] ================================================================================
[2026-05-15 03:13:25] [INFO] ================================================================================
[2026-05-15 03:13:25] [INFO] PIPELINE STEP: Step 034 - Extract Eta
[2026-05-15 03:13:25] [INFO] ================================================================================
[2026-05-15 03:13:25] [INFO] 
[2026-05-15 03:13:25] [INFO] DESCRIPTION:
[2026-05-15 03:13:25] [INFO]     Arc curvature (η) extraction
[2026-05-15 03:13:25] [INFO] 
[2026-05-15 03:13:25] [INFO] PHYSICS CONTEXT:
[2026-05-15 03:13:25] [INFO]     Extract arc curvature parameter from secondary spectra
[2026-05-15 03:13:25] [INFO] 
[2026-05-15 03:13:25] [INFO] METHODOLOGY:
[2026-05-15 03:13:25] [INFO]     Parabolic fitting to arclet distributions, η computation
[2026-05-15 03:13:25] [INFO] 
[2026-05-15 03:13:25] [INFO] EXECUTING...
[2026-05-15 03:13:25] [INFO] 
[2026-05-15 03:13:25] [INFO] ================================================================================
[2026-05-15 03:13:25] [INFO] STEP COMPLETED SUCCESSFULLY (0.0 seconds)
[2026-05-15 03:13:25] [INFO] ================================================================================
[2026-05-15 03:13:25] [INFO] ================================================================================
[2026-05-15 03:13:25] [INFO] PIPELINE STEP: Step 035 - MeerKAT Analysis
[2026-05-15 03:13:25] [INFO] ================================================================================
[2026-05-15 03:13:25] [INFO] 
[2026-05-15 03:13:25] [INFO] DESCRIPTION:
[2026-05-15 03:13:25] [INFO]     MeerKAT telescope analysis
[2026-05-15 03:13:25] [INFO] 
[2026-05-15 03:13:25] [INFO] PHYSICS CONTEXT:
[2026-05-15 03:13:25] [INFO]     Dedicated analysis of MeerKAT observational data
[2026-05-15 03:13:25] [INFO] 
[2026-05-15 03:13:25] [INFO] METHODOLOGY:
[2026-05-15 03:13:25] [INFO]     MeerKAT-specific calibration and processing pipeline
[2026-05-15 03:13:25] [INFO] 
[2026-05-15 03:13:25] [INFO] EXECUTING...
[2026-05-15 03:13:25] [INFO] 
[2026-05-15 03:13:25] [INFO] ================================================================================
[2026-05-15 03:13:25] [INFO] STEP COMPLETED SUCCESSFULLY (0.0 seconds)
[2026-05-15 03:13:25] [INFO] ================================================================================
[2026-05-15 03:13:25] [INFO] ================================================================================
[2026-05-15 03:13:25] [INFO] PIPELINE STEP: Step 036 - Synthetic Data Injection
[2026-05-15 03:13:25] [INFO] ================================================================================
[2026-05-15 03:13:25] [INFO] 
[2026-05-15 03:13:25] [INFO] DESCRIPTION:
[2026-05-15 03:13:25] [INFO]     Synthetic data injection testing
[2026-05-15 03:13:25] [INFO] 
[2026-05-15 03:13:25] [INFO] PHYSICS CONTEXT:
[2026-05-15 03:13:25] [INFO]     Inject synthetic TEP signals for pipeline validation
[2026-05-15 03:13:25] [INFO] 
[2026-05-15 03:13:25] [INFO] METHODOLOGY:
[2026-05-15 03:13:25] [INFO]     Generate synthetic scintillation with known H, test recovery
[2026-05-15 03:13:25] [INFO] 
[2026-05-15 03:13:25] [INFO] EXECUTING...
[2026-05-15 03:13:25] [INFO] 
[2026-05-15 03:13:26] [INFO] ================================================================================
[2026-05-15 03:13:26] [INFO] STEP COMPLETED SUCCESSFULLY (0.2 seconds)
[2026-05-15 03:13:26] [INFO] ================================================================================
[2026-05-15 03:13:26] [INFO] ================================================================================
[2026-05-15 03:13:26] [INFO] PIPELINE STEP: Step 037 - Multi-Telescope Validation
[2026-05-15 03:13:26] [INFO] ================================================================================
[2026-05-15 03:13:26] [INFO] 
[2026-05-15 03:13:26] [INFO] DESCRIPTION:
[2026-05-15 03:13:26] [INFO]     Multi-telescope validation audit
[2026-05-15 03:13:26] [INFO] 
[2026-05-15 03:13:26] [INFO] PHYSICS CONTEXT:
[2026-05-15 03:13:26] [INFO]     Audit whether current positive phase evidence is independently replicated across telescopes
[2026-05-15 03:13:26] [INFO] 
[2026-05-15 03:13:26] [INFO] METHODOLOGY:
[2026-05-15 03:13:26] [INFO]     Compare Parkes/PPTA phase detections against noise-limited Jiamusi bounding rows
[2026-05-15 03:13:26] [INFO] 
[2026-05-15 03:13:26] [INFO] EXECUTING...
[2026-05-15 03:13:26] [INFO] 
[2026-05-15 03:13:26] [INFO] ================================================================================
[2026-05-15 03:13:26] [INFO] STEP COMPLETED SUCCESSFULLY (0.0 seconds)
[2026-05-15 03:13:26] [INFO] ================================================================================
[2026-05-15 03:13:26] [INFO] ================================================================================
[2026-05-15 03:13:26] [INFO] PIPELINE STEP: Step 038 - Temporal Evolution
[2026-05-15 03:13:26] [INFO] ================================================================================
[2026-05-15 03:13:26] [INFO] 
[2026-05-15 03:13:26] [INFO] DESCRIPTION:
[2026-05-15 03:13:26] [INFO]     Temporal evolution analysis
[2026-05-15 03:13:26] [INFO] 
[2026-05-15 03:13:26] [INFO] PHYSICS CONTEXT:
[2026-05-15 03:13:26] [INFO]     Analyze TEP signal stability over observation timespan
[2026-05-15 03:13:26] [INFO] 
[2026-05-15 03:13:26] [INFO] METHODOLOGY:
[2026-05-15 03:13:26] [INFO]     Time-series analysis |H| across 2008-2018 epochs
[2026-05-15 03:13:26] [INFO] 
[2026-05-15 03:13:26] [INFO] EXECUTING...
[2026-05-15 03:13:26] [INFO] 
[2026-05-15 03:13:26] [INFO] ================================================================================
[2026-05-15 03:13:26] [INFO] STEP COMPLETED SUCCESSFULLY (0.2 seconds)
[2026-05-15 03:13:26] [INFO] ================================================================================
[2026-05-15 03:13:26] [INFO] ================================================================================
[2026-05-15 03:13:26] [INFO] PIPELINE STEP: Step 039 - Higher Order Closures
[2026-05-15 03:13:26] [INFO] ================================================================================
[2026-05-15 03:13:26] [INFO] 
[2026-05-15 03:13:26] [INFO] DESCRIPTION:
[2026-05-15 03:13:26] [INFO]     Higher-order closure analysis
[2026-05-15 03:13:26] [INFO] 
[2026-05-15 03:13:26] [INFO] PHYSICS CONTEXT:
[2026-05-15 03:13:26] [INFO]     Test quadrilateral and higher-order closure relations
[2026-05-15 03:13:26] [INFO] 
[2026-05-15 03:13:26] [INFO] METHODOLOGY:
[2026-05-15 03:13:26] [INFO]     Compute n-point closure delays beyond triplet baseline
[2026-05-15 03:13:26] [INFO] 
[2026-05-15 03:13:26] [INFO] EXECUTING...
[2026-05-15 03:13:26] [INFO] 
[2026-05-15 03:13:26] [INFO] ================================================================================
[2026-05-15 03:13:26] [INFO] STEP COMPLETED SUCCESSFULLY (0.2 seconds)
[2026-05-15 03:13:26] [INFO] ================================================================================
[2026-05-15 03:13:26] [INFO] ================================================================================
[2026-05-15 03:13:26] [INFO] PIPELINE STEP: Step 040 - Bootstrap Resampling
[2026-05-15 03:13:26] [INFO] ================================================================================
[2026-05-15 03:13:26] [INFO] 
[2026-05-15 03:13:26] [INFO] DESCRIPTION:
[2026-05-15 03:13:26] [INFO]     Bootstrap and jackknife resampling analysis
[2026-05-15 03:13:26] [INFO] 
[2026-05-15 03:13:26] [INFO] PHYSICS CONTEXT:
[2026-05-15 03:13:26] [INFO]     Obtain robust uncertainty estimates via resampling methods
[2026-05-15 03:13:26] [INFO] 
[2026-05-15 03:13:26] [INFO] METHODOLOGY:
[2026-05-15 03:13:26] [INFO]     Bootstrap (1000 iterations) and jackknife leave-one-out resampling of epochs
[2026-05-15 03:13:26] [INFO] 
[2026-05-15 03:13:26] [INFO] EXECUTING...
[2026-05-15 03:13:26] [INFO] 
[2026-05-15 03:13:27] [INFO] ================================================================================
[2026-05-15 03:13:27] [INFO] STEP COMPLETED SUCCESSFULLY (0.6 seconds)
[2026-05-15 03:13:27] [INFO] ================================================================================
[2026-05-15 03:13:27] [INFO] ================================================================================
[2026-05-15 03:13:27] [INFO] PIPELINE STEP: Step 041 - Selection Bias Analysis
[2026-05-15 03:13:27] [INFO] ================================================================================
[2026-05-15 03:13:27] [INFO] 
[2026-05-15 03:13:27] [INFO] DESCRIPTION:
[2026-05-15 03:13:27] [INFO]     Selection bias comprehensive analysis
[2026-05-15 03:13:27] [INFO] 
[2026-05-15 03:13:27] [INFO] PHYSICS CONTEXT:
[2026-05-15 03:13:27] [INFO]     Characterize selection effects in triplet formation
[2026-05-15 03:13:27] [INFO] 
[2026-05-15 03:13:27] [INFO] METHODOLOGY:
[2026-05-15 03:13:27] [INFO]     Monte Carlo tests for selection bias, completeness correction
[2026-05-15 03:13:27] [INFO] 
[2026-05-15 03:13:27] [INFO] EXECUTING...
[2026-05-15 03:13:27] [INFO] 
[2026-05-15 03:13:28] [INFO] ================================================================================
[2026-05-15 03:13:28] [INFO] STEP COMPLETED SUCCESSFULLY (1.5 seconds)
[2026-05-15 03:13:28] [INFO] ================================================================================
[2026-05-15 03:13:28] [INFO] ================================================================================
[2026-05-15 03:13:28] [INFO] PIPELINE STEP: Step 042 - Systematic Errors
[2026-05-15 03:13:28] [INFO] ================================================================================
[2026-05-15 03:13:28] [INFO] 
[2026-05-15 03:13:28] [INFO] DESCRIPTION:
[2026-05-15 03:13:28] [INFO]     Systematic error budget
[2026-05-15 03:13:28] [INFO] 
[2026-05-15 03:13:28] [INFO] PHYSICS CONTEXT:
[2026-05-15 03:13:28] [INFO]     Comprehensive systematic error assessment
[2026-05-15 03:13:28] [INFO] 
[2026-05-15 03:13:28] [INFO] METHODOLOGY:
[2026-05-15 03:13:28] [INFO]     Error propagation, instrumental effects, calibration systematics
[2026-05-15 03:13:28] [INFO] 
[2026-05-15 03:13:28] [INFO] EXECUTING...
[2026-05-15 03:13:28] [INFO] 
[2026-05-15 03:13:29] [INFO] ================================================================================
[2026-05-15 03:13:29] [INFO] STEP COMPLETED SUCCESSFULLY (0.5 seconds)
[2026-05-15 03:13:29] [INFO] ================================================================================
[2026-05-15 03:13:29] [INFO] ================================================================================
[2026-05-15 03:13:29] [INFO] PIPELINE STEP: Step 043 - Chromatic Diagnostic
[2026-05-15 03:13:29] [INFO] ================================================================================
[2026-05-15 03:13:29] [INFO] 
[2026-05-15 03:13:29] [INFO] DESCRIPTION:
[2026-05-15 03:13:29] [INFO]     Chromatic diagnostic (hierarchical model + within-source sub-band)
[2026-05-15 03:13:29] [INFO] 
[2026-05-15 03:13:29] [INFO] PHYSICS CONTEXT:
[2026-05-15 03:13:29] [INFO]     Audit frequency dependence while keeping unsigned-|H| fits out of primary inference
[2026-05-15 03:13:29] [INFO] 
[2026-05-15 03:13:29] [INFO] METHODOLOGY:
[2026-05-15 03:13:29] [INFO]     Diagnostic model comparison with explicit boundary and calibration caveats, plus within-source J0437 sub-band test
[2026-05-15 03:13:29] [INFO] 
[2026-05-15 03:13:29] [INFO] EXECUTING...
[2026-05-15 03:13:29] [INFO] 
[2026-05-15 03:13:29] [INFO] ================================================================================
[2026-05-15 03:13:29] [INFO] STEP COMPLETED SUCCESSFULLY (0.0 seconds)
[2026-05-15 03:13:29] [INFO] ================================================================================
[2026-05-15 03:13:29] [INFO] ================================================================================
[2026-05-15 03:13:29] [INFO] PIPELINE STEP: Step 044 - Probabilistic Weighting
[2026-05-15 03:13:29] [INFO] ================================================================================
[2026-05-15 03:13:29] [INFO] 
[2026-05-15 03:13:29] [INFO] DESCRIPTION:
[2026-05-15 03:13:29] [INFO]     Probabilistic weighting diagnostic (alternative to hard SNR thresholds)
[2026-05-15 03:13:29] [INFO] 
[2026-05-15 03:13:29] [INFO] PHYSICS CONTEXT:
[2026-05-15 03:13:29] [INFO]     Characterize threshold sensitivity of unsigned-|H| diagnostics
[2026-05-15 03:13:29] [INFO] 
[2026-05-15 03:13:29] [INFO] METHODOLOGY:
[2026-05-15 03:13:29] [INFO]     Sign-marginalized diagnostic model and inverse-variance weighting, explicitly not primary inference
[2026-05-15 03:13:29] [INFO] 
[2026-05-15 03:13:29] [INFO] EXECUTING...
[2026-05-15 03:13:29] [INFO] 
[2026-05-15 03:13:30] [INFO] ================================================================================
[2026-05-15 03:13:30] [INFO] STEP COMPLETED SUCCESSFULLY (1.2 seconds)
[2026-05-15 03:13:30] [INFO] ================================================================================
[2026-05-15 03:13:30] [INFO] ================================================================================
[2026-05-15 03:13:30] [INFO] PIPELINE STEP: Step 045 - Synthetic Threshold Degradation
[2026-05-15 03:13:30] [INFO] ================================================================================
[2026-05-15 03:13:30] [INFO] 
[2026-05-15 03:13:30] [INFO] DESCRIPTION:
[2026-05-15 03:13:30] [INFO]     Synthetic threshold degradation testing
[2026-05-15 03:13:30] [INFO] 
[2026-05-15 03:13:30] [INFO] PHYSICS CONTEXT:
[2026-05-15 03:13:30] [INFO]     Test detection robustness to threshold degradation
[2026-05-15 03:13:30] [INFO] 
[2026-05-15 03:13:30] [INFO] METHODOLOGY:
[2026-05-15 03:13:30] [INFO]     Synthetic data injection with varying thresholds, sensitivity analysis
[2026-05-15 03:13:30] [INFO] 
[2026-05-15 03:13:30] [INFO] EXECUTING...
[2026-05-15 03:13:30] [INFO] 
[2026-05-15 03:13:30] [INFO] ================================================================================
[2026-05-15 03:13:30] [INFO] STEP COMPLETED SUCCESSFULLY (0.3 seconds)
[2026-05-15 03:13:30] [INFO] ================================================================================
[2026-05-15 03:13:30] [INFO] ================================================================================
[2026-05-15 03:13:30] [INFO] PIPELINE STEP: Step 046 - Signed-Delay Orbital Phase-Binning
[2026-05-15 03:13:30] [INFO] ================================================================================
[2026-05-15 03:13:30] [INFO] 
[2026-05-15 03:13:30] [INFO] DESCRIPTION:
[2026-05-15 03:13:30] [INFO]     Signed-delay orbital phase-binning analysis
[2026-05-15 03:13:30] [INFO] 
[2026-05-15 03:13:30] [INFO] PHYSICS CONTEXT:
[2026-05-15 03:13:30] [INFO]     Test orbital kinematic modulation using Stokes-aligned signed geometric delays
[2026-05-15 03:13:30] [INFO] 
[2026-05-15 03:13:30] [INFO] METHODOLOGY:
[2026-05-15 03:13:30] [INFO]     Bin triplets by orbital phase, compute inverse-variance weighted signed mean per bin, fit sinusoid with absolute_sigma=True
[2026-05-15 03:13:30] [INFO] 
[2026-05-15 03:13:30] [INFO] EXECUTING...
[2026-05-15 03:13:30] [INFO] 
[2026-05-15 03:13:31] [INFO] ================================================================================
[2026-05-15 03:13:31] [INFO] STEP COMPLETED SUCCESSFULLY (1.3 seconds)
[2026-05-15 03:13:31] [INFO] ================================================================================
[2026-05-15 03:13:31] [INFO] ================================================================================
[2026-05-15 03:13:31] [INFO] PIPELINE STEP: Step 047 - Velocity Direction Controls
[2026-05-15 03:13:31] [INFO] ================================================================================
[2026-05-15 03:13:31] [INFO] 
[2026-05-15 03:13:31] [INFO] DESCRIPTION:
[2026-05-15 03:13:31] [INFO]     Velocity-direction controls
[2026-05-15 03:13:31] [INFO] 
[2026-05-15 03:13:31] [INFO] PHYSICS CONTEXT:
[2026-05-15 03:13:31] [INFO]     Test whether velocity-projection alignment encodes the expected sign
[2026-05-15 03:13:31] [INFO] 
[2026-05-15 03:13:31] [INFO] METHODOLOGY:
[2026-05-15 03:13:31] [INFO]     Data-driven velocity-label, scramble, pre-alignment, freeze-record, and wrong-velocity controls
[2026-05-15 03:13:31] [INFO] 
[2026-05-15 03:13:31] [INFO] EXECUTING...
[2026-05-15 03:13:31] [INFO] 
[2026-05-15 03:13:32] [INFO] ================================================================================
[2026-05-15 03:13:32] [INFO] STEP COMPLETED SUCCESSFULLY (0.2 seconds)
[2026-05-15 03:13:32] [INFO] ================================================================================
[2026-05-15 03:13:32] [INFO] ================================================================================
[2026-05-15 03:13:32] [INFO] PIPELINE STEP: Step 048 - CMB Dipole Frame Analysis
[2026-05-15 03:13:32] [INFO] ================================================================================
[2026-05-15 03:13:32] [INFO] 
[2026-05-15 03:13:32] [INFO] DESCRIPTION:
[2026-05-15 03:13:32] [INFO]     CMB dipole bulk-vector sensitivity on Stokes-weighted closure
[2026-05-15 03:13:32] [INFO] 
[2026-05-15 03:13:32] [INFO] PHYSICS CONTEXT:
[2026-05-15 03:13:32] [INFO]     Test invariance of phase-only Phase Closure and stability of |H| when adding the Planck 2018 kinematic dipole to Step 003 SSB velocities
[2026-05-15 03:13:32] [INFO] 
[2026-05-15 03:13:32] [INFO] METHODOLOGY:
[2026-05-15 03:13:32] [INFO]     Reload Step 003 per-epoch triplets; recompute geometric delays; Earth velocity projected onto 3D CMB dipole for annual regressions; wrong-direction and random-direction controls
[2026-05-15 03:13:32] [INFO] 
[2026-05-15 03:13:32] [INFO] EXECUTING...
[2026-05-15 03:13:32] [INFO] 
[2026-05-15 03:14:46] [INFO] ================================================================================
[2026-05-15 03:14:46] [INFO] STEP COMPLETED SUCCESSFULLY (74.1 seconds)
[2026-05-15 03:14:46] [INFO] ================================================================================
[2026-05-15 03:14:46] [INFO] ================================================================================
[2026-05-15 03:14:46] [INFO] PIPELINE STEP: Step 013 - Falsification Criteria Automation
[2026-05-15 03:14:46] [INFO] ================================================================================
[2026-05-15 03:14:46] [INFO] 
[2026-05-15 03:14:46] [INFO] DESCRIPTION:
[2026-05-15 03:14:46] [INFO]     Falsification criteria automation
[2026-05-15 03:14:46] [INFO] 
[2026-05-15 03:14:46] [INFO] PHYSICS CONTEXT:
[2026-05-15 03:14:46] [INFO]     Automated quantitative assessment of TEP falsification criteria
[2026-05-15 03:14:46] [INFO] 
[2026-05-15 03:14:46] [INFO] METHODOLOGY:
[2026-05-15 03:14:46] [INFO]     Quantitative threshold evaluation, pass/fail verdict generation, comprehensive falsification report
[2026-05-15 03:14:46] [INFO] 
[2026-05-15 03:14:46] [INFO] EXECUTING...
[2026-05-15 03:14:46] [INFO] 
[2026-05-15 03:14:46] [INFO] ================================================================================
[2026-05-15 03:14:46] [INFO] STEP COMPLETED SUCCESSFULLY (0.0 seconds)
[2026-05-15 03:14:46] [INFO] ================================================================================
[2026-05-15 03:14:46] [INFO] ================================================================================
[2026-05-15 03:14:46] [INFO] PIPELINE STEP: Step 049 - Evidence Ledger
[2026-05-15 03:14:46] [INFO] ================================================================================
[2026-05-15 03:14:46] [INFO] 
[2026-05-15 03:14:46] [INFO] DESCRIPTION:
[2026-05-15 03:14:46] [INFO]     Evidence ledger, claim hierarchy, and per-pulsar evidence tier table
[2026-05-15 03:14:46] [INFO] 
[2026-05-15 03:14:46] [INFO] PHYSICS CONTEXT:
[2026-05-15 03:14:46] [INFO]     Separate primary phase evidence from diagnostics, follow-up targets, and non-claims
[2026-05-15 03:14:46] [INFO] 
[2026-05-15 03:14:46] [INFO] METHODOLOGY:
[2026-05-15 03:14:46] [INFO]     Read current result JSON files and write machine-readable claim-status ledger plus step_049_evidence_tier_summary.json
[2026-05-15 03:14:46] [INFO] 
[2026-05-15 03:14:46] [INFO] EXECUTING...
[2026-05-15 03:14:46] [INFO] 
[2026-05-15 03:14:46] [INFO] ================================================================================
[2026-05-15 03:14:46] [INFO] STEP COMPLETED SUCCESSFULLY (0.0 seconds)
[2026-05-15 03:14:46] [INFO] ================================================================================
[2026-05-15 03:14:46] [INFO] 
======================================================================
[2026-05-15 03:14:46] [INFO] PIPELINE EXECUTION SUMMARY
[2026-05-15 03:14:46] [INFO] ======================================================================
[2026-05-15 03:14:46] [INFO] [PASS] - Step 000 - Data Ingestion (Scintools ATNF)
[2026-05-15 03:14:46] [INFO] [PASS] - Step 001 - Parse Dynamic Spectra
[2026-05-15 03:14:46] [INFO] [PASS] - Step 002 - Secondary Spectrum Generation
[2026-05-15 03:14:46] [INFO] [PASS] - Step 003 - Closure Delay Extraction
[2026-05-15 03:14:46] [INFO] [PASS] - Step 004 - Verification & Validation
[2026-05-15 03:14:46] [INFO] [PASS] - Step 005 - Enhanced Validation
[2026-05-15 03:14:46] [INFO] [PASS] - Step 006 - Advanced Validation
[2026-05-15 03:14:46] [INFO] [PASS] - Step 007 - Independent Statistical Validation
[2026-05-15 03:14:46] [INFO] [PASS] - Step 008 - Alternative Explanations Testing
[2026-05-15 03:14:46] [INFO] [PASS] - Step 009 - Parameter Sensitivity Analysis
[2026-05-15 03:14:46] [INFO] [PASS] - Step 010 - Comprehensive Data Quality Metrics
[2026-05-15 03:14:46] [INFO] [PASS] - Step 011 - ISM Density Profile Modeling
[2026-05-15 03:14:46] [INFO] [PASS] - Step 012 - Environmental Dependence Analysis
[2026-05-15 03:14:46] [INFO] [PASS] - Step 014 - Synthetic Data Validation
[2026-05-15 03:14:46] [INFO] [PASS] - Step 015 - Blind Analysis Validation
[2026-05-15 03:14:46] [INFO] [PASS] - Step 016 - Control Pulsar Analysis
[2026-05-15 03:14:46] [INFO] [PASS] - Step 017 - Orientation Algorithm Documentation
[2026-05-15 03:14:46] [INFO] [PASS] - Step 019 - Systematic Monte Carlo
[2026-05-15 03:14:46] [INFO] [PASS] - Step 020 - Replication Readiness
[2026-05-15 03:14:46] [INFO] [PASS] - Step 021 - Epoch-Level Significance Analysis
[2026-05-15 03:14:46] [INFO] [PASS] - Step 022 - Q4 Dominance Mechanism Investigation
[2026-05-15 03:14:46] [INFO] [PASS] - Step 023 - SNR Correlation Analysis
[2026-05-15 03:14:46] [INFO] [PASS] - Step 024 - Multi-Pulsar Ingestion
[2026-05-15 03:14:46] [INFO] [PASS] - Step 025 - Random Triplet Subset Analysis
[2026-05-15 03:14:46] [INFO] [PASS] - Step 026 - SNR Correlation Investigation
[2026-05-15 03:14:46] [INFO] [PASS] - Step 027 - Alternative Selection Criteria
[2026-05-15 03:14:46] [INFO] [PASS] - Step 028 - Bayesian Hierarchical Model
[2026-05-15 03:14:46] [INFO] [PASS] - Step 029 - Jiamusi Analysis
[2026-05-15 03:14:46] [INFO] [PASS] - Step 030 - TEP Scaling Analysis
[2026-05-15 03:14:46] [INFO] [PASS] - Step 018 - Ensemble Scaling Analysis
[2026-05-15 03:14:46] [INFO] [PASS] - Step 031 - TEP Theoretical Predictions
[2026-05-15 03:14:46] [INFO] [PASS] - Step 032 - Detailed TEP Scaling
[2026-05-15 03:14:46] [INFO] [PASS] - Step 033 - Extract Eta from Arclets
[2026-05-15 03:14:46] [INFO] [PASS] - Step 034 - Extract Eta
[2026-05-15 03:14:46] [INFO] [PASS] - Step 035 - MeerKAT Analysis
[2026-05-15 03:14:46] [INFO] [PASS] - Step 036 - Synthetic Data Injection
[2026-05-15 03:14:46] [INFO] [PASS] - Step 037 - Multi-Telescope Validation
[2026-05-15 03:14:46] [INFO] [PASS] - Step 038 - Temporal Evolution
[2026-05-15 03:14:46] [INFO] [PASS] - Step 039 - Higher Order Closures
[2026-05-15 03:14:46] [INFO] [PASS] - Step 040 - Bootstrap Resampling
[2026-05-15 03:14:46] [INFO] [PASS] - Step 041 - Selection Bias Analysis
[2026-05-15 03:14:46] [INFO] [PASS] - Step 042 - Systematic Errors
[2026-05-15 03:14:46] [INFO] [PASS] - Step 043 - Chromatic Diagnostic
[2026-05-15 03:14:46] [INFO] [PASS] - Step 044 - Probabilistic Weighting
[2026-05-15 03:14:46] [INFO] [PASS] - Step 045 - Synthetic Threshold Degradation
[2026-05-15 03:14:46] [INFO] [PASS] - Step 046 - Signed-Delay Orbital Phase-Binning
[2026-05-15 03:14:46] [INFO] [PASS] - Step 047 - Velocity Direction Controls
[2026-05-15 03:14:46] [INFO] [PASS] - Step 048 - CMB Dipole Frame Analysis
[2026-05-15 03:14:46] [INFO] [PASS] - Step 013 - Falsification Criteria Automation
[2026-05-15 03:14:46] [INFO] [PASS] - Step 049 - Evidence Ledger
[2026-05-15 03:14:46] [INFO] 
Total execution time: 1117.7 seconds
[2026-05-15 03:14:46] [INFO] Orchestration log: /Users/matthewsmawfield/www/Temporal Equivalence Principle/TEP-J0437/logs/pipeline_full_20260515_025608.log
[2026-05-15 03:14:46] [INFO] Per-step detail logs: /Users/matthewsmawfield/www/Temporal Equivalence Principle/TEP-J0437/logs/<step_module>.log (e.g. /Users/matthewsmawfield/www/Temporal Equivalence Principle/TEP-J0437/logs/step_001_parse_dynspec.log)
[2026-05-15 03:14:46] [INFO] 
======================================================================
[2026-05-15 03:14:46] [SUCCESS] PIPELINE COMPLETED SUCCESSFULLY
[2026-05-15 03:14:46] [INFO] Results available in data/secondary/ and results/
[2026-05-15 03:14:46] [INFO] Review results/step_003_closure_final_summary.json for statistical verdict.
[2026-05-15 03:14:46] [INFO] ======================================================================
