[2026-05-15 13:17:57] [INFO] ================================================================================
[2026-05-15 13:17:57] [INFO] STEP step_020_replication_readiness STARTED
[2026-05-15 13:17:57] [INFO] Description: Replication readiness checklist
[2026-05-15 13:17:57] [INFO] Physics: Bind headline statistics to machine-readable reference values independent researchers should recover
[2026-05-15 13:17:57] [INFO] Method: Read authoritative Step 003 summaries and emit structured checklist JSON with tolerances
[2026-05-15 13:17:57] [INFO] ================================================================================
[2026-05-15 13:17:57] [INFO]       ================================================================================================================================================================================================================================================
[2026-05-15 13:17:57] [INFO]       ================================================================================================================================================================================================================================================
[2026-05-15 13:17:57] [INFO]       ================================================================================================================================================================================================================================================
[2026-05-15 13:17:57] [INFO]       ================================================================================================================================================================================================================================================
[2026-05-15 13:17:57] [INFO]       ================================================================================
[2026-05-15 13:17:57] [INFO]       ================================================================================================================================================================================================================================================
[2026-05-15 13:17:57] [INFO]       ================================================================================
[2026-05-15 13:17:57] [INFO]       ================================================================================================================================================================================================================================================
[2026-05-15 13:17:57] [INFO]       ================================================================================
[2026-05-15 13:17:57] [INFO]       ================================================================================================================================================================================================================================================
[2026-05-15 13:17:57] [INFO]       ================================================================================
[2026-05-15 13:17:57] [INFO]       ================================================================================================================================================================================================================================================
[2026-05-15 13:17:57] [INFO]       ================================================================================
[2026-05-15 13:17:57] [INFO]       ================================================================================================================================================================================================================================================
[2026-05-15 13:17:57] [INFO]       ================================================================================
[2026-05-15 13:17:57] [INFO]       ================================================================================================================================================================================================================================================
[2026-05-15 13:17:57] [INFO]       ================================================================================================================================================================================================================================================
[2026-05-15 13:17:57] [INFO] ================================================================================
[2026-05-15 13:17:57] [INFO] STEP COMPLETED SUCCESSFULLY (0.0 seconds)
[2026-05-15 13:17:57] [INFO] ================================================================================
