[2026-05-15 13:17:57] [INFO] ================================================================================
[2026-05-15 13:17:57] [INFO] STEP step_016_control_pulsar_analysis STARTED
[2026-05-15 13:17:57] [INFO] Description: Control pulsar analysis
[2026-05-15 13:17:57] [INFO] Physics: Analyze J1603-7202 control pulsar results and validate opposite-sign holonomy prediction
[2026-05-15 13:17:57] [INFO] Method: Comprehensive J1603 control pulsar analysis with closure delays, verify opposite signs to J0437, validate velocity geometry predictions
[2026-05-15 13:17:57] [INFO] ================================================================================
[2026-05-15 13:17:57] [INFO]       ================================================================================================================================================================================================================================================
[2026-05-15 13:17:57] [INFO]       ================================================================================================================================================================================================================================================
[2026-05-15 13:17:57] [INFO]       ================================================================================
[2026-05-15 13:17:57] [INFO]       ================================================================================================================================================================================================================================================
[2026-05-15 13:17:57] [INFO]        Signed mean = -0.145 ns (t = -0.51)
[2026-05-15 13:17:57] [INFO]        Would produce 5sigma detection: False
[2026-05-15 13:17:57] [INFO]        Status: PASS - No spurious detection
[2026-05-15 13:17:57] [WARNING] [WARN]  STATUS: DATA NOT YET AVAILABLE
[2026-05-15 13:17:57] [INFO]        Acquire archival J0613 dynamic spectra from the CSIRO Data Access Portal
[2026-05-15 13:17:57] [INFO]        Or download manually from CSIRO DAP and place in data/raw/j0613/
[2026-05-15 13:17:57] [INFO]       --------------------------------------------------------------------------------
[2026-05-15 13:17:57] [INFO]       --------------------------------------------------------------------------------
[2026-05-15 13:17:57] [INFO]       ================================================================================================================================================================================================================================================
[2026-05-15 13:17:57] [INFO] ================================================================================
[2026-05-15 13:17:57] [INFO] STEP COMPLETED SUCCESSFULLY (0.0 seconds)
[2026-05-15 13:17:57] [INFO] ================================================================================
