[2026-05-15 13:17:54] [INFO] ================================================================================
[2026-05-15 13:17:54] [INFO] STEP step_012_environmental_dependence STARTED
[2026-05-15 13:17:54] [INFO] Description: Environmental dependence and Ambient Symmetry Restoration analysis
[2026-05-15 13:17:54] [INFO] Physics: TEP v0.8 continuous gradient suppression: α_eff ∝ D^-1.6 scaling with Galactocentric distance
[2026-05-15 13:17:54] [INFO] Method: Temporal Shear scaling relations, Ambient Symmetry Restoration predictions, multi-pulsar replication framework
[2026-05-15 13:17:54] [INFO] ================================================================================
[2026-05-15 13:17:54] [INFO]       ================================================================================
[2026-05-15 13:17:54] [INFO]       STEP 012: ENVIRONMENTAL DEPENDENCE ANALYSIS
[2026-05-15 13:17:54] [INFO]       ================================================================================
[2026-05-15 13:17:54] [INFO]       Analyzing environmental dependence of holonomy magnitude
[2026-05-15 13:17:54] [INFO]       Purpose: Establish framework for independent replication studies
[2026-05-15 13:17:54] [INFO]       Loaded closure delays from /Users/matthewsmawfield/www/Temporal Equivalence Principle/TEP-J0437/results/step_003_closure_final_summary.json
[2026-05-15 13:17:54] [INFO]       
Density Correlation Analysis:
[2026-05-15 13:17:54] [INFO]       {
  "shear_correlation": {
    "note": "Full analysis requires multi-pulsar data",
    "current_limitation": "Single pulsar (J0437-4715) limits environmental dependence analysis",
    "proxy_analysis": "Arclet count and SNR serve as proxies for ISM complexity and Temporal Shear",
    "v0.8_framework": "Correlation tracks Temporal Shear (\u2207\u03c6), the operative quantity in continuous geometric screening",
    "status": "deferred_to_multi_pulsar_analysis"
  }
}
[2026-05-15 13:17:54] [INFO]       
Predictions for Candidate Replication Pulsars:
[2026-05-15 13:17:54] [INFO]       --------------------------------------------------------------------------------
[2026-05-15 13:17:54] [INFO]       
Pulsar: PSR J0437-4715
[2026-05-15 13:17:54] [INFO]         Distance: 156 pc
[2026-05-15 13:17:54] [INFO]         Flux: 150 mJy
[2026-05-15 13:17:54] [INFO]         Screen distances: [89.8, 124.0] pc
[2026-05-15 13:17:54] [INFO]         Density: 1.00e-24 g/cm³
[2026-05-15 13:17:54] [INFO]         |Observed H|: 8.100 ns
[2026-05-15 13:17:54] [INFO]         Note: Current study - reference measurement. Temporal Shear unsuppressed in local ISM.
[2026-05-15 13:17:54] [INFO]       
Pulsar: PSR J1713+0747
[2026-05-15 13:17:54] [INFO]         Distance: 1000 pc
[2026-05-15 13:17:54] [INFO]         Flux: 8 mJy
[2026-05-15 13:17:54] [INFO]         Screen distances: None pc
[2026-05-15 13:17:54] [INFO]         Density: 1.00e-24 g/cm³
[2026-05-15 13:17:54] [INFO]         |Predicted H|: None (requires screen distance measurement)
[2026-05-15 13:17:54] [INFO]         Note: Candidate for replication - requires scintillation data to measure screen distances before prediction.
[2026-05-15 13:17:54] [INFO]       
Pulsar: PSR J1909-3744
[2026-05-15 13:17:54] [INFO]         Distance: 1100 pc
[2026-05-15 13:17:54] [INFO]         Flux: 3 mJy
[2026-05-15 13:17:54] [INFO]         Screen distances: None pc
[2026-05-15 13:17:54] [INFO]         Density: 1.00e-24 g/cm³
[2026-05-15 13:17:54] [INFO]         |Predicted H|: None (requires screen distance measurement)
[2026-05-15 13:17:54] [INFO]         Note: Candidate for replication - requires scintillation data to measure screen distances before prediction.
[2026-05-15 13:17:54] [INFO]       
Pulsar: PSR J1643-1224
[2026-05-15 13:17:54] [INFO]         Distance: 350 pc
[2026-05-15 13:17:54] [INFO]         Flux: 15 mJy
[2026-05-15 13:17:54] [INFO]         Screen distances: None pc
[2026-05-15 13:17:54] [INFO]         Density: 1.00e-24 g/cm³
[2026-05-15 13:17:54] [INFO]         |Predicted H|: None (requires screen distance measurement)
[2026-05-15 13:17:54] [INFO]         Note: Candidate for replication - requires scintillation data to measure screen distances before prediction.
[2026-05-15 13:17:54] [INFO]       
Replication Framework:
[2026-05-15 13:17:54] [INFO]       --------------------------------------------------------------------------------
[2026-05-15 13:17:54] [INFO]       {
  "target_pulsar_criteria": {
    "minimum_flux_mjy": 50,
    "minimum_observation_years": 5,
    "minimum_epochs": 100,
    "minimum_arclets_per_epoch": 3,
    "well_characterized_ism": true
  },
  "analysis_requirements": {
    "use_same_pipeline": true,
    "fixed_random_seeds": true,
    "multiple_comparison_correction": "Bonferroni",
    "significance_threshold": "5sigma after correction"
  },
  "testable_hypotheses": {
    "TEP_prediction_1": "|H| scales with Temporal Shear (\u2207\u03c6), which tracks ISM density gradients in the continuous screening paradigm",
    "TEP_prediction_2": "|H| scales with screen distance through integrated Temporal Shear",
    "TEP_prediction_3": "Bipolar structure preserved across environments",
    "TEP_prediction_4": "Magnitude equality holds across environments",
    "TEP_prediction_5": "Ambient Symmetry Restoration: \u03b1_eff \u221d D^-1.6 (environment-dependent scalar coupling scaling with Galactocentric distance)",
    "alternative_prediction": "No environmental dependence expected for standard ISM effects"
  },
  "ambient_symmetry_restoration": {
    "description": "TEP v0.8 predicts environment-dependent scalar coupling \u03b1_eff \u221d D^-1.6",
    "scaling_relation": "\u03b1_eff = \u03b1_0 * (D / D_0)^-1.6",
    "physical_basis": "Non-linear superposition of field gradients (Temporal Shear) in continuous screening",
    "implications": "Coupling strength varies with Galactic environment, predicting weaker effects at larger Galactocentric radii",
    "testable": true
  },
  "success_criteria": {
    "detection_significance": ">5sigma after multiple comparison correction",
    "bipolar_structure_confirmed": "Both signs significant, magnitudes equal",
    "environmental_scaling": "|H varies with ISM parameters as predicted",
    "reproducibility": "Independent groups obtain consistent results"
  }
}
[2026-05-15 13:17:54] [INFO]       
Results saved to: /Users/matthewsmawfield/www/Temporal Equivalence Principle/TEP-J0437/results/step_012_environmental_dependence_results.json
[2026-05-15 13:17:54] [INFO]       ================================================================================
[2026-05-15 13:17:54] [INFO]       STEP 012 COMPLETED SUCCESSFULLY
[2026-05-15 13:17:54] [INFO]       ================================================================================
[2026-05-15 13:17:54] [INFO] ================================================================================
[2026-05-15 13:17:54] [INFO] STEP COMPLETED SUCCESSFULLY (0.0 seconds)
[2026-05-15 13:17:54] [INFO] ================================================================================
