[2026-05-17 16:12:13] [INFO] ================================================================================
[2026-05-17 16:12:13] [INFO] STEP step_017_orientation_algorithm STARTED
[2026-05-17 16:12:13] [INFO] Description: Orientation assignment algorithm documentation
[2026-05-17 16:12:13] [INFO] Physics: Explicit definition of clockwise vs counter-clockwise triplet orientation and closure-sign conventions in (τ, f_D) space
[2026-05-17 16:12:13] [INFO] Method: Generate reproducible mathematical specification used by closure extraction and validation steps
[2026-05-17 16:12:13] [INFO] ================================================================================
[2026-05-17 16:12:13] [INFO]       ================================================================================================================================================================================================================================================
[2026-05-17 16:12:13] [INFO]       ================================================================================================================================================================================================================================================
[2026-05-17 16:12:14] [INFO]       ================================================================================
[2026-05-17 16:12:14] [INFO]       ================================================================================================================================================================================================================================================
[2026-05-17 16:12:14] [INFO]       1. TRIPLET DEFINITION:
[2026-05-17 16:12:14] [INFO]        T = {P_0, P_1, P_2} where P_i = (tau_i, f_Di)
[2026-05-17 16:12:14] [INFO]        where P_i = (tau_i, f_Di) in secondary spectrum coordinates
[2026-05-17 16:12:14] [INFO]       2. CLOSURE DELAY CALCULATION:
[2026-05-17 16:12:14] [INFO]        Formula: Delta = tau_01 + tau_12 - tau_02
[2026-05-17 16:12:14] [INFO]        GR Prediction: Delta ≡ 0 (delays are additive in standard physics)
[2026-05-17 16:12:14] [INFO]        TEP Prediction: Delta ≠ 0 (non-zero holonomy from disformal coupling)
[2026-05-17 16:12:14] [INFO]       3. ORIENTATION ASSIGNMENT:
[2026-05-17 16:12:14] [INFO]        Delta < 0: Clockwise (CW)
[2026-05-17 16:12:14] [INFO]        Delta > 0: Counter-Clockwise (CCW)
[2026-05-17 16:12:14] [INFO]       ================================================================================
[2026-05-17 16:12:14] [INFO]       ================================================================================================================================================================================================================================================
[2026-05-17 16:12:14] [INFO]        Status: PASS - No index bias
[2026-05-17 16:12:14] [INFO]        Status: PASS - Geometric interpretation validated
[2026-05-17 16:12:14] [INFO]        Status: PASS - Orientation reversal is consistent
[2026-05-17 16:12:14] [INFO]       ================================================================================
[2026-05-17 16:12:14] [INFO]       ================================================================================================================================================================================================================================================
[2026-05-17 16:12:14] [INFO]       ================================================================================================================================================================================================================================================
[2026-05-17 16:12:14] [INFO] ================================================================================
[2026-05-17 16:12:14] [INFO] STEP COMPLETED SUCCESSFULLY (0.2 seconds)
[2026-05-17 16:12:14] [INFO] ================================================================================
