[2026-05-15 13:17:54] [INFO] ================================================================================
[2026-05-15 13:17:54] [INFO] STEP step_009_parameter_sensitivity STARTED
[2026-05-15 13:17:54] [INFO] Description: Parameter sensitivity analysis
[2026-05-15 13:17:54] [INFO] Physics: Testing robustness to parameter choices and threshold selections
[2026-05-15 13:17:54] [INFO] Method: CV threshold analysis, bootstrap sample size analysis, significance threshold analysis, edge margin analysis, SNR threshold analysis
[2026-05-15 13:17:54] [INFO] ================================================================================
[2026-05-15 13:17:54] [INFO]       ==================================================================================================================================================================================================================
[2026-05-15 13:17:54] [INFO]       ==================================================================================================================================================================================================================
[2026-05-15 13:17:54] [INFO]       ======================================================================
[2026-05-15 13:17:54] [INFO]       ==================================================================================================================================================================================================================
[2026-05-15 13:17:54] [INFO]       Observed CV: 0.641
[2026-05-15 13:17:54] [INFO]       Minimum threshold for PASS: 0.7
[2026-05-15 13:17:54] [INFO]       - Observed CV = 0.641 reflects genuine ISM structure variability
[2026-05-15 13:17:54] [INFO]       - CV = 0.3 is too strict for ISM complexity (would FAIL)
[2026-05-15 13:17:54] [INFO]       - CV = 0.5 allows for expected ISM structure variability
[2026-05-15 13:17:54] [INFO]       - Observed CV (0.641) is consistent with ISM studies showing CV > 0.3
[2026-05-15 13:17:54] [INFO]       - CV = 0.5 is a reasonable threshold for ISM variability analysis
[2026-05-15 13:17:54] [INFO]       - The stratification test itself uses CV to assess consistency
[2026-05-15 13:17:54] [INFO]       - A higher CV threshold (0.7) would be more appropriate for observed data
[2026-05-15 13:17:54] [INFO]       Test result: PASS
[2026-05-15 13:17:54] [INFO]       ======================================================================
[2026-05-15 13:17:54] [INFO]       ==================================================================================================================================================================================================================
[2026-05-15 13:17:54] [INFO]       - CI width stabilizes to within 0.001 ns by n=10,000
[2026-05-15 13:17:54] [INFO]       - Computational cost: 10,000 samples ~ 1 second on modern hardware
[2026-05-15 13:17:54] [INFO]       - Convergence checked between the two largest sweep sizes (default: n=5,000 vs n=10,000)
[2026-05-15 13:17:54] [INFO]       - Standard practice in literature: 1,000-10,000 bootstrap samples
[2026-05-15 13:17:54] [INFO]       Test result: PASS
[2026-05-15 13:17:54] [INFO]       CI width difference (n=5000 vs n=10000): 0.0028 ns
[2026-05-15 13:17:54] [INFO]       ======================================================================
[2026-05-15 13:17:54] [INFO]       ==================================================================================================================================================================================================================
[2026-05-15 13:17:54] [INFO]       - Common high-significance reference: 5sigma (p ≈ 3x10⁻⁷)
[2026-05-15 13:17:54] [INFO]       - Current detection: 91.8sigma (exceeds 5sigma by factor of 18.4)
[2026-05-15 13:17:54] [INFO]       - Even at 50sigma threshold, detection still passes
[2026-05-15 13:17:54] [INFO]       - Result is extraordinarily robust to threshold choice
[2026-05-15 13:17:54] [INFO]       Test result: PASS
[2026-05-15 13:17:54] [INFO]       ======================================================================
[2026-05-15 13:17:54] [INFO]       ==================================================================================================================================================================================================================
[2026-05-15 13:17:54] [INFO]       |H|_mean: 0.300 ns
[2026-05-15 13:17:54] [INFO]       Std: 49.001 ns
[2026-05-15 13:17:54] [INFO]       Range: 744.615 ns
[2026-05-15 13:17:54] [INFO]       Edge margin 1%: 6495/19167 (33.9%)
[2026-05-15 13:17:54] [INFO]       Edge margin 5%: 15307/19167 (79.9%)
[2026-05-15 13:17:54] [INFO]       Edge margin 10%: 17487/19167 (91.2%)
[2026-05-15 13:17:54] [INFO]       - 1% margin excludes 33.9% of triplets
[2026-05-15 13:17:54] [INFO]       - This is acceptable for spectral analysis edge effects
[2026-05-15 13:17:54] [INFO]       - Standard practice in spectral analysis: 1-5% edge margin
[2026-05-15 13:17:54] [INFO]       - Edge regions are prone to aliasing artifacts
[2026-05-15 13:17:54] [INFO]       - Excluding edge data improves reliability of measurements
[2026-05-15 13:17:54] [INFO]       - The remaining data (66.1%) is highly significant
[2026-05-15 13:17:54] [INFO]       - 10% margin would exclude 91.2% (too much data loss)
[2026-05-15 13:17:54] [INFO]       Test result: FAIL
[2026-05-15 13:17:54] [INFO]       ======================================================================
[2026-05-15 13:17:54] [INFO]       ==================================================================================================================================================================================================================
[2026-05-15 13:17:54] [INFO]       Min: 3
[2026-05-15 13:17:54] [INFO]       Max: 2427
[2026-05-15 13:17:54] [INFO]       Mean: 47.4
[2026-05-15 13:17:54] [INFO]       Median: 13.0
[2026-05-15 13:17:54] [INFO]       - Minimum requirement: 3 arclets needed for closure triplets
[2026-05-15 13:17:54] [INFO]       - Using minimum threshold maximizes data utilization
[2026-05-15 13:17:54] [INFO]       - Quality control applied elsewhere (SNR, outlier removal)
[2026-05-15 13:17:54] [INFO]       - t > 3 is standard significance threshold for epoch-level analysis
[2026-05-15 13:17:54] [INFO]       - The test uses epoch-level data (lower N) so t > 3 is appropriate
[2026-05-15 13:17:54] [INFO]       Test result: FAIL
[2026-05-15 13:17:54] [INFO]       Results saved to: /Users/matthewsmawfield/www/Temporal Equivalence Principle/TEP-J0437/results/step_009_parameter_sensitivity_results.json
[2026-05-15 13:17:54] [INFO]       ======================================================================
[2026-05-15 13:17:54] [INFO]       ==================================================================================================================================================================================================================
[2026-05-15 13:17:54] [INFO]       Tests performed:
[2026-05-15 13:17:54] [INFO]       ======================================================================
[2026-05-15 13:17:54] [INFO] ================================================================================
[2026-05-15 13:17:54] [INFO] STEP COMPLETED SUCCESSFULLY (0.1 seconds)
[2026-05-15 13:17:54] [INFO] ================================================================================
