[2026-05-15 13:18:15] [INFO] ================================================================================
[2026-05-15 13:18:15] [INFO] STEP step_029_jiamusi_analysis STARTED
[2026-05-15 13:18:15] [INFO] Description: Jiamusi data ingestion and secondary-spectrum analysis
[2026-05-15 13:18:15] [INFO] Physics: Prepare archival Jiamusi pulsar dynamic spectra for closure-delay processing
[2026-05-15 13:18:15] [INFO] Method: Download/validate .dat files, parse to arrays, build catalogs, and compute secondary-spectrum diagnostics
[2026-05-15 13:18:15] [INFO] ================================================================================
[2026-05-15 13:18:15] [INFO]       ======================================================================
[2026-05-15 13:18:15] [INFO]       Jiamusi Pulsar Data Analysis
[2026-05-15 13:18:15] [INFO]       ======================================================================
[2026-05-15 13:18:15] [INFO]       Source: Wang et al. (2018), A&A 618, A186
[2026-05-15 13:18:15] [INFO]       Data: http://zmtt.bao.ac.cn/psr-jms/
[2026-05-15 13:18:15] [INFO]       ======================================================================
[2026-05-15 13:18:15] [INFO]       Downloading Jiamusi pulsar data...
[2026-05-15 13:18:15] [INFO]         B0329+54: 3 epochs
[2026-05-15 13:18:15] [INFO]         B0355+54: 5 epochs
[2026-05-15 13:18:15] [INFO]         B0540+23: 3 epochs
[2026-05-15 13:18:15] [INFO]         B0740-28: 3 epochs
[2026-05-15 13:18:15] [INFO]         B1508+55: 2 epochs
[2026-05-15 13:18:15] [INFO]         B1933+16: 8 epochs
[2026-05-15 13:18:15] [INFO]         B2154+40: 3 epochs
[2026-05-15 13:18:15] [INFO]         B2310+42: 2 epochs
[2026-05-15 13:18:15] [INFO]         B2324+60: 2 epochs
[2026-05-15 13:18:15] [INFO]         B2351+61: 2 epochs
[2026-05-15 13:18:15] [INFO] [PASS] Downloaded/verified 33 Jiamusi epochs
[2026-05-15 13:18:15] [INFO]       Processing Jiamusi dynamic spectra...
[2026-05-15 13:18:15] [INFO]         Parsing B0329_201602211028d.dat...
[2026-05-15 13:18:15] [INFO]           Reshaping to (601, 256)...
[2026-05-15 13:18:15] [INFO] [PASS]   Saved B0329_201602211028d.npz
[2026-05-15 13:18:15] [INFO]         Parsing B0329_201602241326d.dat...
[2026-05-15 13:18:15] [INFO]           Reshaping to (844, 256)...
[2026-05-15 13:18:15] [INFO] [PASS]   Saved B0329_201602241326d.npz
[2026-05-15 13:18:15] [INFO]         Parsing B0329_201711081846d.dat...
[2026-05-15 13:18:15] [INFO]           Reshaping to (1310, 256)...
[2026-05-15 13:18:15] [INFO] [PASS]   Saved B0329_201711081846d.npz
[2026-05-15 13:18:15] [INFO]         Parsing B0355_201508202106d.dat...
[2026-05-15 13:18:16] [INFO]           Reshaping to (1299, 256)...
[2026-05-15 13:18:16] [INFO] [PASS]   Saved B0355_201508202106d.npz
[2026-05-15 13:18:16] [INFO]         Parsing B0355_201601290850d.dat...
[2026-05-15 13:18:16] [INFO]           Reshaping to (1428, 256)...
[2026-05-15 13:18:16] [INFO] [PASS]   Saved B0355_201601290850d.npz
[2026-05-15 13:18:16] [INFO]         Parsing B0355_201601292120d.dat...
[2026-05-15 13:18:16] [INFO]           Reshaping to (196, 256)...
[2026-05-15 13:18:16] [INFO] [PASS]   Saved B0355_201601292120d.npz
[2026-05-15 13:18:16] [INFO]         Parsing B0355_201711060010d.dat...
[2026-05-15 13:18:16] [INFO]           Reshaping to (962, 256)...
[2026-05-15 13:18:16] [INFO] [PASS]   Saved B0355_201711060010d.npz
[2026-05-15 13:18:16] [INFO]         Parsing B0355_201711091756d.dat...
[2026-05-15 13:18:16] [INFO]           Reshaping to (725, 256)...
[2026-05-15 13:18:16] [INFO] [PASS]   Saved B0355_201711091756d.npz
[2026-05-15 13:18:16] [INFO]         Parsing B0540_201506251100d.dat...
[2026-05-15 13:18:16] [INFO]           Reshaping to (99, 256)...
[2026-05-15 13:18:16] [INFO] [PASS]   Saved B0540_201506251100d.npz
[2026-05-15 13:18:16] [INFO]         Parsing B0540_201608090445d.dat...
[2026-05-15 13:18:16] [INFO]           Reshaping to (331, 256)...
[2026-05-15 13:18:16] [INFO] [PASS]   Saved B0540_201608090445d.npz
[2026-05-15 13:18:16] [INFO]         Parsing B0540_201711012106d.dat...
[2026-05-15 13:18:16] [INFO]           Reshaping to (670, 256)...
[2026-05-15 13:18:16] [INFO] [PASS]   Saved B0540_201711012106d.npz
[2026-05-15 13:18:16] [INFO]         Parsing B0740_201512120030d.dat...
[2026-05-15 13:18:16] [INFO]           Reshaping to (338, 256)...
[2026-05-15 13:18:16] [INFO] [PASS]   Saved B0740_201512120030d.npz
[2026-05-15 13:18:16] [INFO]         Parsing B0740_201601262105d.dat...
[2026-05-15 13:18:16] [INFO]           Reshaping to (364, 128)...
[2026-05-15 13:18:16] [INFO] [PASS]   Saved B0740_201601262105d.npz
[2026-05-15 13:18:16] [INFO]         Parsing B0740_201711020255d.dat...
[2026-05-15 13:18:16] [INFO]           Reshaping to (305, 256)...
[2026-05-15 13:18:16] [INFO] [PASS]   Saved B0740_201711020255d.npz
[2026-05-15 13:18:16] [INFO]         Parsing B1508_201512140350d.dat...
[2026-05-15 13:18:16] [INFO]           Reshaping to (136, 256)...
[2026-05-15 13:18:16] [INFO] [PASS]   Saved B1508_201512140350d.npz
[2026-05-15 13:18:16] [INFO]         Parsing B1508_201710310630d.dat...
[2026-05-15 13:18:16] [INFO]           Reshaping to (68, 256)...
[2026-05-15 13:18:16] [INFO] [PASS]   Saved B1508_201710310630d.npz
[2026-05-15 13:18:16] [INFO]         Parsing B1933_201506160205d.dat...
[2026-05-15 13:18:16] [INFO]           Reshaping to (62, 256)...
[2026-05-15 13:18:16] [INFO] [PASS]   Saved B1933_201506160205d.npz
[2026-05-15 13:18:16] [INFO]         Parsing B1933_201602190440d.dat...
[2026-05-15 13:18:16] [INFO]           Reshaping to (599, 256)...
[2026-05-15 13:18:16] [INFO] [PASS]   Saved B1933_201602190440d.npz
[2026-05-15 13:18:16] [INFO]         Parsing B1933_201602260440d.dat...
[2026-05-15 13:18:16] [INFO]           Reshaping to (1123, 256)...
[2026-05-15 13:18:16] [INFO] [PASS]   Saved B1933_201602260440d.npz
[2026-05-15 13:18:16] [INFO]         Parsing B1933_201605210150d.dat...
[2026-05-15 13:18:16] [INFO]           Reshaping to (755, 256)...
[2026-05-15 13:18:16] [INFO] [PASS]   Saved B1933_201605210150d.npz
[2026-05-15 13:18:16] [INFO]         Parsing B1933_201605212310d.dat...
[2026-05-15 13:18:16] [INFO]           Reshaping to (1070, 256)...
[2026-05-15 13:18:16] [INFO] [PASS]   Saved B1933_201605212310d.npz
[2026-05-15 13:18:16] [INFO]         Parsing B1933_201605222340d.dat...
[2026-05-15 13:18:16] [INFO]           Reshaping to (1001, 256)...
[2026-05-15 13:18:16] [INFO] [PASS]   Saved B1933_201605222340d.npz
[2026-05-15 13:18:16] [INFO]         Parsing B1933_201605240125d.dat...
[2026-05-15 13:18:16] [INFO]           Reshaping to (777, 256)...
[2026-05-15 13:18:16] [INFO] [PASS]   Saved B1933_201605240125d.npz
[2026-05-15 13:18:16] [INFO]         Parsing B1933_201605260210d.dat...
[2026-05-15 13:18:16] [INFO]           Reshaping to (400, 256)...
[2026-05-15 13:18:16] [INFO] [PASS]   Saved B1933_201605260210d.npz
[2026-05-15 13:18:16] [INFO]         Parsing B2154_201601251455d.dat...
[2026-05-15 13:18:16] [INFO]           Reshaping to (324, 256)...
[2026-05-15 13:18:16] [INFO] [PASS]   Saved B2154_201601251455d.npz
[2026-05-15 13:18:16] [INFO]         Parsing B2154_201710312035d.dat...
[2026-05-15 13:18:17] [INFO]           Reshaping to (548, 256)...
[2026-05-15 13:18:17] [INFO] [PASS]   Saved B2154_201710312035d.npz
[2026-05-15 13:18:17] [INFO]         Parsing B2154_201711101140d.dat...
[2026-05-15 13:18:17] [INFO]           Reshaping to (425, 256)...
[2026-05-15 13:18:17] [INFO] [PASS]   Saved B2154_201711101140d.npz
[2026-05-15 13:18:17] [INFO]         Parsing B2310_201507202135d.dat...
[2026-05-15 13:18:17] [INFO]           Reshaping to (98, 256)...
[2026-05-15 13:18:17] [INFO] [PASS]   Saved B2310_201507202135d.npz
[2026-05-15 13:18:17] [INFO]         Parsing B2310_201710252101d.dat...
[2026-05-15 13:18:17] [INFO]           Reshaping to (722, 256)...
[2026-05-15 13:18:17] [INFO] [PASS]   Saved B2310_201710252101d.npz
[2026-05-15 13:18:17] [INFO]         Parsing B2324_201703291426d.dat...
[2026-05-15 13:18:17] [INFO]           Reshaping to (188, 256)...
[2026-05-15 13:18:17] [INFO] [PASS]   Saved B2324_201703291426d.npz
[2026-05-15 13:18:17] [INFO]         Parsing B2324_201711041040d.dat...
[2026-05-15 13:18:17] [INFO]           Reshaping to (347, 256)...
[2026-05-15 13:18:17] [INFO] [PASS]   Saved B2324_201711041040d.npz
[2026-05-15 13:18:17] [INFO]         Parsing B2351_201506190015d.dat...
[2026-05-15 13:18:17] [INFO]           Reshaping to (24, 256)...
[2026-05-15 13:18:17] [INFO] [PASS]   Saved B2351_201506190015d.npz
[2026-05-15 13:18:17] [INFO]         Parsing B2351_201608110515d.dat...
[2026-05-15 13:18:17] [INFO]           Reshaping to (100, 267)...
[2026-05-15 13:18:17] [WARNING] [WARN]     Array size mismatch: expected 26700, got 25600. Skipping file.
[2026-05-15 13:18:17] [WARNING] [WARN]   Skipping B2351_201608110515d.dat (parse returned None)
[2026-05-15 13:18:17] [INFO] [PASS] Catalog saved: /Users/matthewsmawfield/www/Temporal Equivalence Principle/TEP-J0437/data/processed/jiamusi/jiamusi_epoch_catalog.json
[2026-05-15 13:18:17] [INFO]       Analyzing Jiamusi data...
[2026-05-15 13:18:17] [INFO]         Processing B0329_201602211028d.npz...
[2026-05-15 13:18:17] [INFO]           Max secondary: 799942442216.24
[2026-05-15 13:18:17] [INFO]         Processing B0329_201602241326d.npz...
[2026-05-15 13:18:17] [INFO]           Max secondary: 953606892916.72
[2026-05-15 13:18:17] [INFO]         Processing B0329_201711081846d.npz...
[2026-05-15 13:18:17] [INFO]           Max secondary: 12145016509359.61
[2026-05-15 13:18:17] [INFO]         Processing B0355_201508202106d.npz...
[2026-05-15 13:18:17] [INFO]           Max secondary: 109131296073.90
[2026-05-15 13:18:17] [INFO]         Processing B0355_201601290850d.npz...
[2026-05-15 13:18:17] [INFO]           Max secondary: 50403999913.93
[2026-05-15 13:18:17] [INFO]         Processing B0355_201601292120d.npz...
[2026-05-15 13:18:17] [INFO]           Max secondary: 694043379.90
[2026-05-15 13:18:17] [INFO]         Processing B0355_201711060010d.npz...
[2026-05-15 13:18:17] [INFO]           Max secondary: 294275401682.78
[2026-05-15 13:18:17] [INFO]         Processing B0355_201711091756d.npz...
[2026-05-15 13:18:17] [INFO]           Max secondary: 12312577047.18
[2026-05-15 13:18:17] [INFO]         Processing B0540_201506251100d.npz...
[2026-05-15 13:18:17] [INFO]           Max secondary: 310432656.02
[2026-05-15 13:18:17] [INFO]         Processing B0540_201608090445d.npz...
[2026-05-15 13:18:17] [INFO]           Max secondary: 462967361.36
[2026-05-15 13:18:17] [INFO]         Processing B0540_201711012106d.npz...
[2026-05-15 13:18:17] [INFO]           Max secondary: 6931313346.84
[2026-05-15 13:18:17] [INFO]         Processing B0740_201512120030d.npz...
[2026-05-15 13:18:17] [INFO]           Max secondary: 924592851.79
[2026-05-15 13:18:17] [INFO]         Processing B0740_201601262105d.npz...
[2026-05-15 13:18:17] [INFO]           Max secondary: 546048437.59
[2026-05-15 13:18:17] [INFO]         Processing B0740_201711020255d.npz...
[2026-05-15 13:18:17] [INFO]           Max secondary: 855270594.16
[2026-05-15 13:18:17] [INFO]         Processing B1508_201512140350d.npz...
[2026-05-15 13:18:17] [INFO]           Max secondary: 89508010.19
[2026-05-15 13:18:17] [INFO]         Processing B1508_201710310630d.npz...
[2026-05-15 13:18:17] [INFO]           Max secondary: 430699196.12
[2026-05-15 13:18:17] [INFO]         Processing B1933_201506160205d.npz...
[2026-05-15 13:18:17] [INFO]           Max secondary: 425998692.89
[2026-05-15 13:18:17] [INFO]         Processing B1933_201602190440d.npz...
[2026-05-15 13:18:17] [INFO]           Max secondary: 10094500206.34
[2026-05-15 13:18:17] [INFO]         Processing B1933_201602260440d.npz...
[2026-05-15 13:18:17] [INFO]           Max secondary: 34547455394.27
[2026-05-15 13:18:17] [INFO]         Processing B1933_201605210150d.npz...
[2026-05-15 13:18:17] [INFO]           Max secondary: 34800867629.43
[2026-05-15 13:18:17] [INFO]         Processing B1933_201605212310d.npz...
[2026-05-15 13:18:17] [INFO]           Max secondary: 39050380954.63
[2026-05-15 13:18:17] [INFO]         Processing B1933_201605222340d.npz...
[2026-05-15 13:18:17] [INFO]           Max secondary: 24379995384.55
[2026-05-15 13:18:17] [INFO]         Processing B1933_201605240125d.npz...
[2026-05-15 13:18:17] [INFO]           Max secondary: 15998896652.11
[2026-05-15 13:18:17] [INFO]         Processing B1933_201605260210d.npz...
[2026-05-15 13:18:17] [INFO]           Max secondary: 1769239889.03
[2026-05-15 13:18:17] [INFO]         Processing B2154_201601251455d.npz...
[2026-05-15 13:18:17] [INFO]           Max secondary: 660574466.14
[2026-05-15 13:18:17] [INFO]         Processing B2154_201710312035d.npz...
[2026-05-15 13:18:17] [INFO]           Max secondary: 2086662990.99
[2026-05-15 13:18:17] [INFO]         Processing B2154_201711101140d.npz...
[2026-05-15 13:18:17] [INFO]           Max secondary: 558019226.82
[2026-05-15 13:18:17] [INFO]         Processing B2310_201507202135d.npz...
[2026-05-15 13:18:17] [INFO]           Max secondary: 62804816.85
[2026-05-15 13:18:17] [INFO]         Processing B2310_201710252101d.npz...
[2026-05-15 13:18:17] [INFO]           Max secondary: 43576968507.29
[2026-05-15 13:18:17] [INFO]         Processing B2324_201703291426d.npz...
[2026-05-15 13:18:17] [INFO]           Max secondary: 139325450.77
[2026-05-15 13:18:17] [INFO]         Processing B2324_201711041040d.npz...
[2026-05-15 13:18:17] [INFO]           Max secondary: 450606475.81
[2026-05-15 13:18:17] [INFO]         Processing B2351_201506190015d.npz...
[2026-05-15 13:18:17] [INFO]           Max secondary: 12174196.85
[2026-05-15 13:18:17] [INFO] [PASS] Results saved: /Users/matthewsmawfield/www/Temporal Equivalence Principle/TEP-J0437/results/step_029_jiamusi_secondary_spectra.json
[2026-05-15 13:18:17] [INFO]       
  Jiamusi Analysis Summary:
[2026-05-15 13:18:17] [INFO]         ==================================================
[2026-05-15 13:18:17] [INFO]         B0329: 3 epochs
[2026-05-15 13:18:17] [INFO]         B0355: 5 epochs
[2026-05-15 13:18:17] [INFO]         B0540: 3 epochs
[2026-05-15 13:18:17] [INFO]         B0740: 3 epochs
[2026-05-15 13:18:17] [INFO]         B1508: 2 epochs
[2026-05-15 13:18:17] [INFO]         B1933: 8 epochs
[2026-05-15 13:18:17] [INFO]         B2154: 3 epochs
[2026-05-15 13:18:17] [INFO]         B2310: 2 epochs
[2026-05-15 13:18:17] [INFO]         B2324: 2 epochs
[2026-05-15 13:18:17] [INFO]         B2351: 1 epochs
[2026-05-15 13:18:17] [INFO]         ==================================================
[2026-05-15 13:18:17] [INFO]       ======================================================================
[2026-05-15 13:18:17] [INFO]       Jiamusi Analysis Complete
[2026-05-15 13:18:17] [INFO]         Total epochs: 32
[2026-05-15 13:18:17] [INFO]         Raw data: /Users/matthewsmawfield/www/Temporal Equivalence Principle/TEP-J0437/data/raw/jiamusi
[2026-05-15 13:18:17] [INFO]         Processed: /Users/matthewsmawfield/www/Temporal Equivalence Principle/TEP-J0437/data/processed/jiamusi
[2026-05-15 13:18:17] [INFO]         Results: /Users/matthewsmawfield/www/Temporal Equivalence Principle/TEP-J0437/results
[2026-05-15 13:18:17] [INFO]       ======================================================================
[2026-05-15 13:18:17] [INFO] ================================================================================
[2026-05-15 13:18:17] [INFO] STEP COMPLETED SUCCESSFULLY (1.5 seconds)
[2026-05-15 13:18:17] [INFO] ================================================================================
