[2026-05-15 13:17:54] [INFO] ================================================================================
[2026-05-15 13:17:54] [INFO] STEP step_010_data_quality_metrics STARTED
[2026-05-15 13:17:54] [INFO] Description: Comprehensive data quality metrics
[2026-05-15 13:17:54] [INFO] Physics: Assessment of dataset integrity and completeness
[2026-05-15 13:17:54] [INFO] Method: Overall dataset statistics, epoch-by-epoch quality metrics, SNR distribution analysis, temporal trend analysis, outlier detection, data completeness assessment
[2026-05-15 13:17:54] [INFO] ================================================================================
[2026-05-15 13:17:54] [INFO]       ==================================================================================================================================================================================================================
[2026-05-15 13:17:54] [INFO]       ==================================================================================================================================================================================================================
[2026-05-15 13:17:54] [INFO]       ======================================================================
[2026-05-15 13:17:54] [INFO]       ==================================================================================================================================================================================================================
[2026-05-15 13:17:54] [INFO]       Total epochs: 1391
[2026-05-15 13:17:54] [INFO]       Total triplets: 19167
[2026-05-15 13:17:54] [INFO]       Mean triplets per epoch: 13.8
[2026-05-15 13:17:54] [INFO]       Median triplets per epoch: 20.0
[2026-05-15 13:17:54] [INFO]       Mean: 0.300 ns
[2026-05-15 13:17:54] [INFO]       Std: 49.002 ns
[2026-05-15 13:17:54] [INFO]       Median: -0.311 ns
[2026-05-15 13:17:54] [INFO]       Min: -373.096 ns
[2026-05-15 13:17:54] [INFO]       Max: 371.519 ns
[2026-05-15 13:17:54] [INFO]       Skewness: 0.026
[2026-05-15 13:17:54] [INFO]       Kurtosis: 10.861
[2026-05-15 13:17:54] [INFO]       Mean SNR: 79935.13
[2026-05-15 13:17:54] [INFO]       Median SNR: 16363.00
[2026-05-15 13:17:54] [INFO]       Min SNR: 6.53
[2026-05-15 13:17:54] [INFO]       Max SNR: 6950299.50
[2026-05-15 13:17:54] [INFO]       ======================================================================
[2026-05-15 13:17:54] [INFO]       ==================================================================================================================================================================================================================
[2026-05-15 13:17:54] [INFO]       Low SNR epochs: 0/1391 (0.0%)
[2026-05-15 13:17:54] [INFO]       Outlier epochs: 14/1391 (1.0%)
[2026-05-15 13:17:54] [INFO]       Low triplet count epochs: 298/1391 (21.4%)
[2026-05-15 13:17:54] [INFO]       ======================================================================
[2026-05-15 13:17:54] [INFO]       ==================================================================================================================================================================================================================
[2026-05-15 13:17:54] [INFO]       Mean: 79935.13
[2026-05-15 13:17:54] [INFO]       Median: 16363.00
[2026-05-15 13:17:54] [INFO]       Std: 195599.20
[2026-05-15 13:17:54] [INFO]       ======================================================================
[2026-05-15 13:17:54] [INFO]       ==================================================================================================================================================================================================================
[2026-05-15 13:17:54] [INFO]       Start MJD: 52621.5
[2026-05-15 13:17:54] [INFO]       End MJD: 58691.8
[2026-05-15 13:17:54] [INFO]       Span: 6070.3 days (16.6 years)
[2026-05-15 13:17:54] [INFO]       MJD vs n_triplets: r = 0.039, p = 1.51e-01
[2026-05-15 13:17:54] [INFO]       MJD |H|: r = -0.282, p = 7.74e-27
[2026-05-15 13:17:54] [INFO]       MJD vs std: r = -0.379, p = 9.45e-49
[2026-05-15 13:17:54] [INFO]       ======================================================================
[2026-05-15 13:17:54] [INFO]       ==================================================================================================================================================================================================================
[2026-05-15 13:17:54] [INFO]       Lower bound: -89.635 ns
[2026-05-15 13:17:54] [INFO]       Upper bound: 89.490 ns
[2026-05-15 13:17:54] [INFO]       Outliers detected: 1285/19167 (6.70%)
[2026-05-15 13:17:54] [INFO]       Outlier epochs: 200/1391
[2026-05-15 13:17:54] [INFO]       ======================================================================
[2026-05-15 13:17:54] [INFO]       ==================================================================================================================================================================================================================
[2026-05-15 13:17:54] [INFO]       Epochs with MJD: 1391/1391 (100.0%)
[2026-05-15 13:17:54] [INFO]       Epochs without MJD: 0/1391 (0.0%)
[2026-05-15 13:17:54] [INFO]       Non-empty epochs: 1391/1391 (100.0%)
[2026-05-15 13:17:54] [INFO]       Empty epochs: 0/1391 (0.0%)
[2026-05-15 13:17:54] [INFO]       Epochs with SNR: 1391/1391 (100.0%)
[2026-05-15 13:17:54] [INFO]       Epochs without SNR: 0/1391 (0.0%)
[2026-05-15 13:17:54] [INFO]       Results saved to: /Users/matthewsmawfield/www/Temporal Equivalence Principle/TEP-J0437/results/step_010_data_quality_metrics.json
[2026-05-15 13:17:54] [INFO]       ======================================================================
[2026-05-15 13:17:54] [INFO]       ==================================================================================================================================================================================================================
[2026-05-15 13:17:54] [INFO]       Quality metrics generated:
[2026-05-15 13:17:54] [INFO]       ======================================================================
[2026-05-15 13:17:54] [INFO] ================================================================================
[2026-05-15 13:17:54] [INFO] STEP COMPLETED SUCCESSFULLY (0.2 seconds)
[2026-05-15 13:17:54] [INFO] ================================================================================
