[2026-05-17 16:12:14] [INFO] ================================================================================
[2026-05-17 16:12:14] [INFO] STEP step_021_epoch_level_analysis STARTED
[2026-05-17 16:12:14] [INFO] Description: Epoch-level significance analysis
[2026-05-17 16:12:14] [INFO] Physics: Address temporal consistency falsification by testing individual epochs rather than only pooled summaries
[2026-05-17 16:12:14] [INFO] Method: Bootstrap CI for epoch-|H|, multiple-comparison correction (Bonferroni), hierarchical epoch-effect models where applicable
[2026-05-17 16:12:14] [INFO] ================================================================================
[2026-05-17 16:12:14] [INFO]       
Computing epoch-level |H| with bootstrap CI...
[2026-05-17 16:12:14] [INFO]       
  Epoch  MJD          n_trip   H_mean     H_std      SEM        t-stat     Signif  
[2026-05-17 16:12:14] [INFO]         ------------------------------------------------------------------------------------------
[2026-05-17 16:12:14] [INFO]         2      53605.70     3        13.489     2.3999     2.3999     5.62       YES     
[2026-05-17 16:12:14] [INFO]         6      53610.93     20       17.395     2.2241     2.2241     7.82       YES     
[2026-05-17 16:12:14] [INFO]         9      53542.04     20       11.880     3.7694     3.7694     3.15       NO      
[2026-05-17 16:12:14] [INFO]         10     53611.72     20       8.976      1.2702     1.2702     7.07       YES     
[2026-05-17 16:12:14] [INFO]         12     53611.75     20       14.070     2.4863     2.4863     5.66       YES     
[2026-05-17 16:12:14] [INFO]         14     53614.82     20       16.674     2.4141     2.4141     6.91       YES     
[2026-05-17 16:12:14] [INFO]         16     53685.84     20       10.969     1.8428     1.8428     5.95       YES     
[2026-05-17 16:12:14] [INFO]         17     53620.97     20       19.409     3.6841     3.6841     5.27       YES     
[2026-05-17 16:12:14] [INFO]         19     53687.68     20       5.244      1.0770     1.0770     4.87       NO      
[2026-05-17 16:12:14] [INFO]         22     53902.01     16       16.448     2.7569     2.7569     5.97       YES     
[2026-05-17 16:12:14] [INFO]         28     53900.90     20       8.217      1.1043     1.1043     7.44       YES     
[2026-05-17 16:12:14] [INFO]         29     53883.10     20       19.174     3.9642     3.9642     4.84       NO      
[2026-05-17 16:12:14] [INFO]         31     53993.74     16       11.914     1.9741     1.9741     6.04       YES     
[2026-05-17 16:12:14] [INFO]         32     53884.91     20       30.322     4.8816     4.8816     6.21       YES     
[2026-05-17 16:12:14] [INFO]         33     53918.16     20       22.412     3.8291     3.8291     5.85       YES     
[2026-05-17 16:12:14] [INFO]         37     54098.54     12       8.512      1.6128     1.6128     5.28       YES     
[2026-05-17 16:12:14] [INFO]         39     53883.15     20       8.955      2.4443     2.4443     3.66       NO      
[2026-05-17 16:12:15] [INFO]         42     54013.67     20       10.441     1.5262     1.5262     6.84       YES     
[2026-05-17 16:12:15] [INFO]         48     54120.33     20       9.356      1.7962     1.7962     5.21       YES     
[2026-05-17 16:12:15] [INFO]         49     54170.24     3        41.739     11.7700    11.7700    3.55       NO      
[2026-05-17 16:12:15] [INFO]         ... Processed 50/1391 epochs
[2026-05-17 16:12:15] [INFO]         50     54170.29     10       29.967     4.5620     4.5620     6.57       YES     
[2026-05-17 16:12:15] [INFO]         51     54100.66     20       13.828     1.5282     1.5282     9.05       YES     
[2026-05-17 16:12:15] [INFO]         53     54174.35     3        21.011     2.5656     2.5656     8.19       YES     
[2026-05-17 16:12:15] [INFO]         55     54013.62     20       5.657      0.9285     0.9285     6.09       YES     
[2026-05-17 16:12:15] [INFO]         56     54177.38     20       21.535     3.7218     3.7218     5.79       YES     
[2026-05-17 16:12:15] [INFO]         59     54160.39     20       20.480     4.3704     4.3704     4.69       NO      
[2026-05-17 16:12:15] [INFO]         60     54222.36     12       28.765     3.8213     3.8213     7.53       YES     
[2026-05-17 16:12:15] [INFO]         61     54162.38     20       19.260     3.0964     3.0964     6.22       YES     
[2026-05-17 16:12:15] [INFO]         64     54203.11     14       37.313     4.4481     4.4481     8.39       YES     
[2026-05-17 16:12:15] [INFO]         65     54226.13     3        23.619     0.1442     0.1442     163.80     YES     
[2026-05-17 16:12:15] [INFO]         66     54202.37     20       26.142     4.9947     4.9947     5.23       YES     
[2026-05-17 16:12:15] [INFO]         69     54226.34     1        38.809     0.0000     0.0000     0.00       NO      
[2026-05-17 16:12:15] [INFO]         71     53931.96     20       5.082      0.7710     0.7710     6.59       YES     
[2026-05-17 16:12:15] [INFO]         74     54169.14     20       18.102     3.3991     3.3991     5.33       YES     
[2026-05-17 16:12:15] [INFO]         76     54176.16     20       29.319     4.6151     4.6151     6.35       YES     
[2026-05-17 16:12:15] [INFO]         77     54100.30     20       12.553     2.0665     2.0665     6.07       YES     
[2026-05-17 16:12:15] [INFO]         79     54227.13     10       18.977     3.2508     3.2508     5.84       YES     
[2026-05-17 16:12:15] [INFO]         83     54226.11     20       16.994     2.7668     2.7668     6.14       YES     
[2026-05-17 16:12:15] [INFO]         85     54241.10     11       26.237     3.8452     3.8452     6.82       YES     
[2026-05-17 16:12:15] [INFO]         87     54226.33     20       26.960     3.2711     3.2711     8.24       YES     
[2026-05-17 16:12:15] [INFO]         89     54262.05     18       23.839     3.9746     3.9746     6.00       YES     
[2026-05-17 16:12:15] [INFO]         90     54259.04     20       33.662     6.5920     6.5920     5.11       YES     
[2026-05-17 16:12:15] [INFO]         91     54262.04     20       22.626     3.2530     3.2530     6.96       YES     
[2026-05-17 16:12:15] [INFO]         92     54262.06     20       18.971     3.2752     3.2752     5.79       YES     
[2026-05-17 16:12:15] [INFO]         95     54262.09     19       26.056     4.3823     4.3823     5.95       YES     
[2026-05-17 16:12:15] [INFO]         96     54262.07     20       16.345     2.4566     2.4566     6.65       YES     
[2026-05-17 16:12:15] [INFO]         97     54262.01     20       17.488     3.1840     3.1840     5.49       YES     
[2026-05-17 16:12:15] [INFO]         99     54316.00     1        4.025      0.0000     0.0000     0.00       NO      
[2026-05-17 16:12:15] [INFO]         ... Processed 100/1391 epochs
[2026-05-17 16:12:15] [INFO]         100    54244.27     20       8.940      1.6698     1.6698     5.35       YES     
[2026-05-17 16:12:15] [INFO]         101    54243.16     19       31.320     4.8537     4.8537     6.45       YES     
[2026-05-17 16:12:15] [INFO]         102    54244.95     20       25.769     4.8946     4.8946     5.26       YES     
[2026-05-17 16:12:15] [INFO]         106    54261.91     20       29.396     3.7341     3.7341     7.87       YES     
[2026-05-17 16:12:15] [INFO]         109    54453.58     3        8.707      3.2018     3.2018     2.72       NO      
[2026-05-17 16:12:15] [INFO]         110    54244.99     20       24.183     4.0864     4.0864     5.92       YES     
[2026-05-17 16:12:15] [INFO]         111    54454.73     20       14.367     2.3848     2.3848     6.02       YES     
[2026-05-17 16:12:15] [INFO]         114    54436.57     16       13.892     2.5141     2.5141     5.53       YES     
[2026-05-17 16:12:15] [INFO]         119    52651.39     3        17.638     7.1335     7.1335     2.47       NO      
[2026-05-17 16:12:15] [INFO]         120    52675.27     3        14.010     0.0926     0.0926     151.31     YES     
[2026-05-17 16:12:15] [INFO]         121    52677.26     20       60.252     9.6312     9.6312     6.26       YES     
[2026-05-17 16:12:15] [INFO]         122    52743.26     19       60.056     9.3618     9.3618     6.42       YES     
[2026-05-17 16:12:15] [INFO]         128    54459.43     20       17.760     2.5226     2.5226     7.04       YES     
[2026-05-17 16:12:15] [INFO]         129    52649.57     20       15.747     2.0107     2.0107     7.83       YES     
[2026-05-17 16:12:15] [INFO]         138    52920.66     16       11.531     1.5546     1.5546     7.42       YES     
[2026-05-17 16:12:15] [INFO]         139    52945.52     12       53.157     10.7324    10.7324    4.95       NO      
[2026-05-17 16:12:15] [INFO]         140    52978.56     20       17.122     2.6314     2.6314     6.51       YES     
[2026-05-17 16:12:15] [INFO]         141    52945.59     20       32.483     6.2516     6.2516     5.20       YES     
[2026-05-17 16:12:15] [INFO]         143    52977.69     20       34.829     6.7605     6.7605     5.15       YES     
[2026-05-17 16:12:15] [INFO]         147    52679.20     20       26.146     3.4616     3.4616     7.55       YES     
[2026-05-17 16:12:15] [INFO]         149    53121.15     20       91.349     21.5258    21.5258    4.24       NO      
[2026-05-17 16:12:15] [INFO]         ... Processed 150/1391 epochs
[2026-05-17 16:12:15] [INFO]         150    53129.33     17       69.161     13.6796    13.6796    5.06       YES     
[2026-05-17 16:12:15] [INFO]         151    53133.02     10       197.884    36.4698    36.4698    5.43       YES     
[2026-05-17 16:12:15] [INFO]         155    53133.07     20       135.729    21.5784    21.5784    6.29       YES     
[2026-05-17 16:12:15] [INFO]         156    53128.06     20       94.882     17.9930    17.9930    5.27       YES     
[2026-05-17 16:12:15] [INFO]         157    53162.08     18       107.555    16.9277    16.9277    6.35       YES     
[2026-05-17 16:12:15] [INFO]         158    53163.85     20       90.485     15.5629    15.5629    5.81       YES     
[2026-05-17 16:12:15] [INFO]         159    53167.00     20       46.521     9.6818     9.6818     4.80       NO      
[2026-05-17 16:12:15] [INFO]         160    53126.14     20       94.759     17.9169    17.9169    5.29       YES     
[2026-05-17 16:12:15] [INFO]         161    53160.96     20       96.637     14.8517    14.8517    6.51       YES     
[2026-05-17 16:12:15] [INFO]         162    53142.95     20       80.622     15.2021    15.2021    5.30       YES     
[2026-05-17 16:12:15] [INFO]         165    53162.13     20       143.932    17.3328    17.3328    8.30       YES     
[2026-05-17 16:12:15] [INFO]         166    53163.88     20       115.869    18.5295    18.5295    6.25       YES     
[2026-05-17 16:12:15] [INFO]         167    53146.14     20       56.018     8.2954     8.2954     6.75       YES     
[2026-05-17 16:12:15] [INFO]         169    53202.90     1        12.797     0.0000     0.0000     0.00       NO      
[2026-05-17 16:12:15] [INFO]         170    53144.02     20       95.835     15.9995    15.9995    5.99       YES     
[2026-05-17 16:12:15] [INFO]         171    53175.90     20       105.088    13.0152    13.0152    8.07       YES     
[2026-05-17 16:12:15] [INFO]         173    53210.85     15       21.350     2.3317     2.3317     9.16       YES     
[2026-05-17 16:12:15] [INFO]         175    53229.83     16       38.820     7.1496     7.1496     5.43       YES     
[2026-05-17 16:12:15] [INFO]         179    53230.78     6        33.314     14.0837    14.0837    2.37       NO      
[2026-05-17 16:12:15] [INFO]         180    53259.78     4        10.774     0.5125     0.5125     21.02      YES     
[2026-05-17 16:12:15] [INFO]         181    53209.88     20       36.283     6.1143     6.1143     5.93       YES     
[2026-05-17 16:12:15] [INFO]         182    53260.61     9        45.738     7.7611     7.7611     5.89       YES     
[2026-05-17 16:12:15] [INFO]         183    54458.57     20       12.648     2.2393     2.2393     5.65       YES     
[2026-05-17 16:12:15] [INFO]         189    53260.74     20       56.912     11.2116    11.2116    5.08       YES     
[2026-05-17 16:12:15] [INFO]         190    53218.81     20       94.931     15.6571    15.6571    6.06       YES     
[2026-05-17 16:12:15] [INFO]         192    53276.77     20       45.928     7.6330     7.6330     6.02       YES     
[2026-05-17 16:12:15] [INFO]         193    53275.80     20       57.001     9.6412     9.6412     5.91       YES     
[2026-05-17 16:12:15] [INFO]         195    53276.80     20       60.301     10.0961    10.0961    5.97       YES     
[2026-05-17 16:12:15] [INFO]         199    53376.43     12       40.970     9.2840     9.2840     4.41       NO      
[2026-05-17 16:12:15] [INFO]         ... Processed 200/1391 epochs
[2026-05-17 16:12:15] [INFO]         200    53276.82     20       44.143     6.5128     6.5128     6.78       YES     
[2026-05-17 16:12:15] [INFO]         201    53276.88     20       50.594     8.8883     8.8883     5.69       YES     
[2026-05-17 16:12:15] [INFO]         205    53336.45     20       22.691     3.3970     3.3970     6.68       YES     
[2026-05-17 16:12:15] [INFO]         209    53276.74     20       46.900     10.1155    10.1155    4.64       NO      
[2026-05-17 16:12:15] [INFO]         218    53614.72     20       62.183     10.0285    10.0285    6.20       YES     
[2026-05-17 16:12:15] [INFO]         219    53614.69     20       44.704     9.9930     9.9930     4.47       NO      
[2026-05-17 16:12:15] [INFO]         221    53614.87     20       77.665     11.4623    11.4623    6.78       YES     
[2026-05-17 16:12:15] [INFO]         222    53647.81     13       43.739     6.4937     6.4937     6.74       YES     
[2026-05-17 16:12:15] [INFO]         223    53685.55     9        55.341     10.9019    10.9019    5.08       YES     
[2026-05-17 16:12:15] [INFO]         224    53647.58     20       32.264     5.6395     5.6395     5.72       YES     
[2026-05-17 16:12:15] [INFO]         226    53616.80     20       64.220     11.2037    11.2037    5.73       YES     
[2026-05-17 16:12:16] [INFO]         229    53647.76     20       30.566     5.0775     5.0775     6.02       YES     
[2026-05-17 16:12:16] [INFO]         232    53688.70     20       36.585     6.6415     6.6415     5.51       YES     
[2026-05-17 16:12:16] [INFO]         235    53818.17     6        114.022    11.6918    11.6918    9.75       YES     
[2026-05-17 16:12:16] [INFO]         236    53687.68     20       30.553     5.9852     5.9852     5.10       YES     
[2026-05-17 16:12:16] [INFO]         239    53900.98     1        20.240     0.0000     0.0000     0.00       NO      
[2026-05-17 16:12:16] [INFO]         241    53902.94     9        88.012     15.4675    15.4675    5.69       YES     
[2026-05-17 16:12:16] [INFO]         243    53902.06     6        177.932    29.4196    29.4196    6.05       YES     
[2026-05-17 16:12:16] [INFO]         249    53647.72     20       22.962     5.7788     5.7788     3.97       NO      
[2026-05-17 16:12:16] [INFO]         ... Processed 250/1391 epochs
[2026-05-17 16:12:16] [INFO]         253    53846.29     20       39.161     7.0018     7.0018     5.59       YES     
[2026-05-17 16:12:16] [INFO]         256    53647.91     20       32.681     5.5764     5.5764     5.86       YES     
[2026-05-17 16:12:16] [INFO]         259    54121.42     3        68.269     19.0068    19.0068    3.59       NO      
[2026-05-17 16:12:16] [INFO]         260    53932.01     20       32.356     5.0088     5.0088     6.46       YES     
[2026-05-17 16:12:16] [INFO]         265    54168.12     10       80.778     12.0176    12.0176    6.72       YES     
[2026-05-17 16:12:16] [INFO]         266    54164.31     17       107.195    18.9471    18.9471    5.66       YES     
[2026-05-17 16:12:16] [INFO]         267    54162.19     18       72.948     13.9973    13.9973    5.21       YES     
[2026-05-17 16:12:16] [INFO]         269    54157.36     20       15.643     2.0451     2.0451     7.65       YES     
[2026-05-17 16:12:16] [INFO]         270    54097.58     20       85.155     13.8228    13.8228    6.16       YES     
[2026-05-17 16:12:16] [INFO]         271    54162.42     20       121.359    18.0407    18.0407    6.73       YES     
[2026-05-17 16:12:16] [INFO]         272    54176.35     4        135.580    12.4010    12.4010    10.93      YES     
[2026-05-17 16:12:16] [INFO]         273    54177.45     18       82.798     14.9846    14.9846    5.53       YES     
[2026-05-17 16:12:16] [INFO]         274    54177.38     20       119.255    19.1421    19.1421    6.23       YES     
[2026-05-17 16:12:16] [INFO]         275    54175.38     20       85.895     15.7593    15.7593    5.45       YES     
[2026-05-17 16:12:16] [INFO]         276    54160.25     20       108.268    21.4246    21.4246    5.05       YES     
[2026-05-17 16:12:16] [INFO]         278    54202.37     20       66.735     13.2875    13.2875    5.02       YES     
[2026-05-17 16:12:16] [INFO]         279    54177.33     20       26.570     6.8056     6.8056     3.90       NO      
[2026-05-17 16:12:16] [INFO]         282    54240.12     13       63.662     10.8775    10.8775    5.85       YES     
[2026-05-17 16:12:16] [INFO]         285    54176.49     20       90.661     15.8730    15.8730    5.71       YES     
[2026-05-17 16:12:16] [INFO]         289    54202.17     20       98.041     16.1975    16.1975    6.05       YES     
[2026-05-17 16:12:16] [INFO]         293    54246.30     20       121.233    21.5530    21.5530    5.62       YES     
[2026-05-17 16:12:16] [INFO]         296    54251.09     16       109.025    17.6369    17.6369    6.18       YES     
[2026-05-17 16:12:16] [INFO]         299    54260.92     3        71.263     25.6654    25.6654    2.78       NO      
[2026-05-17 16:12:16] [INFO]         ... Processed 300/1391 epochs
[2026-05-17 16:12:16] [INFO]         302    54254.97     20       114.827    19.4468    19.4468    5.90       YES     
[2026-05-17 16:12:16] [INFO]         304    54296.78     4        10.685     0.4823     0.4823     22.15      YES     
[2026-05-17 16:12:16] [INFO]         305    54243.12     20       85.840     16.9436    16.9436    5.07       YES     
[2026-05-17 16:12:16] [INFO]         307    54245.92     20       96.322     16.1436    16.1436    5.97       YES     
[2026-05-17 16:12:16] [INFO]         309    54243.16     20       72.527     13.9267    13.9267    5.21       YES     
[2026-05-17 16:12:16] [INFO]         312    54266.98     20       11.640     0.5148     0.5148     22.61      YES     
[2026-05-17 16:12:16] [INFO]         318    54247.91     20       127.267    21.6749    21.6749    5.87       YES     
[2026-05-17 16:12:16] [INFO]         319    54457.66     9        46.603     9.9713     9.9713     4.67       NO      
[2026-05-17 16:12:16] [INFO]         329    54456.71     20       39.587     9.0409     9.0409     4.38       NO      
[2026-05-17 16:12:16] [INFO]         330    54522.33     8        129.311    13.9150    13.9150    9.29       YES     
[2026-05-17 16:12:16] [INFO]         333    54465.51     20       90.653     12.5062    12.5062    7.25       YES     
[2026-05-17 16:12:16] [INFO]         334    54455.44     20       48.355     7.1428     7.1428     6.77       YES     
[2026-05-17 16:12:16] [INFO]         339    54601.92     3        221.762    99.9785    99.9785    2.22       NO      
[2026-05-17 16:12:16] [INFO]         342    54601.18     16       131.963    20.6617    20.6617    6.39       YES     
[2026-05-17 16:12:16] [INFO]         345    54570.21     20       107.536    19.6613    19.6613    5.47       YES     
[2026-05-17 16:12:16] [INFO]         348    54591.26     20       48.357     8.2782     8.2782     5.84       YES     
[2026-05-17 16:12:16] [INFO]         349    54603.08     3        33.826     13.3333    13.3333    2.54       NO      
[2026-05-17 16:12:16] [INFO]         ... Processed 350/1391 epochs
[2026-05-17 16:12:16] [INFO]         350    54589.14     20       100.794    16.8508    16.8508    5.98       YES     
[2026-05-17 16:12:16] [INFO]         353    54604.12     12       63.546     12.1503    12.1503    5.23       YES     
[2026-05-17 16:12:16] [INFO]         356    54603.13     20       99.495     18.6123    18.6123    5.35       YES     
[2026-05-17 16:12:16] [INFO]         357    54599.92     20       67.235     12.7381    12.7381    5.28       YES     
[2026-05-17 16:12:16] [INFO]         358    54602.20     20       129.026    18.7579    18.7579    6.88       YES     
[2026-05-17 16:12:16] [INFO]         359    54644.16     9        48.303     15.9256    15.9256    3.03       NO      
[2026-05-17 16:12:16] [INFO]         362    54656.00     15       74.094     11.5063    11.5063    6.44       YES     
[2026-05-17 16:12:16] [INFO]         364    54603.27     20       144.242    23.3240    23.3240    6.18       YES     
[2026-05-17 16:12:16] [INFO]         366    54714.64     3        57.743     7.9482     7.9482     7.26       YES     
[2026-05-17 16:12:16] [INFO]         367    54600.23     20       100.760    15.1939    15.1939    6.63       YES     
[2026-05-17 16:12:16] [INFO]         369    54715.84     1        44.091     0.0000     0.0000     0.00       NO      
[2026-05-17 16:12:16] [INFO]         373    54657.03     20       38.660     7.2149     7.2149     5.36       YES     
[2026-05-17 16:12:16] [INFO]         379    54822.51     2        61.503     36.4391    36.4391    1.69       NO      
[2026-05-17 16:12:16] [INFO]         385    54749.73     20       33.094     4.6351     4.6351     7.14       YES     
[2026-05-17 16:12:16] [INFO]         386    54822.35     6        27.512     5.1477     5.1477     5.34       YES     
[2026-05-17 16:12:16] [INFO]         389    54825.32     5        33.958     16.5727    16.5727    2.05       NO      
[2026-05-17 16:12:16] [INFO]         392    54824.44     12       32.089     6.0115     6.0115     5.34       YES     
[2026-05-17 16:12:16] [INFO]         393    54824.69     20       51.287     9.9064     9.9064     5.18       YES     
[2026-05-17 16:12:16] [INFO]         399    54884.23     8        131.641    34.1474    34.1474    3.86       NO      
[2026-05-17 16:12:16] [INFO]         ... Processed 400/1391 epochs
[2026-05-17 16:12:16] [INFO]         400    54937.29     3        19.800     0.3281     0.3281     60.35      YES     
[2026-05-17 16:12:16] [INFO]         404    54822.67     20       55.814     8.1979     8.1979     6.81       YES     
[2026-05-17 16:12:16] [INFO]         405    55070.95     10       8.260      0.3737     0.3737     22.10      YES     
[2026-05-17 16:12:16] [INFO]         406    54827.40     20       66.570     11.9486    11.9486    5.57       YES     
[2026-05-17 16:12:16] [INFO]         408    52621.57     3        10.600     2.1031     2.1031     5.04       YES     
[2026-05-17 16:12:16] [INFO]         409    54854.25     20       54.928     12.6481    12.6481    4.34       NO      
[2026-05-17 16:12:16] [INFO]         410    55320.20     20       119.035    19.6519    19.6519    6.06       YES     
[2026-05-17 16:12:16] [INFO]         411    55347.00     20       91.449     14.6584    14.6584    6.24       YES     
[2026-05-17 16:12:16] [INFO]         412    52649.57     13       11.786     1.8515     1.8515     6.37       YES     
[2026-05-17 16:12:16] [INFO]         414    54946.16     20       94.681     12.7512    12.7512    7.43       YES     
[2026-05-17 16:12:16] [INFO]         417    55065.97     20       17.098     2.2937     2.2937     7.45       YES     
[2026-05-17 16:12:16] [INFO]         418    55070.87     20       17.482     2.0437     2.0437     8.55       YES     
[2026-05-17 16:12:16] [INFO]         419    52882.72     1        7.448      0.0000     0.0000     0.00       NO      
[2026-05-17 16:12:16] [INFO]         425    52975.50     16       21.749     2.2914     2.2914     9.49       YES     
[2026-05-17 16:12:16] [INFO]         426    52880.66     20       27.977     4.1548     4.1548     6.73       YES     
[2026-05-17 16:12:16] [INFO]         428    52891.84     20       19.265     3.8249     3.8249     5.04       YES     
[2026-05-17 16:12:16] [INFO]         429    53129.97     1        16.195     0.0000     0.0000     0.00       NO      
[2026-05-17 16:12:17] [INFO]         432    53146.17     20       152.241    23.1804    23.1804    6.57       YES     
[2026-05-17 16:12:17] [INFO]         434    53129.24     20       51.921     9.7061     9.7061     5.35       YES     
[2026-05-17 16:12:17] [INFO]         436    53175.87     20       77.164     11.4909    11.4909    6.72       YES     
[2026-05-17 16:12:17] [INFO]         437    53201.87     20       55.015     10.2472    10.2472    5.37       YES     
[2026-05-17 16:12:17] [INFO]         438    53229.89     9        77.613     15.1795    15.1795    5.11       YES     
[2026-05-17 16:12:17] [INFO]         439    53176.90     20       51.159     13.3892    13.3892    3.82       NO      
[2026-05-17 16:12:17] [INFO]         440    53230.80     20       101.049    13.4394    13.4394    7.52       YES     
[2026-05-17 16:12:17] [INFO]         447    53260.61     20       27.757     4.5161     4.5161     6.15       YES     
[2026-05-17 16:12:17] [INFO]         448    53231.70     20       57.523     7.2133     7.2133     7.97       YES     
[2026-05-17 16:12:17] [INFO]         449    53218.76     20       59.237     17.9015    17.9015    3.31       NO      
[2026-05-17 16:12:17] [INFO]         ... Processed 450/1391 epochs
[2026-05-17 16:12:17] [INFO]         452    53262.79     20       35.916     6.4526     6.4526     5.57       YES     
[2026-05-17 16:12:17] [INFO]         453    53337.47     2        16.244     0.1349     0.1349     120.38     YES     
[2026-05-17 16:12:17] [INFO]         458    53485.09     12       62.989     12.0498    12.0498    5.23       YES     
[2026-05-17 16:12:17] [INFO]         459    53575.06     20       41.556     8.5746     8.5746     4.85       NO      
[2026-05-17 16:12:17] [INFO]         461    53576.01     16       79.924     12.1246    12.1246    6.59       YES     
[2026-05-17 16:12:17] [INFO]         462    53375.52     20       49.931     6.1540     6.1540     8.11       YES     
[2026-05-17 16:12:17] [INFO]         464    53614.84     13       76.462     14.7941    14.7941    5.17       YES     
[2026-05-17 16:12:17] [INFO]         465    53614.79     12       46.222     8.2004     8.2004     5.64       YES     
[2026-05-17 16:12:17] [INFO]         466    53484.08     20       99.972     17.5583    17.5583    5.69       YES     
[2026-05-17 16:12:17] [INFO]         469    53647.81     8        30.922     7.4001     7.4001     4.18       NO      
[2026-05-17 16:12:17] [INFO]         472    53647.72     18       33.892     5.9174     5.9174     5.73       YES     
[2026-05-17 16:12:17] [INFO]         474    53616.80     20       77.926     10.9303    10.9303    7.13       YES     
[2026-05-17 16:12:17] [INFO]         479    53647.86     10       30.209     7.1866     7.1866     4.20       NO      
[2026-05-17 16:12:17] [INFO]         481    53766.36     20       45.983     5.3260     5.3260     8.63       YES     
[2026-05-17 16:12:17] [INFO]         483    53605.75     20       10.559     1.3061     1.3061     8.08       YES     
[2026-05-17 16:12:17] [INFO]         484    52648.47     20       8.153      0.7731     0.7731     10.55      YES     
[2026-05-17 16:12:17] [INFO]         486    53688.59     20       8.130      0.9786     0.9786     8.31       YES     
[2026-05-17 16:12:17] [INFO]         488    53725.54     20       8.891      0.2042     0.2042     43.54      YES     
[2026-05-17 16:12:17] [INFO]         489    54085.42     1        65.015     0.0000     0.0000     0.00       NO      
[2026-05-17 16:12:17] [INFO]         491    54097.58     15       20.515     3.6366     3.6366     5.64       YES     
[2026-05-17 16:12:17] [INFO]         494    54119.32     6        11.336     0.4519     0.4519     25.09      YES     
[2026-05-17 16:12:17] [INFO]         495    53957.83     20       11.704     1.1423     1.1423     10.25      YES     
[2026-05-17 16:12:17] [INFO]         496    54174.13     12       90.123     17.2258    17.2258    5.23       YES     
[2026-05-17 16:12:17] [INFO]         497    54203.11     16       20.759     2.8649     2.8649     7.25       YES     
[2026-05-17 16:12:17] [INFO]         498    54222.36     7        106.189    14.4628    14.4628    7.34       YES     
[2026-05-17 16:12:17] [INFO]         499    54245.92     20       68.900     13.8022    13.8022    4.99       NO      
[2026-05-17 16:12:17] [INFO]         ... Processed 500/1391 epochs
[2026-05-17 16:12:17] [INFO]         506    54520.38     20       22.864     3.1081     3.1081     7.36       YES     
[2026-05-17 16:12:17] [INFO]         508    54752.76     2        15.417     0.2965     0.2965     52.00      YES     
[2026-05-17 16:12:17] [INFO]         509    54455.44     20       16.529     3.4975     3.4975     4.73       NO      
[2026-05-17 16:12:17] [INFO]         510    54753.74     2        6.375      0.2990     0.2990     21.32      YES     
[2026-05-17 16:12:17] [INFO]         511    54750.72     20       16.290     3.1167     3.1167     5.23       YES     
[2026-05-17 16:12:17] [INFO]         512    54457.57     20       25.788     2.0647     2.0647     12.49      YES     
[2026-05-17 16:12:17] [INFO]         514    54822.56     17       26.654     3.7554     3.7554     7.10       YES     
[2026-05-17 16:12:17] [INFO]         519    54936.23     20       28.043     3.4960     3.4960     8.02       YES     
[2026-05-17 16:12:17] [INFO]         523    54972.18     20       79.122     7.8157     7.8157     10.12      YES     
[2026-05-17 16:12:17] [INFO]         524    55109.82     20       17.233     2.9615     2.9615     5.82       YES     
[2026-05-17 16:12:17] [INFO]         527    55111.79     20       42.287     5.5640     5.5640     7.60       YES     
[2026-05-17 16:12:17] [INFO]         529    55294.02     9        22.288     5.0544     5.0544     4.41       NO      
[2026-05-17 16:12:17] [INFO]         530    55108.65     20       43.160     7.8735     7.8735     5.48       YES     
[2026-05-17 16:12:17] [INFO]         531    55242.34     20       24.969     3.3954     3.3954     7.35       YES     
[2026-05-17 16:12:17] [INFO]         534    55363.29     20       16.542     2.5567     2.5567     6.47       YES     
[2026-05-17 16:12:17] [INFO]         536    55111.64     20       4.799      0.0270     0.0270     177.67     YES     
[2026-05-17 16:12:17] [INFO]         537    55410.88     20       11.955     1.6701     1.6701     7.16       YES     
[2026-05-17 16:12:17] [INFO]         538    55408.79     20       9.351      0.5125     0.5125     18.25      YES     
[2026-05-17 16:12:17] [INFO]         539    55408.90     20       6.677      0.8603     0.8603     7.76       YES     
[2026-05-17 16:12:17] [INFO]         540    55409.11     20       9.751      1.6677     1.6677     5.85       YES     
[2026-05-17 16:12:17] [INFO]         541    55410.74     20       9.309      0.6033     0.6033     15.43      YES     
[2026-05-17 16:12:17] [INFO]         542    55408.81     20       7.466      0.9756     0.9756     7.65       YES     
[2026-05-17 16:12:17] [INFO]         543    55411.84     20       10.996     0.5326     0.5326     20.65      YES     
[2026-05-17 16:12:17] [INFO]         544    55409.09     20       9.518      1.4483     1.4483     6.57       YES     
[2026-05-17 16:12:17] [INFO]         546    55409.86     20       8.098      0.6956     0.6956     11.64      YES     
[2026-05-17 16:12:17] [INFO]         548    55407.73     20       11.168     1.1770     1.1770     9.49       YES     
[2026-05-17 16:12:17] [INFO]         549    55410.84     20       9.900      1.3994     1.3994     7.07       YES     
[2026-05-17 16:12:17] [INFO]         ... Processed 550/1391 epochs
[2026-05-17 16:12:17] [INFO]         551    55509.73     20       6.066      0.9853     0.9853     6.16       YES     
[2026-05-17 16:12:17] [INFO]         552    55412.85     20       15.002     1.9262     1.9262     7.79       YES     
[2026-05-17 16:12:17] [INFO]         556    55595.58     3        29.834     2.2775     2.2775     13.10      YES     
[2026-05-17 16:12:17] [INFO]         558    55595.37     7        17.299     2.8294     2.8294     6.11       YES     
[2026-05-17 16:12:17] [INFO]         559    55596.53     1        17.291     0.0000     0.0000     0.00       NO      
[2026-05-17 16:12:17] [INFO]         560    55596.46     6        23.686     3.9672     3.9672     5.97       YES     
[2026-05-17 16:12:17] [INFO]         561    55596.41     9        21.935     3.3557     3.3557     6.54       YES     
[2026-05-17 16:12:17] [INFO]         562    55509.75     20       8.645      1.5252     1.5252     5.67       YES     
[2026-05-17 16:12:17] [INFO]         563    55599.43     3        10.181     1.2998     1.2998     7.83       YES     
[2026-05-17 16:12:17] [INFO]         564    55509.76     20       7.562      1.3199     1.3199     5.73       YES     
[2026-05-17 16:12:17] [INFO]         566    55595.55     20       20.173     2.8968     2.8968     6.96       YES     
[2026-05-17 16:12:17] [INFO]         567    55662.06     4        13.931     1.2697     1.2697     10.97      YES     
[2026-05-17 16:12:17] [INFO]         568    55412.87     20       16.681     2.4578     2.4578     6.79       YES     
[2026-05-17 16:12:17] [INFO]         569    55662.20     20       20.360     3.2371     3.2371     6.29       YES     
[2026-05-17 16:12:17] [INFO]         571    55595.35     20       15.661     2.5439     2.5439     6.16       YES     
[2026-05-17 16:12:17] [INFO]         572    55596.51     20       12.037     2.0316     2.0316     5.92       YES     
[2026-05-17 16:12:17] [INFO]         573    55509.57     20       6.327      1.0400     1.0400     6.08       YES     
[2026-05-17 16:12:17] [INFO]         574    55595.49     20       10.833     2.0952     2.0952     5.17       YES     
[2026-05-17 16:12:17] [INFO]         576    55662.33     20       36.854     5.3827     5.3827     6.85       YES     
[2026-05-17 16:12:17] [INFO]         578    55725.22     20       30.404     4.0113     4.0113     7.58       YES     
[2026-05-17 16:12:17] [INFO]         579    55595.57     20       11.624     1.7777     1.7777     6.54       YES     
[2026-05-17 16:12:17] [INFO]         583    55754.18     17       24.692     3.9979     3.9979     6.18       YES     
[2026-05-17 16:12:17] [INFO]         586    55662.38     20       12.181     2.0484     2.0484     5.95       YES     
[2026-05-17 16:12:17] [INFO]         587    55752.88     13       17.692     2.6318     2.6318     6.72       YES     
[2026-05-17 16:12:17] [INFO]         588    55599.45     20       11.075     1.6785     1.6785     6.60       YES     
[2026-05-17 16:12:17] [INFO]         589    55773.76     8        12.062     3.8721     3.8721     3.12       NO      
[2026-05-17 16:12:17] [INFO]         592    55751.95     20       11.585     1.3661     1.3661     8.48       YES     
[2026-05-17 16:12:17] [INFO]         593    55849.50     20       11.478     1.6440     1.6440     6.98       YES     
[2026-05-17 16:12:17] [INFO]         597    56005.22     20       19.005     2.9099     2.9099     6.53       YES     
[2026-05-17 16:12:17] [INFO]         598    55915.70     20       5.010      1.0020     1.0020     5.00       YES     
[2026-05-17 16:12:17] [INFO]         599    55816.70     16       12.039     1.7492     1.7492     6.88       YES     
[2026-05-17 16:12:17] [INFO]         ... Processed 600/1391 epochs
[2026-05-17 16:12:17] [INFO]         600    55931.59     20       8.279      1.3671     1.3671     6.06       YES     
[2026-05-17 16:12:17] [INFO]         601    56095.04     14       23.185     2.9305     2.9305     7.91       YES     
[2026-05-17 16:12:17] [INFO]         602    55915.51     20       7.341      1.0609     1.0609     6.92       YES     
[2026-05-17 16:12:17] [INFO]         605    56220.59     20       10.982     1.5322     1.5322     7.17       YES     
[2026-05-17 16:12:17] [INFO]         606    56220.63     20       11.151     1.6567     1.6567     6.73       YES     
[2026-05-17 16:12:17] [INFO]         607    56282.48     14       8.417      1.2978     1.2978     6.49       YES     
[2026-05-17 16:12:17] [INFO]         608    56220.62     20       13.221     1.2336     1.2336     10.72      YES     
[2026-05-17 16:12:17] [INFO]         609    56220.75     20       8.005      1.1845     1.1845     6.76       YES     
[2026-05-17 16:12:17] [INFO]         610    56220.79     20       9.863      1.7860     1.7860     5.52       YES     
[2026-05-17 16:12:17] [INFO]         611    56049.97     20       9.924      1.8037     1.8037     5.50       YES     
[2026-05-17 16:12:17] [INFO]         613    56220.74     20       5.627      1.0180     1.0180     5.53       YES     
[2026-05-17 16:12:17] [INFO]         614    56305.47     20       9.282      1.4614     1.4614     6.35       YES     
[2026-05-17 16:12:17] [INFO]         615    56393.06     20       18.187     2.0934     2.0934     8.69       YES     
[2026-05-17 16:12:18] [INFO]         618    56393.19     20       8.482      1.6274     1.6274     5.21       YES     
[2026-05-17 16:12:18] [INFO]         619    56393.16     20       5.384      0.6574     0.6574     8.19       YES     
[2026-05-17 16:12:18] [INFO]         620    56115.02     20       13.236     1.6592     1.6592     7.98       YES     
[2026-05-17 16:12:18] [INFO]         621    56393.21     20       15.137     2.9284     2.9284     5.17       YES     
[2026-05-17 16:12:18] [INFO]         622    56393.22     20       16.445     2.6838     2.6838     6.13       YES     
[2026-05-17 16:12:18] [INFO]         624    56412.26     15       29.424     4.7125     4.7125     6.24       YES     
[2026-05-17 16:12:18] [INFO]         625    56396.21     20       11.854     2.0922     2.0922     5.67       YES     
[2026-05-17 16:12:18] [INFO]         626    56393.27     20       17.985     3.4596     3.4596     5.20       YES     
[2026-05-17 16:12:18] [INFO]         629    56528.77     3        3.503      1.3657     1.3657     2.57       NO      
[2026-05-17 16:12:18] [INFO]         632    56463.97     12       13.002     2.3386     2.3386     5.56       YES     
[2026-05-17 16:12:18] [INFO]         634    56529.01     20       6.277      1.0176     1.0176     6.17       YES     
[2026-05-17 16:12:18] [INFO]         635    56424.25     20       9.160      1.3520     1.3520     6.78       YES     
[2026-05-17 16:12:18] [INFO]         636    56561.69     20       7.000      1.2889     1.2889     5.43       YES     
[2026-05-17 16:12:18] [INFO]         637    56561.87     20       9.586      1.6883     1.6883     5.68       YES     
[2026-05-17 16:12:18] [INFO]         638    55728.31     20       14.650     2.6028     2.6028     5.63       YES     
[2026-05-17 16:12:18] [INFO]         639    56561.83     20       7.715      1.3234     1.3234     5.83       YES     
[2026-05-17 16:12:18] [INFO]         640    56561.62     20       7.198      1.4323     1.4323     5.03       YES     
[2026-05-17 16:12:18] [INFO]         641    56561.66     20       8.809      1.5751     1.5751     5.59       YES     
[2026-05-17 16:12:18] [INFO]         647    56484.98     20       12.658     1.6131     1.6131     7.85       YES     
[2026-05-17 16:12:18] [INFO]         648    56561.77     20       7.768      1.4096     1.4096     5.51       YES     
[2026-05-17 16:12:18] [INFO]         649    56561.90     20       2.299      0.0128     0.0128     179.81     YES     
[2026-05-17 16:12:18] [INFO]         ... Processed 650/1391 epochs
[2026-05-17 16:12:18] [INFO]         651    56762.40     10       32.228     5.4590     5.4590     5.90       YES     
[2026-05-17 16:12:18] [INFO]         652    56561.97     20       9.072      1.3430     1.3430     6.75       YES     
[2026-05-17 16:12:18] [INFO]         655    56828.18     10       23.841     4.7473     4.7473     5.02       YES     
[2026-05-17 16:12:18] [INFO]         656    56813.89     3        23.964     3.2775     3.2775     7.31       YES     
[2026-05-17 16:12:18] [INFO]         657    56762.43     20       12.628     2.1688     2.1688     5.82       YES     
[2026-05-17 16:12:18] [INFO]         659    56762.39     20       14.679     3.1456     3.1456     4.67       NO      
[2026-05-17 16:12:18] [INFO]         660    56797.15     16       12.427     2.2855     2.2855     5.44       YES     
[2026-05-17 16:12:18] [INFO]         661    56796.24     20       16.020     2.9357     2.9357     5.46       YES     
[2026-05-17 16:12:18] [INFO]         663    56762.36     20       12.898     2.4081     2.4081     5.36       YES     
[2026-05-17 16:12:18] [INFO]         664    56852.85     10       22.362     3.3674     3.3674     6.64       YES     
[2026-05-17 16:12:18] [INFO]         665    56740.35     20       15.385     2.0711     2.0711     7.43       YES     
[2026-05-17 16:12:18] [INFO]         666    56762.30     20       19.648     3.6501     3.6501     5.38       YES     
[2026-05-17 16:12:18] [INFO]         667    56946.79     2        6.500      0.5807     0.5807     11.19      YES     
[2026-05-17 16:12:18] [INFO]         668    56829.20     14       11.444     1.9285     1.9285     5.93       YES     
[2026-05-17 16:12:18] [INFO]         669    56992.43     9        9.642      2.7873     2.7873     3.46       NO      
[2026-05-17 16:12:18] [INFO]         670    56944.59     2        2.356      0.3181     0.3181     7.41       YES     
[2026-05-17 16:12:18] [INFO]         671    56940.88     12       10.414     1.8676     1.8676     5.58       YES     
[2026-05-17 16:12:18] [INFO]         672    56624.49     20       9.422      1.7729     1.7729     5.31       YES     
[2026-05-17 16:12:18] [INFO]         675    57188.00     18       16.998     2.4868     2.4868     6.84       YES     
[2026-05-17 16:12:18] [INFO]         676    57263.05     20       16.174     2.6099     2.6099     6.20       YES     
[2026-05-17 16:12:18] [INFO]         677    57055.40     20       14.094     2.5337     2.5337     5.56       YES     
[2026-05-17 16:12:18] [INFO]         679    57225.93     20       15.646     2.5603     2.5603     6.11       YES     
[2026-05-17 16:12:18] [INFO]         680    57224.78     20       17.497     2.2137     2.2137     7.90       YES     
[2026-05-17 16:12:18] [INFO]         681    57223.91     20       17.005     2.4657     2.4657     6.90       YES     
[2026-05-17 16:12:18] [INFO]         682    57323.95     15       10.225     1.5929     1.5929     6.42       YES     
[2026-05-17 16:12:18] [INFO]         683    56926.68     20       8.328      1.1026     1.1026     7.55       YES     
[2026-05-17 16:12:18] [INFO]         684    57416.57     6        12.587     1.2183     1.2183     10.33      YES     
[2026-05-17 16:12:18] [INFO]         686    57301.87     20       8.688      1.5004     1.5004     5.79       YES     
[2026-05-17 16:12:18] [INFO]         687    57441.40     20       14.522     1.7320     1.7320     8.38       YES     
[2026-05-17 16:12:18] [INFO]         688    57377.43     20       9.880      1.3073     1.3073     7.56       YES     
[2026-05-17 16:12:18] [INFO]         689    57346.58     20       6.513      0.4745     0.4745     13.73      YES     
[2026-05-17 16:12:18] [INFO]         691    56989.54     20       4.676      0.8351     0.8351     5.60       YES     
[2026-05-17 16:12:18] [INFO]         692    57454.30     16       16.434     2.1375     2.1375     7.69       YES     
[2026-05-17 16:12:18] [INFO]         693    57495.09     20       18.921     2.5241     2.5241     7.50       YES     
[2026-05-17 16:12:18] [INFO]         694    57397.38     15       7.167      1.0178     1.0178     7.04       YES     
[2026-05-17 16:12:18] [INFO]         696    57523.03     7        19.609     3.7824     3.7824     5.18       YES     
[2026-05-17 16:12:18] [INFO]         697    57580.02     20       12.539     1.9033     1.9033     6.59       YES     
[2026-05-17 16:12:18] [INFO]         699    57441.32     20       11.573     2.1369     2.1369     5.42       YES     
[2026-05-17 16:12:18] [INFO]         ... Processed 700/1391 epochs
[2026-05-17 16:12:18] [INFO]         701    57612.76     3        2.471      0.3201     0.3201     7.72       YES     
[2026-05-17 16:12:18] [INFO]         703    57514.07     20       17.848     2.8373     2.8373     6.29       YES     
[2026-05-17 16:12:18] [INFO]         704    57515.08     20       26.625     2.8372     2.8372     9.38       YES     
[2026-05-17 16:12:18] [INFO]         706    57161.23     20       9.570      1.9046     1.9046     5.02       YES     
[2026-05-17 16:12:18] [INFO]         707    57264.74     20       6.262      1.0396     1.0396     6.02       YES     
[2026-05-17 16:12:18] [INFO]         708    57737.34     20       9.972      1.7470     1.7470     5.71       YES     
[2026-05-17 16:12:18] [INFO]         709    57615.05     20       7.462      1.7353     1.7353     4.30       NO      
[2026-05-17 16:12:18] [INFO]         711    57793.32     20       15.880     2.5492     2.5492     6.23       YES     
[2026-05-17 16:12:18] [INFO]         712    57335.81     20       8.012      1.4550     1.4550     5.51       YES     
[2026-05-17 16:12:18] [INFO]         715    57795.19     20       19.316     2.2875     2.2875     8.44       YES     
[2026-05-17 16:12:18] [INFO]         716    57795.23     20       14.997     2.7405     2.7405     5.47       YES     
[2026-05-17 16:12:18] [INFO]         717    57816.28     20       30.885     5.8675     5.8675     5.26       YES     
[2026-05-17 16:12:18] [INFO]         719    57846.07     20       20.021     3.1591     3.1591     6.34       YES     
[2026-05-17 16:12:18] [INFO]         720    57816.33     20       16.718     2.7198     2.7198     6.15       YES     
[2026-05-17 16:12:18] [INFO]         721    57858.16     20       13.020     2.0860     2.0860     6.24       YES     
[2026-05-17 16:12:18] [INFO]         722    57836.17     20       38.693     7.3409     7.3409     5.27       YES     
[2026-05-17 16:12:18] [INFO]         724    57846.30     20       20.675     2.9505     2.9505     7.01       YES     
[2026-05-17 16:12:18] [INFO]         726    57947.88     17       24.430     3.6231     3.6231     6.74       YES     
[2026-05-17 16:12:18] [INFO]         728    57929.13     20       23.421     4.2169     4.2169     5.55       YES     
[2026-05-17 16:12:18] [INFO]         729    57971.11     20       10.252     2.0891     2.0891     4.91       NO      
[2026-05-17 16:12:18] [INFO]         730    57873.12     20       22.706     3.3094     3.3094     6.86       YES     
[2026-05-17 16:12:18] [INFO]         731    57929.84     20       16.171     2.4341     2.4341     6.64       YES     
[2026-05-17 16:12:18] [INFO]         732    57988.97     20       22.837     4.1967     4.1967     5.44       YES     
[2026-05-17 16:12:18] [INFO]         734    58082.50     14       12.521     2.0927     2.0927     5.98       YES     
[2026-05-17 16:12:18] [INFO]         735    58096.52     3        5.191      0.7326     0.7326     7.09       YES     
[2026-05-17 16:12:18] [INFO]         737    58020.83     20       8.571      1.2816     1.2816     6.69       YES     
[2026-05-17 16:12:18] [INFO]         738    57727.46     20       9.161      1.0499     1.0499     8.73       YES     
[2026-05-17 16:12:18] [INFO]         739    58020.67     20       9.232      0.8563     0.8563     10.78      YES     
[2026-05-17 16:12:18] [INFO]         740    57842.24     20       21.110     2.9863     2.9863     7.07       YES     
[2026-05-17 16:12:18] [INFO]         741    58105.38     17       10.826     2.1161     2.1161     5.12       YES     
[2026-05-17 16:12:18] [INFO]         742    58223.09     10       13.649     1.3357     1.3357     10.22      YES     
[2026-05-17 16:12:18] [INFO]         746    58116.40     20       14.809     2.9194     2.9194     5.07       YES     
[2026-05-17 16:12:18] [INFO]         749    58223.10     20       15.539     3.1239     3.1239     4.97       NO      
[2026-05-17 16:12:18] [INFO]         ... Processed 750/1391 epochs
[2026-05-17 16:12:18] [INFO]         750    57931.18     20       15.672     2.1831     2.1831     7.18       YES     
[2026-05-17 16:12:18] [INFO]         753    58223.01     20       12.572     2.4789     2.4789     5.07       YES     
[2026-05-17 16:12:18] [INFO]         754    58223.08     20       13.549     2.3150     2.3150     5.85       YES     
[2026-05-17 16:12:18] [INFO]         755    58022.94     20       8.509      1.2688     1.2688     6.71       YES     
[2026-05-17 16:12:18] [INFO]         757    58223.19     20       16.302     2.5235     2.5235     6.46       YES     
[2026-05-17 16:12:18] [INFO]         759    58097.55     20       7.147      1.2150     1.2150     5.88       YES     
[2026-05-17 16:12:18] [INFO]         762    58255.28     20       17.886     2.2935     2.2935     7.80       YES     
[2026-05-17 16:12:18] [INFO]         763    58223.24     20       21.023     3.2750     3.2750     6.42       YES     
[2026-05-17 16:12:18] [INFO]         765    58223.21     20       17.875     2.1271     2.1271     8.40       YES     
[2026-05-17 16:12:18] [INFO]         767    58223.33     20       20.843     3.9729     3.9729     5.25       YES     
[2026-05-17 16:12:18] [INFO]         769    58325.89     2        14.101     3.8466     3.8466     3.67       NO      
[2026-05-17 16:12:18] [INFO]         770    58223.36     20       12.759     2.4836     2.4836     5.14       YES     
[2026-05-17 16:12:18] [INFO]         772    58444.52     20       13.905     1.7990     1.7990     7.73       YES     
[2026-05-17 16:12:18] [INFO]         773    58478.52     17       19.505     3.6070     3.6070     5.41       YES     
[2026-05-17 16:12:18] [INFO]         774    58326.89     20       15.128     2.2461     2.2461     6.74       YES     
[2026-05-17 16:12:18] [INFO]         777    58304.02     20       11.898     1.5420     1.5420     7.72       YES     
[2026-05-17 16:12:18] [INFO]         778    58442.54     20       12.741     2.4591     2.4591     5.18       YES     
[2026-05-17 16:12:18] [INFO]         779    58481.40     16       14.805     3.6596     3.6596     4.05       NO      
[2026-05-17 16:12:18] [INFO]         780    58584.05     20       29.682     1.3371     1.3371     22.20      YES     
[2026-05-17 16:12:18] [INFO]         783    58482.50     20       24.770     4.1892     4.1892     5.91       YES     
[2026-05-17 16:12:18] [INFO]         784    58500.42     20       13.322     2.4348     2.4348     5.47       YES     
[2026-05-17 16:12:18] [INFO]         785    58390.96     20       7.668      1.3225     1.3225     5.80       YES     
[2026-05-17 16:12:18] [INFO]         786    58691.80     20       25.453     3.4935     3.4935     7.29       YES     
[2026-05-17 16:12:18] [INFO]         787    58651.89     20       25.974     4.5229     4.5229     5.74       YES     
[2026-05-17 16:12:18] [INFO]         788    58681.86     20       24.531     4.0688     4.0688     6.03       YES     
[2026-05-17 16:12:18] [INFO]         789    58204.42     20       7.703      1.4201     1.4201     5.42       YES     
[2026-05-17 16:12:18] [INFO]         791    58627.26     20       27.627     4.9292     4.9292     5.60       YES     
[2026-05-17 16:12:18] [INFO]         797    57268.91     20       10.910     1.6217     1.6217     6.73       YES     
[2026-05-17 16:12:19] [INFO]         799    58623.94     20       26.954     4.7396     4.7396     5.69       YES     
[2026-05-17 16:12:19] [INFO]         ... Processed 800/1391 epochs
[2026-05-17 16:12:19] [INFO]         800    57264.74     20       10.076     1.2608     1.2608     7.99       YES     
[2026-05-17 16:12:19] [INFO]         802    57466.22     2        42.120     7.8946     7.8946     5.34       YES     
[2026-05-17 16:12:19] [INFO]         803    57304.68     20       6.529      1.2013     1.2013     5.44       YES     
[2026-05-17 16:12:19] [INFO]         806    57570.90     20       39.998     6.0326     6.0326     6.63       YES     
[2026-05-17 16:12:19] [INFO]         808    57323.95     20       9.337      1.2975     1.2975     7.20       YES     
[2026-05-17 16:12:19] [INFO]         809    57523.03     20       34.003     6.9491     6.9491     4.89       NO      
[2026-05-17 16:12:19] [INFO]         812    57301.82     20       6.372      1.0141     1.0141     6.28       YES     
[2026-05-17 16:12:19] [INFO]         815    57793.32     20       25.784     3.2172     3.2172     8.01       YES     
[2026-05-17 16:12:19] [INFO]         816    57737.34     20       10.994     1.8260     1.8260     6.02       YES     
[2026-05-17 16:12:19] [INFO]         817    57727.46     20       7.668      1.2978     1.2978     5.91       YES     
[2026-05-17 16:12:19] [INFO]         818    57563.04     20       9.657      1.4368     1.4368     6.72       YES     
[2026-05-17 16:12:19] [INFO]         819    57758.43     20       14.281     2.5116     2.5116     5.69       YES     
[2026-05-17 16:12:19] [INFO]         820    57842.05     12       16.277     2.8102     2.8102     5.79       YES     
[2026-05-17 16:12:19] [INFO]         821    57737.40     20       10.397     1.6582     1.6582     6.27       YES     
[2026-05-17 16:12:19] [INFO]         827    57846.07     20       14.955     1.9277     1.9277     7.76       YES     
[2026-05-17 16:12:19] [INFO]         829    57946.08     1        15.492     0.0000     0.0000     0.00       NO      
[2026-05-17 16:12:19] [INFO]         833    57929.84     20       14.162     2.2202     2.2202     6.38       YES     
[2026-05-17 16:12:19] [INFO]         834    58082.50     16       5.584      0.9093     0.9093     6.14       YES     
[2026-05-17 16:12:19] [INFO]         836    58042.56     20       11.470     1.4698     1.4698     7.80       YES     
[2026-05-17 16:12:19] [INFO]         838    58096.52     12       8.610      1.3371     1.3371     6.44       YES     
[2026-05-17 16:12:19] [INFO]         839    58105.38     19       6.833      1.2881     1.2881     5.31       YES     
[2026-05-17 16:12:19] [INFO]         840    58097.55     15       9.359      1.8605     1.8605     5.03       YES     
[2026-05-17 16:12:19] [INFO]         841    57931.18     20       16.528     2.4800     2.4800     6.66       YES     
[2026-05-17 16:12:19] [INFO]         843    57871.07     20       18.714     2.0541     2.0541     9.11       YES     
[2026-05-17 16:12:19] [INFO]         846    58186.30     7        22.629     3.9916     3.9916     5.67       YES     
[2026-05-17 16:12:19] [INFO]         849    58022.94     20       9.536      1.4888     1.4888     6.41       YES     
[2026-05-17 16:12:19] [INFO]         ... Processed 850/1391 epochs
[2026-05-17 16:12:19] [INFO]         850    58223.13     14       17.189     2.6407     2.6407     6.51       YES     
[2026-05-17 16:12:19] [INFO]         852    58095.42     20       7.463      0.8946     0.8946     8.34       YES     
[2026-05-17 16:12:19] [INFO]         854    58223.04     20       9.343      1.5988     1.5988     5.84       YES     
[2026-05-17 16:12:19] [INFO]         856    58204.42     20       16.153     2.8176     2.8176     5.73       YES     
[2026-05-17 16:12:19] [INFO]         857    58223.23     15       12.109     2.0413     2.0413     5.93       YES     
[2026-05-17 16:12:19] [INFO]         859    58223.10     20       20.805     2.8746     2.8746     7.24       YES     
[2026-05-17 16:12:19] [INFO]         864    57612.76     20       6.005      0.9846     0.9846     6.10       YES     
[2026-05-17 16:12:19] [INFO]         869    58304.02     1        7.827      0.0000     0.0000     0.00       NO      
[2026-05-17 16:12:19] [INFO]         871    58223.08     20       18.056     2.6792     2.6792     6.74       YES     
[2026-05-17 16:12:19] [INFO]         872    58223.32     20       18.626     3.0051     3.0051     6.20       YES     
[2026-05-17 16:12:19] [INFO]         873    58223.27     20       15.690     2.9635     2.9635     5.29       YES     
[2026-05-17 16:12:19] [INFO]         875    58187.25     20       20.014     2.9382     2.9382     6.81       YES     
[2026-05-17 16:12:19] [INFO]         877    58223.36     20       10.617     1.5588     1.5588     6.81       YES     
[2026-05-17 16:12:19] [INFO]         879    58444.52     1        6.159      0.0000     0.0000     0.00       NO      
[2026-05-17 16:12:19] [INFO]         880    58390.91     4        16.827     3.1232     3.1232     5.39       YES     
[2026-05-17 16:12:19] [INFO]         883    58464.59     20       7.982      1.3642     1.3642     5.85       YES     
[2026-05-17 16:12:19] [INFO]         884    58326.89     20       10.960     1.8094     1.8094     6.06       YES     
[2026-05-17 16:12:19] [INFO]         887    58602.23     20       30.438     5.3133     5.3133     5.73       YES     
[2026-05-17 16:12:19] [INFO]         888    58390.96     20       7.300      1.1656     1.1656     6.26       YES     
[2026-05-17 16:12:19] [INFO]         889    58501.48     20       27.698     3.8884     3.8884     7.12       YES     
[2026-05-17 16:12:19] [INFO]         891    54177.33     9        17.951     3.4153     3.4153     5.26       YES     
[2026-05-17 16:12:19] [INFO]         892    58485.47     20       22.883     4.2646     4.2646     5.37       YES     
[2026-05-17 16:12:19] [INFO]         893    58558.27     20       9.438      0.8626     0.8626     10.94      YES     
[2026-05-17 16:12:19] [INFO]         895    58564.25     20       20.728     3.1616     3.1616     6.56       YES     
[2026-05-17 16:12:19] [INFO]         896    58584.09     20       22.746     2.7221     2.7221     8.36       YES     
[2026-05-17 16:12:19] [INFO]         897    58325.89     20       10.686     1.8279     1.8279     5.85       YES     
[2026-05-17 16:12:19] [INFO]         898    54247.13     12       41.792     5.6124     5.6124     7.45       YES     
[2026-05-17 16:12:19] [INFO]         899    54244.95     20       22.907     3.6249     3.6249     6.32       YES     
[2026-05-17 16:12:19] [INFO]         ... Processed 900/1391 epochs
[2026-05-17 16:12:19] [INFO]         900    54244.97     20       25.089     4.8604     4.8604     5.16       YES     
[2026-05-17 16:12:19] [INFO]         901    54249.93     20       11.346     1.8193     1.8193     6.24       YES     
[2026-05-17 16:12:19] [INFO]         902    54248.94     20       22.191     4.3717     4.3717     5.08       YES     
[2026-05-17 16:12:19] [INFO]         903    54254.97     20       32.310     5.2764     5.2764     6.12       YES     
[2026-05-17 16:12:19] [INFO]         905    54411.68     15       2.372      0.3233     0.3233     7.34       YES     
[2026-05-17 16:12:19] [INFO]         907    54244.99     20       22.134     3.2773     3.2773     6.75       YES     
[2026-05-17 16:12:19] [INFO]         908    54458.66     15       4.658      0.8294     0.8294     5.62       YES     
[2026-05-17 16:12:19] [INFO]         909    54410.82     20       1.876      0.4087     0.4087     4.59       NO      
[2026-05-17 16:12:19] [INFO]         910    54253.98     20       31.579     4.1009     4.1009     7.70       YES     
[2026-05-17 16:12:19] [INFO]         911    54243.16     20       25.972     4.3085     4.3085     6.03       YES     
[2026-05-17 16:12:19] [INFO]         912    54376.60     20       2.519      0.4124     0.4124     6.11       YES     
[2026-05-17 16:12:19] [INFO]         913    54521.55     9        24.155     4.4596     4.4596     5.42       YES     
[2026-05-17 16:12:19] [INFO]         915    54381.61     20       2.243      0.4076     0.4076     5.50       YES     
[2026-05-17 16:12:19] [INFO]         918    54519.31     20       21.922     2.7238     2.7238     8.05       YES     
[2026-05-17 16:12:19] [INFO]         919    54602.20     4        8.141      3.3210     3.3210     2.45       NO      
[2026-05-17 16:12:19] [INFO]         920    54601.27     20       6.901      1.0242     1.0242     6.74       YES     
[2026-05-17 16:12:19] [INFO]         921    54604.06     6        4.843      0.9524     0.9524     5.08       YES     
[2026-05-17 16:12:19] [INFO]         922    54459.38     20       3.704      0.7199     0.7199     5.15       YES     
[2026-05-17 16:12:19] [INFO]         923    54605.26     15       27.643     4.1846     4.1846     6.61       YES     
[2026-05-17 16:12:19] [INFO]         925    54458.71     20       5.106      0.5379     0.5379     9.49       YES     
[2026-05-17 16:12:19] [INFO]         926    54631.25     20       23.380     4.3189     4.3189     5.41       YES     
[2026-05-17 16:12:19] [INFO]         927    54458.44     20       3.311      0.5465     0.5465     6.06       YES     
[2026-05-17 16:12:19] [INFO]         929    54520.32     20       11.484     1.8309     1.8309     6.27       YES     
[2026-05-17 16:12:19] [INFO]         930    55271.23     3        44.957     5.5779     5.5779     8.06       YES     
[2026-05-17 16:12:19] [INFO]         932    55147.45     13       3.273      0.4730     0.4730     6.92       YES     
[2026-05-17 16:12:19] [INFO]         933    54012.57     10       12.663     2.4019     2.4019     5.27       YES     
[2026-05-17 16:12:19] [INFO]         934    54013.62     20       7.154      0.6093     0.6093     11.74      YES     
[2026-05-17 16:12:19] [INFO]         935    54466.36     20       19.582     3.5892     3.5892     5.46       YES     
[2026-05-17 16:12:19] [INFO]         938    55205.29     20       13.660     2.1661     2.1661     6.31       YES     
[2026-05-17 16:12:19] [INFO]         939    54588.21     20       5.708      1.6729     1.6729     3.41       NO      
[2026-05-17 16:12:19] [INFO]         940    55231.38     20       5.217      0.6668     0.6668     7.82       YES     
[2026-05-17 16:12:19] [INFO]         941    54601.18     20       5.614      0.8103     0.8103     6.93       YES     
[2026-05-17 16:12:19] [INFO]         942    54598.10     20       5.681      0.4489     0.4489     12.65      YES     
[2026-05-17 16:12:19] [INFO]         944    54654.91     20       21.128     3.6990     3.6990     5.71       YES     
[2026-05-17 16:12:19] [INFO]         946    54655.96     20       29.410     5.0195     5.0195     5.86       YES     
[2026-05-17 16:12:19] [INFO]         947    54661.08     14       19.352     2.6321     2.6321     7.35       YES     
[2026-05-17 16:12:19] [INFO]         949    54751.54     1        4.972      0.0000     0.0000     0.00       NO      
[2026-05-17 16:12:19] [INFO]         ... Processed 950/1391 epochs
[2026-05-17 16:12:19] [INFO]         950    54717.87     14       4.350      0.3883     0.3883     11.20      YES     
[2026-05-17 16:12:19] [INFO]         952    54655.05     20       18.073     3.5447     3.5447     5.10       YES     
[2026-05-17 16:12:19] [INFO]         953    54716.63     20       3.625      0.5769     0.5769     6.28       YES     
[2026-05-17 16:12:19] [INFO]         956    54751.85     20       47.685     7.2921     7.2921     6.54       YES     
[2026-05-17 16:12:19] [INFO]         957    54751.84     20       55.456     8.7626     8.7626     6.33       YES     
[2026-05-17 16:12:19] [INFO]         959    54716.73     20       4.801      0.7199     0.7199     6.67       YES     
[2026-05-17 16:12:19] [INFO]         961    54659.17     20       19.043     3.5503     3.5503     5.36       YES     
[2026-05-17 16:12:19] [INFO]         962    54717.67     20       3.014      0.5466     0.5466     5.51       YES     
[2026-05-17 16:12:20] [INFO]         969    55034.22     20       24.790     3.7102     3.7102     6.68       YES     
[2026-05-17 16:12:20] [INFO]         970    54823.38     20       2.262      0.3779     0.3779     5.99       YES     
[2026-05-17 16:12:20] [INFO]         974    54983.12     20       24.265     4.7201     4.7201     5.14       YES     
[2026-05-17 16:12:20] [INFO]         979    55113.59     6        33.177     8.6394     8.6394     3.84       NO      
[2026-05-17 16:12:20] [INFO]         980    55133.83     15       6.661      1.2835     1.2835     5.19       YES     
[2026-05-17 16:12:20] [INFO]         982    54941.08     20       14.384     2.7328     2.7328     5.26       YES     
[2026-05-17 16:12:20] [INFO]         983    55186.40     16       19.028     3.7171     3.7171     5.12       YES     
[2026-05-17 16:12:20] [INFO]         985    54939.01     20       7.818      1.5235     1.5235     5.13       YES     
[2026-05-17 16:12:20] [INFO]         988    55201.44     20       13.845     2.5481     2.5481     5.43       YES     
[2026-05-17 16:12:20] [INFO]         989    55231.38     20       17.071     2.1785     2.1785     7.84       YES     
[2026-05-17 16:12:20] [INFO]         991    55239.42     20       15.675     2.7399     2.7399     5.72       YES     
[2026-05-17 16:12:20] [INFO]         994    55238.18     20       20.297     3.2131     3.2131     6.32       YES     
[2026-05-17 16:12:20] [INFO]         995    55239.25     20       15.762     2.7862     2.7862     5.66       YES     
[2026-05-17 16:12:20] [INFO]         997    55244.28     20       21.592     3.1097     3.1097     6.94       YES     
[2026-05-17 16:12:20] [INFO]         998    55070.87     20       12.289     2.0128     2.0128     6.11       YES     
[2026-05-17 16:12:20] [INFO]         999    55349.92     1        29.034     0.0000     0.0000     0.00       NO      
[2026-05-17 16:12:20] [INFO]         ... Processed 1000/1391 epochs
[2026-05-17 16:12:20] [INFO]         1000   55272.11     20       42.638     5.3560     5.3560     7.96       YES     
[2026-05-17 16:12:20] [INFO]         1003   55300.23     20       28.467     4.7191     4.7191     6.03       YES     
[2026-05-17 16:12:20] [INFO]         1009   55553.57     6        14.890     2.9171     2.9171     5.10       YES     
[2026-05-17 16:12:20] [INFO]         1010   55492.80     20       36.955     5.2540     5.2540     7.03       YES     
[2026-05-17 16:12:20] [INFO]         1012   55296.18     20       24.025     4.6165     4.6165     5.20       YES     
[2026-05-17 16:12:20] [INFO]         1014   55595.24     3        2.351      0.2766     0.2766     8.50       YES     
[2026-05-17 16:12:20] [INFO]         1016   55595.31     2        24.314     3.8468     3.8468     6.32       YES     
[2026-05-17 16:12:20] [INFO]         1019   55595.49     6        22.134     9.1142     9.1142     2.43       NO      
[2026-05-17 16:12:20] [INFO]         1023   55582.40     20       14.200     2.5720     2.5720     5.52       YES     
[2026-05-17 16:12:20] [INFO]         1025   55596.40     20       68.839     9.2820     9.2820     7.42       YES     
[2026-05-17 16:12:20] [INFO]         1027   55570.27     20       12.906     2.4528     2.4528     5.26       YES     
[2026-05-17 16:12:20] [INFO]         1029   55243.19     20       7.707      2.0368     2.0368     3.78       NO      
[2026-05-17 16:12:20] [INFO]         1033   55661.25     20       6.388      0.8301     0.8301     7.70       YES     
[2026-05-17 16:12:20] [INFO]         1034   55662.13     20       93.409     11.1656    11.1656    8.37       YES     
[2026-05-17 16:12:20] [INFO]         1035   55662.37     20       83.711     11.8423    11.8423    7.07       YES     
[2026-05-17 16:12:20] [INFO]         1037   55662.26     20       64.662     11.9269    11.9269    5.42       YES     
[2026-05-17 16:12:20] [INFO]         1038   55661.28     20       6.676      1.1980     1.1980     5.57       YES     
[2026-05-17 16:12:20] [INFO]         1039   55774.84     10       83.793     20.4749    20.4749    4.09       NO      
[2026-05-17 16:12:20] [INFO]         1048   55915.56     16       11.478     2.2687     2.2687     5.06       YES     
[2026-05-17 16:12:20] [INFO]         1049   55988.27     4        10.613     7.1270     7.1270     1.49       NO      
[2026-05-17 16:12:20] [INFO]         ... Processed 1050/1391 epochs
[2026-05-17 16:12:20] [INFO]         1050   55832.73     20       17.820     2.3539     2.3539     7.57       YES     
[2026-05-17 16:12:20] [INFO]         1051   55832.92     20       14.724     2.2858     2.2858     6.44       YES     
[2026-05-17 16:12:20] [INFO]         1059   56220.50     3        13.824     5.3339     5.3339     2.59       NO      
[2026-05-17 16:12:20] [INFO]         1069   56220.68     20       47.304     8.6761     8.6761     5.45       YES     
[2026-05-17 16:12:20] [INFO]         1072   56220.76     6        4.695      0.0470     0.0470     99.92      YES     
[2026-05-17 16:12:20] [INFO]         1074   55916.32     20       8.150      1.5736     1.5736     5.18       YES     
[2026-05-17 16:12:20] [INFO]         1075   56223.66     14       10.153     1.0103     1.0103     10.05      YES     
[2026-05-17 16:12:20] [INFO]         1076   56050.99     20       37.499     5.7272     5.7272     6.55       YES     
[2026-05-17 16:12:20] [INFO]         1077   56220.90     18       10.998     2.0512     2.0512     5.36       YES     
[2026-05-17 16:12:20] [INFO]         1079   56282.48     20       9.222      1.6538     1.6538     5.58       YES     
[2026-05-17 16:12:20] [INFO]         1080   56220.87     20       9.738      1.7735     1.7735     5.49       YES     
[2026-05-17 16:12:20] [INFO]         1083   56250.52     20       12.894     2.1013     2.1013     6.14       YES     
[2026-05-17 16:12:20] [INFO]         1084   56095.10     20       6.613      0.9423     0.9423     7.02       YES     
[2026-05-17 16:12:20] [INFO]         1087   56484.98     15       24.090     4.4303     4.4303     5.44       YES     
[2026-05-17 16:12:20] [INFO]         1089   56528.91     20       14.372     2.2593     2.2593     6.36       YES     
[2026-05-17 16:12:20] [INFO]         1092   56428.94     20       29.031     5.1300     5.1300     5.66       YES     
[2026-05-17 16:12:20] [INFO]         1093   56561.77     6        7.894      0.9710     0.9710     8.13       YES     
[2026-05-17 16:12:20] [INFO]         1095   56093.14     20       21.567     3.6674     3.6674     5.88       YES     
[2026-05-17 16:12:20] [INFO]         1099   56561.92     3        3.965      1.4286     1.4286     2.78       NO      
[2026-05-17 16:12:20] [INFO]         ... Processed 1100/1391 epochs
[2026-05-17 16:12:20] [INFO]         1100   56563.63     3        4.673      0.0319     0.0319     146.28     YES     
[2026-05-17 16:12:20] [INFO]         1103   56429.18     20       29.735     5.6029     5.6029     5.31       YES     
[2026-05-17 16:12:20] [INFO]         1105   56561.97     10       15.283     2.9333     2.9333     5.21       YES     
[2026-05-17 16:12:20] [INFO]         1106   56561.57     20       11.040     2.0056     2.0056     5.50       YES     
[2026-05-17 16:12:20] [INFO]         1109   55296.13     20       17.617     4.5923     4.5923     3.84       NO      
[2026-05-17 16:12:20] [INFO]         1110   56093.19     20       18.631     3.6902     3.6902     5.05       YES     
[2026-05-17 16:12:20] [INFO]         1111   56530.96     20       8.833      1.7505     1.7505     5.05       YES     
[2026-05-17 16:12:20] [INFO]         1113   56762.36     6        25.932     3.5015     3.5015     7.41       YES     
[2026-05-17 16:12:20] [INFO]         1117   56752.22     20       20.426     3.9698     3.9698     5.15       YES     
[2026-05-17 16:12:20] [INFO]         1118   56762.40     15       33.454     4.6823     4.6823     7.14       YES     
[2026-05-17 16:12:20] [INFO]         1119   56762.32     19       22.720     4.9573     4.9573     4.58       NO      
[2026-05-17 16:12:20] [INFO]         1121   56763.26     18       34.997     6.1440     6.1440     5.70       YES     
[2026-05-17 16:12:20] [INFO]         1122   54751.54     3        3.673      0.0000     0.0000     11978069480296828.00 YES     
[2026-05-17 16:12:20] [INFO]         1124   54751.56     12       4.823      0.7182     0.7182     6.72       YES     
[2026-05-17 16:12:20] [INFO]         1125   56667.40     20       6.894      1.0809     1.0809     6.38       YES     
[2026-05-17 16:12:20] [INFO]         1129   54757.54     20       11.250     1.7631     1.7631     6.38       YES     
[2026-05-17 16:12:20] [INFO]         1132   56763.05     20       34.147     4.8779     4.8779     7.00       YES     
[2026-05-17 16:12:20] [INFO]         1136   54691.90     20       3.473      0.6578     0.6578     5.28       YES     
[2026-05-17 16:12:20] [INFO]         1137   56624.49     20       8.556      1.4950     1.4950     5.72       YES     
[2026-05-17 16:12:21] [INFO]         1139   54882.38     13       5.288      1.2472     1.2472     4.24       NO      
[2026-05-17 16:12:21] [INFO]         1143   55053.75     20       13.258     2.4815     2.4815     5.34       YES     
[2026-05-17 16:12:21] [INFO]         1144   54827.58     20       3.276      0.6536     0.6536     5.01       YES     
[2026-05-17 16:12:21] [INFO]         1146   55065.87     20       14.018     2.7349     2.7349     5.13       YES     
[2026-05-17 16:12:21] [INFO]         1147   54932.06     20       28.563     4.3331     4.3331     6.59       YES     
[2026-05-17 16:12:21] [INFO]         1149   54763.69     20       3.332      0.6565     0.6565     5.08       YES     
[2026-05-17 16:12:21] [INFO]         ... Processed 1150/1391 epochs
[2026-05-17 16:12:21] [INFO]         1151   54947.31     20       8.821      1.2450     1.2450     7.09       YES     
[2026-05-17 16:12:21] [INFO]         1152   55133.83     15       8.641      1.1611     1.1611     7.44       YES     
[2026-05-17 16:12:21] [INFO]         1153   55070.93     20       3.036      0.4621     0.4621     6.57       YES     
[2026-05-17 16:12:21] [INFO]         1155   55238.18     14       17.915     3.0596     3.0596     5.86       YES     
[2026-05-17 16:12:21] [INFO]         1159   55239.42     20       18.121     3.8556     3.8556     4.70       NO      
[2026-05-17 16:12:21] [INFO]         1162   55203.41     20       2.865      0.4693     0.4693     6.11       YES     
[2026-05-17 16:12:21] [INFO]         1164   55189.45     20       17.820     3.1312     3.1312     5.69       YES     
[2026-05-17 16:12:21] [INFO]         1166   55244.28     20       16.237     2.5062     2.5062     6.48       YES     
[2026-05-17 16:12:21] [INFO]         1168   55065.78     20       15.095     2.3802     2.3802     6.34       YES     
[2026-05-17 16:12:21] [INFO]         1169   55388.19     10       7.560      1.5099     1.5099     5.01       YES     
[2026-05-17 16:12:21] [INFO]         1170   55366.03     9        6.210      0.9327     0.9327     6.66       YES     
[2026-05-17 16:12:21] [INFO]         1172   55310.98     20       7.024      1.0710     1.0710     6.56       YES     
[2026-05-17 16:12:21] [INFO]         1174   55508.57     5        2.045      0.3167     0.3167     6.46       YES     
[2026-05-17 16:12:21] [INFO]         1176   55595.26     3        4.609      0.6138     0.6138     7.51       YES     
[2026-05-17 16:12:21] [INFO]         1179   55529.42     12       2.200      0.5585     0.5585     3.94       NO      
[2026-05-17 16:12:21] [INFO]         1182   55298.17     20       6.915      1.2523     1.2523     5.52       YES     
[2026-05-17 16:12:21] [INFO]         1183   55596.44     13       13.538     2.5348     2.5348     5.34       YES     
[2026-05-17 16:12:21] [INFO]         1187   55231.38     20       3.817      0.6389     0.6389     5.97       YES     
[2026-05-17 16:12:21] [INFO]         1189   55595.30     20       3.729      0.6150     0.6150     6.06       YES     
[2026-05-17 16:12:21] [INFO]         1191   55599.44     20       12.758     2.3549     2.3549     5.42       YES     
[2026-05-17 16:12:21] [INFO]         1192   55661.30     13       6.604      0.9543     0.9543     6.92       YES     
[2026-05-17 16:12:21] [INFO]         1193   55662.38     17       29.180     4.7720     4.7720     6.11       YES     
[2026-05-17 16:12:21] [INFO]         1194   55596.54     20       5.411      0.5109     0.5109     10.59      YES     
[2026-05-17 16:12:21] [INFO]         1196   55596.41     20       3.106      0.3815     0.3815     8.14       YES     
[2026-05-17 16:12:21] [INFO]         1197   55662.20     20       5.765      0.7527     0.7527     7.66       YES     
[2026-05-17 16:12:21] [INFO]         1199   55734.88     20       17.927     3.4202     3.4202     5.24       YES     
[2026-05-17 16:12:21] [INFO]         ... Processed 1200/1391 epochs
[2026-05-17 16:12:21] [INFO]         1200   55661.25     20       5.572      0.8648     0.8648     6.44       YES     
[2026-05-17 16:12:21] [INFO]         1202   55349.92     20       10.480     1.4972     1.4972     7.00       YES     
[2026-05-17 16:12:21] [INFO]         1207   55725.26     20       4.236      0.7235     0.7235     5.85       YES     
[2026-05-17 16:12:21] [INFO]         1208   55832.92     20       13.591     2.5303     2.5303     5.37       YES     
[2026-05-17 16:12:21] [INFO]         1209   55832.73     20       9.364      1.7167     1.7167     5.45       YES     
[2026-05-17 16:12:21] [INFO]         1210   55761.09     20       28.273     5.6366     5.6366     5.02       YES     
[2026-05-17 16:12:21] [INFO]         1215   55988.24     19       31.153     5.4640     5.4640     5.70       YES     
[2026-05-17 16:12:21] [INFO]         1216   55725.23     20       4.411      0.5784     0.5784     7.63       YES     
[2026-05-17 16:12:21] [INFO]         1218   55987.31     20       5.152      0.8641     0.8641     5.96       YES     
[2026-05-17 16:12:21] [INFO]         1219   56220.55     1        2.949      0.0000     0.0000     0.00       NO      
[2026-05-17 16:12:21] [INFO]         1220   55724.90     20       5.296      0.5063     0.5063     10.46      YES     
[2026-05-17 16:12:21] [INFO]         1221   56005.46     20       5.730      1.1125     1.1125     5.15       YES     
[2026-05-17 16:12:21] [INFO]         1229   56220.86     7        16.854     6.3088     6.3088     2.67       NO      
[2026-05-17 16:12:21] [INFO]         1231   55897.46     20       7.466      0.9075     0.9075     8.23       YES     
[2026-05-17 16:12:21] [INFO]         1232   56249.54     14       2.934      0.5243     0.5243     5.60       YES     
[2026-05-17 16:12:21] [INFO]         1233   56283.45     9        4.167      0.7514     0.7514     5.55       YES     
[2026-05-17 16:12:21] [INFO]         1236   56138.02     20       4.368      0.8435     0.8435     5.18       YES     
[2026-05-17 16:12:21] [INFO]         1237   55884.66     20       10.784     1.9512     1.9512     5.53       YES     
[2026-05-17 16:12:21] [INFO]         1238   56220.59     20       2.398      0.3788     0.3788     6.33       YES     
[2026-05-17 16:12:21] [INFO]         1239   56424.25     9        42.645     7.5420     7.5420     5.65       YES     
[2026-05-17 16:12:21] [INFO]         1240   56424.00     5        8.405      1.6103     1.6103     5.22       YES     
[2026-05-17 16:12:21] [INFO]         1241   56328.42     20       4.219      0.6254     0.6254     6.75       YES     
[2026-05-17 16:12:21] [INFO]         1242   55298.22     20       7.860      1.0369     1.0369     7.58       YES     
[2026-05-17 16:12:21] [INFO]         1243   55916.32     20       12.394     2.2201     2.2201     5.58       YES     
[2026-05-17 16:12:21] [INFO]         1244   56250.52     20       12.552     2.3758     2.3758     5.28       YES     
[2026-05-17 16:12:21] [INFO]         1246   55334.99     20       25.539     3.3455     3.3455     7.63       YES     
[2026-05-17 16:12:21] [INFO]         1247   56484.98     19       24.921     3.9488     3.9488     6.31       YES     
[2026-05-17 16:12:21] [INFO]         1249   56561.71     2        34.858     2.0509     2.0509     17.00      YES     
[2026-05-17 16:12:21] [INFO]         ... Processed 1250/1391 epochs
[2026-05-17 16:12:21] [INFO]         1252   56561.88     6        13.424     2.4045     2.4045     5.58       YES     
[2026-05-17 16:12:21] [INFO]         1253   56320.23     20       17.095     2.4941     2.4941     6.85       YES     
[2026-05-17 16:12:21] [INFO]         1254   56561.78     20       14.911     2.6685     2.6685     5.59       YES     
[2026-05-17 16:12:21] [INFO]         1256   56561.91     6        18.598     3.6768     3.6768     5.06       YES     
[2026-05-17 16:12:21] [INFO]         1257   56428.94     20       31.990     5.5832     5.5832     5.73       YES     
[2026-05-17 16:12:21] [INFO]         1258   56429.18     11       34.780     6.1341     6.1341     5.67       YES     
[2026-05-17 16:12:21] [INFO]         1259   56561.90     20       11.876     1.7373     1.7373     6.84       YES     
[2026-05-17 16:12:21] [INFO]         1262   56564.75     11       2.372      0.4136     0.4136     5.74       YES     
[2026-05-17 16:12:21] [INFO]         1269   56687.34     20       21.719     3.4036     3.4036     6.38       YES     
[2026-05-17 16:12:21] [INFO]         1271   56592.77     20       1.983      0.3076     0.3076     6.45       YES     
[2026-05-17 16:12:21] [INFO]         1272   56739.17     20       21.266     2.4461     2.4461     8.69       YES     
[2026-05-17 16:12:21] [INFO]         1274   56762.40     20       31.082     5.8312     5.8312     5.33       YES     
[2026-05-17 16:12:21] [INFO]         1275   56645.40     20       4.278      0.5695     0.5695     7.51       YES     
[2026-05-17 16:12:21] [INFO]         1276   56477.07     20       11.683     1.8475     1.8475     6.32       YES     
[2026-05-17 16:12:21] [INFO]         1278   56590.60     20       14.068     2.5000     2.5000     5.63       YES     
[2026-05-17 16:12:21] [INFO]         1279   56924.68     20       4.374      0.3910     0.3910     11.19      YES     
[2026-05-17 16:12:21] [INFO]         1280   56320.33     20       16.002     2.8837     2.8837     5.55       YES     
[2026-05-17 16:12:21] [INFO]         1281   56624.49     20       8.214      1.3495     1.3495     6.09       YES     
[2026-05-17 16:12:21] [INFO]         1284   56763.26     20       4.986      0.9827     0.9827     5.07       YES     
[2026-05-17 16:12:21] [INFO]         1285   57129.09     19       21.134     4.1899     4.1899     5.04       YES     
[2026-05-17 16:12:21] [INFO]         1286   56989.54     20       10.132     1.8661     1.8661     5.43       YES     
[2026-05-17 16:12:21] [INFO]         1289   57055.31     20       13.573     2.2789     2.2789     5.96       YES     
[2026-05-17 16:12:21] [INFO]         1291   57218.07     20       3.285      0.4483     0.4483     7.33       YES     
[2026-05-17 16:12:21] [INFO]         1293   57188.00     20       21.395     3.6843     3.6843     5.81       YES     
[2026-05-17 16:12:21] [INFO]         1294   57052.30     20       3.958      0.7123     0.7123     5.56       YES     
[2026-05-17 16:12:21] [INFO]         1299   56944.59     20       14.127     2.2849     2.2849     6.18       YES     
[2026-05-17 16:12:21] [INFO]         ... Processed 1300/1391 epochs
[2026-05-17 16:12:21] [INFO]         1302   57416.57     3        16.767     1.2269     1.2269     13.67      YES     
[2026-05-17 16:12:21] [INFO]         1305   56992.65     20       2.518      0.2620     0.2620     9.61       YES     
[2026-05-17 16:12:21] [INFO]         1307   57335.81     20       15.420     2.6409     2.6409     5.84       YES     
[2026-05-17 16:12:21] [INFO]         1309   57055.40     20       15.020     3.7015     3.7015     4.06       NO      
[2026-05-17 16:12:21] [INFO]         1310   57268.91     20       7.345      1.3291     1.3291     5.53       YES     
[2026-05-17 16:12:21] [INFO]         1317   57706.62     20       6.033      1.1642     1.1642     5.18       YES     
[2026-05-17 16:12:21] [INFO]         1318   57708.62     20       3.915      0.5153     0.5153     7.60       YES     
[2026-05-17 16:12:21] [INFO]         1319   57612.76     20       9.283      2.4886     2.4886     3.73       NO      
[2026-05-17 16:12:21] [INFO]         1321   57705.45     20       5.281      0.9482     0.9482     5.57       YES     
[2026-05-17 16:12:21] [INFO]         1322   57440.37     20       20.605     3.9912     3.9912     5.16       YES     
[2026-05-17 16:12:21] [INFO]         1323   57627.78     20       13.973     2.3904     2.3904     5.85       YES     
[2026-05-17 16:12:21] [INFO]         1324   57586.11     20       6.279      1.0471     1.0471     6.00       YES     
[2026-05-17 16:12:21] [INFO]         1326   57737.45     20       14.436     1.9613     1.9613     7.36       YES     
[2026-05-17 16:12:21] [INFO]         1328   57842.15     9        34.201     6.6122     6.6122     5.17       YES     
[2026-05-17 16:12:21] [INFO]         1329   57929.89     1        0.594      0.0000     0.0000     0.00       NO      
[2026-05-17 16:12:22] [INFO]         1330   57931.18     20       22.052     3.6792     3.6792     5.99       YES     
[2026-05-17 16:12:22] [INFO]         1331   57575.02     20       5.329      0.7934     0.7934     6.72       YES     
[2026-05-17 16:12:22] [INFO]         1332   57816.28     20       4.256      0.8508     0.8508     5.00       YES     
[2026-05-17 16:12:22] [INFO]         1333   57930.21     20       6.850      0.8865     0.8865     7.73       YES     
[2026-05-17 16:12:22] [INFO]         1335   57757.35     20       14.674     2.1183     2.1183     6.93       YES     
[2026-05-17 16:12:22] [INFO]         1339   57488.13     20       14.140     3.3428     3.3428     4.23       NO      
[2026-05-17 16:12:22] [INFO]         1342   58114.48     20       13.139     2.4383     2.4383     5.39       YES     
[2026-05-17 16:12:22] [INFO]         1346   58223.08     2        37.138     4.7839     4.7839     7.76       YES     
[2026-05-17 16:12:22] [INFO]         1349   58223.21     3        6.031      1.7138     1.7138     3.52       NO      
[2026-05-17 16:12:22] [INFO]         ... Processed 1350/1391 epochs
[2026-05-17 16:12:22] [INFO]         1350   58223.18     3        18.359     1.1765     1.1765     15.61      YES     
[2026-05-17 16:12:22] [INFO]         1351   57929.84     20       5.320      0.7481     0.7481     7.11       YES     
[2026-05-17 16:12:22] [INFO]         1354   58116.46     20       22.201     4.2358     4.2358     5.24       YES     
[2026-05-17 16:12:22] [INFO]         1356   57988.77     20       15.428     2.9376     2.9376     5.25       YES     
[2026-05-17 16:12:22] [INFO]         1359   58268.93     3        7.541      1.1682     1.1682     6.46       YES     
[2026-05-17 16:12:22] [INFO]         1360   58223.35     12       24.642     4.3017     4.3017     5.73       YES     
[2026-05-17 16:12:22] [INFO]         1361   58097.55     20       12.838     1.8623     1.8623     6.89       YES     
[2026-05-17 16:12:22] [INFO]         1362   58260.01     20       24.948     3.7827     3.7827     6.60       YES     
[2026-05-17 16:12:22] [INFO]         1363   58302.97     4        21.584     2.1246     2.1246     10.16      YES     
[2026-05-17 16:12:22] [INFO]         1367   58186.30     20       23.739     3.4095     3.4095     6.96       YES     
[2026-05-17 16:12:22] [INFO]         1369   58346.81     3        4.616      0.4791     0.4791     9.63       YES     
[2026-05-17 16:12:22] [INFO]         1371   58325.89     18       23.162     3.7344     3.7344     6.20       YES     
[2026-05-17 16:12:22] [INFO]         1376   57842.24     20       29.363     5.2504     5.2504     5.59       YES     
[2026-05-17 16:12:22] [INFO]         1378   58453.55     3        7.610      0.4705     0.4705     16.18      YES     
[2026-05-17 16:12:22] [INFO]         1379   58478.40     12       16.630     2.8641     2.8641     5.81       YES     
[2026-05-17 16:12:22] [INFO]         1385   58602.23     20       27.031     3.2709     3.2709     8.26       YES     
[2026-05-17 16:12:22] [INFO]         1386   58564.16     20       35.862     4.1488     4.1488     8.64       YES     
[2026-05-17 16:12:22] [INFO]         1387   58607.20     20       22.489     2.9230     2.9230     7.69       YES     
[2026-05-17 16:12:22] [INFO]         1388   58390.91     20       12.011     2.3772     2.3772     5.05       YES     
[2026-05-17 16:12:22] [INFO]         1389   58685.75     20       23.244     3.8303     3.8303     6.07       YES     
[2026-05-17 16:12:22] [INFO]         1390   58427.50     20       11.712     2.1275     2.1275     5.51       YES     
[2026-05-17 16:12:22] [INFO]         ------------------------------------------------------------------------------------------
[2026-05-17 16:12:22] [INFO]       
Analyzing epoch consistency...
[2026-05-17 16:12:22] [INFO]       
  [CONSISTENCY] Computing across 1391 valid epochs:
[2026-05-17 16:12:22] [INFO]           H_values range: [0.285, 230.455] ns
[2026-05-17 16:12:22] [INFO]           H_values mean: 28.057 ns
[2026-05-17 16:12:22] [INFO]           H_values std: 30.265 ns
[2026-05-17 16:12:22] [INFO]       
Multiple comparison correction:
[2026-05-17 16:12:22] [INFO]         Uncorrected threshold: 5.0sigma
[2026-05-17 16:12:22] [INFO]         Corrected threshold (α = 0.0000): 4.15sigma
[2026-05-17 16:12:22] [INFO]         Falsification threshold: 20% of epochs
[2026-05-17 16:12:22] [INFO]       
================================================================================
[2026-05-17 16:12:22] [INFO]       RESULTS
[2026-05-17 16:12:22] [INFO]       ================================================================================
[2026-05-17 16:12:22] [INFO]       
Epoch-|H| Statistics:
[2026-05-17 16:12:22] [INFO]         |H|_mean: 28.057 ns
[2026-05-17 16:12:22] [INFO]         |H|_std: 30.265 ns
[2026-05-17 16:12:22] [INFO]         |H|_median: 17.433 ns
[2026-05-17 16:12:22] [INFO]         CV: 1.079
[2026-05-17 16:12:22] [INFO]       
Significance (uncorrected 5sigma):
[2026-05-17 16:12:22] [INFO]         Significant epochs: 643/1391
[2026-05-17 16:12:22] [INFO]         Fraction: 46.2%
[2026-05-17 16:12:22] [INFO]         Falsified: False (threshold: 20%)
[2026-05-17 16:12:22] [INFO]       
Significance (corrected 4.15sigma):
[2026-05-17 16:12:22] [INFO]         Significant epochs: 455/1391
[2026-05-17 16:12:22] [INFO]         Fraction: 32.7%
[2026-05-17 16:12:22] [INFO]         Falsified: False (threshold: 20%)
[2026-05-17 16:12:22] [INFO]       
================================================================================
[2026-05-17 16:12:22] [INFO]       INTERPRETATION
[2026-05-17 16:12:22] [INFO]       ================================================================================
[2026-05-17 16:12:22] [INFO]       
[OK] NOT FALSIFIED: Epoch-level analysis shows consistent signal
[2026-05-17 16:12:22] [INFO]          More than 20% of epochs individually significant
[2026-05-17 16:12:22] [INFO]          This supports genuine TEP holonomy present in individual epochs
[2026-05-17 16:12:22] [INFO]          Recommendation: Strengthens detection validity
[2026-05-17 16:12:22] [INFO]       
Results saved to: /Users/matthewsmawfield/www/Temporal Equivalence Principle/TEP-J0437/results/step_021_epoch_level_analysis.json
[2026-05-17 16:12:22] [INFO]       
================================================================================
[2026-05-17 16:12:22] [INFO]       STEP 023 COMPLETED
[2026-05-17 16:12:22] [INFO]       ================================================================================
[2026-05-17 16:12:22] [INFO] ================================================================================
[2026-05-17 16:12:22] [INFO] STEP COMPLETED SUCCESSFULLY (7.7 seconds)
[2026-05-17 16:12:22] [INFO] ================================================================================
