[2026-05-15 13:18:13] [INFO] ================================================================================
[2026-05-15 13:18:13] [INFO] STEP step_027_alternative_selection_criteria STARTED
[2026-05-15 13:18:13] [INFO] Description: Alternative selection criteria analysis
[2026-05-15 13:18:13] [INFO] Physics: Stress-test conclusions under alternate caps on triplets per epoch and SNR gates
[2026-05-15 13:18:13] [INFO] Method: Replay aggregation under alternate deterministic and stochastic selection rules
[2026-05-15 13:18:13] [INFO] ================================================================================
[2026-05-15 13:18:13] [INFO]       ================================================================================================================================================================================================================================================
[2026-05-15 13:18:13] [INFO]       ================================================================================================================================================================================================================================================
[2026-05-15 13:18:13] [INFO]       Purpose: Test if Q4 dominance is due to current selection criteria
[2026-05-15 13:18:13] [INFO]       Loading epoch data...
[2026-05-15 13:18:13] [INFO]       Loaded 1391 epochs
[2026-05-15 13:18:13] [INFO]       Evaluating criteria...
[2026-05-15 13:18:14] [INFO]       ================================================================================
[2026-05-15 13:18:14] [INFO]       ================================================================================================================================================================================================================================================
[2026-05-15 13:18:14] [INFO]       ================================================================================
[2026-05-15 13:18:14] [INFO]       ================================================================================================================================================================================================================================================
[2026-05-15 13:18:14] [INFO]       ================================================================================
[2026-05-15 13:18:14] [INFO]       ================================================================================================================================================================================================================================================
[2026-05-15 13:18:14] [INFO]       Score: 1.020
[2026-05-15 13:18:14] [INFO]       Q4/Q123 ratio: 0.00x
[2026-05-15 13:18:14] [INFO]       n_triplets correlation: r = -0.020
[2026-05-15 13:18:14] [INFO]       Results saved to: /Users/matthewsmawfield/www/Temporal Equivalence Principle/TEP-J0437/results/step_029_alternative_selection_criteria.json
[2026-05-15 13:18:14] [INFO]       ================================================================================
[2026-05-15 13:18:14] [INFO]       ================================================================================================================================================================================================================================================
[2026-05-15 13:18:14] [INFO] ================================================================================
[2026-05-15 13:18:14] [INFO] STEP COMPLETED SUCCESSFULLY (0.2 seconds)
[2026-05-15 13:18:14] [INFO] ================================================================================
